Archive member included to satisfy reference by file (symbol)

/Applications/STM32CubeIDE.app/Contents/Eclipse/plugins/com.st.stm32cube.ide.mcu.externaltools.gnu-tools-for-stm32.14.3.rel1.macosaarch64_1.0.0.202602081740/tools/bin/../lib/gcc/arm-none-eabi/14.3.1/../../../../arm-none-eabi/lib/thumb/v7e-m+fp/hard/libc_nano.a(libc_a-exit.o)
                              /Applications/STM32CubeIDE.app/Contents/Eclipse/plugins/com.st.stm32cube.ide.mcu.externaltools.gnu-tools-for-stm32.14.3.rel1.macosaarch64_1.0.0.202602081740/tools/bin/../lib/gcc/arm-none-eabi/14.3.1/../../../../arm-none-eabi/lib/thumb/v7e-m+fp/hard/crt0.o (exit)
/Applications/STM32CubeIDE.app/Contents/Eclipse/plugins/com.st.stm32cube.ide.mcu.externaltools.gnu-tools-for-stm32.14.3.rel1.macosaarch64_1.0.0.202602081740/tools/bin/../lib/gcc/arm-none-eabi/14.3.1/../../../../arm-none-eabi/lib/thumb/v7e-m+fp/hard/libc_nano.a(libc_a-findfp.o)
                              ./Middlewares/Third_Party/FreeRTOS/Source/tasks.o (__sf)
/Applications/STM32CubeIDE.app/Contents/Eclipse/plugins/com.st.stm32cube.ide.mcu.externaltools.gnu-tools-for-stm32.14.3.rel1.macosaarch64_1.0.0.202602081740/tools/bin/../lib/gcc/arm-none-eabi/14.3.1/../../../../arm-none-eabi/lib/thumb/v7e-m+fp/hard/libc_nano.a(libc_a-fwalk.o)
                              /Applications/STM32CubeIDE.app/Contents/Eclipse/plugins/com.st.stm32cube.ide.mcu.externaltools.gnu-tools-for-stm32.14.3.rel1.macosaarch64_1.0.0.202602081740/tools/bin/../lib/gcc/arm-none-eabi/14.3.1/../../../../arm-none-eabi/lib/thumb/v7e-m+fp/hard/libc_nano.a(libc_a-findfp.o) (_fwalk_sglue)
/Applications/STM32CubeIDE.app/Contents/Eclipse/plugins/com.st.stm32cube.ide.mcu.externaltools.gnu-tools-for-stm32.14.3.rel1.macosaarch64_1.0.0.202602081740/tools/bin/../lib/gcc/arm-none-eabi/14.3.1/../../../../arm-none-eabi/lib/thumb/v7e-m+fp/hard/libc_nano.a(libc_a-memset.o)
                              /Applications/STM32CubeIDE.app/Contents/Eclipse/plugins/com.st.stm32cube.ide.mcu.externaltools.gnu-tools-for-stm32.14.3.rel1.macosaarch64_1.0.0.202602081740/tools/bin/../lib/gcc/arm-none-eabi/14.3.1/../../../../arm-none-eabi/lib/thumb/v7e-m+fp/hard/crt0.o (memset)
/Applications/STM32CubeIDE.app/Contents/Eclipse/plugins/com.st.stm32cube.ide.mcu.externaltools.gnu-tools-for-stm32.14.3.rel1.macosaarch64_1.0.0.202602081740/tools/bin/../lib/gcc/arm-none-eabi/14.3.1/../../../../arm-none-eabi/lib/thumb/v7e-m+fp/hard/libc_nano.a(libc_a-errno.o)
                              ./Core/Src/syscalls.o (__errno)
/Applications/STM32CubeIDE.app/Contents/Eclipse/plugins/com.st.stm32cube.ide.mcu.externaltools.gnu-tools-for-stm32.14.3.rel1.macosaarch64_1.0.0.202602081740/tools/bin/../lib/gcc/arm-none-eabi/14.3.1/../../../../arm-none-eabi/lib/thumb/v7e-m+fp/hard/libc_nano.a(libc_a-init.o)
                              /Applications/STM32CubeIDE.app/Contents/Eclipse/plugins/com.st.stm32cube.ide.mcu.externaltools.gnu-tools-for-stm32.14.3.rel1.macosaarch64_1.0.0.202602081740/tools/bin/../lib/gcc/arm-none-eabi/14.3.1/../../../../arm-none-eabi/lib/thumb/v7e-m+fp/hard/crt0.o (__libc_init_array)
/Applications/STM32CubeIDE.app/Contents/Eclipse/plugins/com.st.stm32cube.ide.mcu.externaltools.gnu-tools-for-stm32.14.3.rel1.macosaarch64_1.0.0.202602081740/tools/bin/../lib/gcc/arm-none-eabi/14.3.1/../../../../arm-none-eabi/lib/thumb/v7e-m+fp/hard/libc_nano.a(libc_a-lock.o)
                              /Applications/STM32CubeIDE.app/Contents/Eclipse/plugins/com.st.stm32cube.ide.mcu.externaltools.gnu-tools-for-stm32.14.3.rel1.macosaarch64_1.0.0.202602081740/tools/bin/../lib/gcc/arm-none-eabi/14.3.1/../../../../arm-none-eabi/lib/thumb/v7e-m+fp/hard/libc_nano.a(libc_a-findfp.o) (__retarget_lock_init_recursive)
/Applications/STM32CubeIDE.app/Contents/Eclipse/plugins/com.st.stm32cube.ide.mcu.externaltools.gnu-tools-for-stm32.14.3.rel1.macosaarch64_1.0.0.202602081740/tools/bin/../lib/gcc/arm-none-eabi/14.3.1/../../../../arm-none-eabi/lib/thumb/v7e-m+fp/hard/libc_nano.a(libc_a-reent.o)
                              ./Middlewares/Third_Party/FreeRTOS/Source/tasks.o (_reclaim_reent)
/Applications/STM32CubeIDE.app/Contents/Eclipse/plugins/com.st.stm32cube.ide.mcu.externaltools.gnu-tools-for-stm32.14.3.rel1.macosaarch64_1.0.0.202602081740/tools/bin/../lib/gcc/arm-none-eabi/14.3.1/../../../../arm-none-eabi/lib/thumb/v7e-m+fp/hard/libc_nano.a(libc_a-impure.o)
                              ./Middlewares/Third_Party/FreeRTOS/Source/tasks.o (_impure_ptr)
/Applications/STM32CubeIDE.app/Contents/Eclipse/plugins/com.st.stm32cube.ide.mcu.externaltools.gnu-tools-for-stm32.14.3.rel1.macosaarch64_1.0.0.202602081740/tools/bin/../lib/gcc/arm-none-eabi/14.3.1/../../../../arm-none-eabi/lib/thumb/v7e-m+fp/hard/libc_nano.a(libc_a-memcpy-stub.o)
                              ./Middlewares/Third_Party/FreeRTOS/Source/CMSIS_RTOS_V2/cmsis_os2.o (memcpy)
[...]
Memory Configuration

Name             Origin             Length             Attributes
CCMRAM           0x10000000         0x00010000         xrw
RAM              0x20000000         0x00030000         xrw
FLASH            0x08000000         0x00200000         xr
*default*        0x00000000         0xffffffff

Linker script and memory map

LOAD /Applications/STM32CubeIDE.app/Contents/Eclipse/plugins/com.st.stm32cube.ide.mcu.externaltools.gnu-tools-for-stm32.14.3.rel1.macosaarch64_1.0.0.202602081740/tools/bin/../lib/gcc/arm-none-eabi/14.3.1/thumb/v7e-m+fp/hard/crti.o
LOAD /Applications/STM32CubeIDE.app/Contents/Eclipse/plugins/com.st.stm32cube.ide.mcu.externaltools.gnu-tools-for-stm32.14.3.rel1.macosaarch64_1.0.0.202602081740/tools/bin/../lib/gcc/arm-none-eabi/14.3.1/thumb/v7e-m+fp/hard/crtbegin.o
LOAD /Applications/STM32CubeIDE.app/Contents/Eclipse/plugins/com.st.stm32cube.ide.mcu.externaltools.gnu-tools-for-stm32.14.3.rel1.macosaarch64_1.0.0.202602081740/tools/bin/../lib/gcc/arm-none-eabi/14.3.1/../../../../arm-none-eabi/lib/thumb/v7e-m+fp/hard/crt0.o
LOAD ./Core/Src/adc.o
LOAD ./Core/Src/can.o
LOAD ./Core/Src/cmt_utils.o
LOAD ./Core/Src/dma.o
LOAD ./Core/Src/freertos.o
LOAD ./Core/Src/gpio.o
LOAD ./Core/Src/main.o
LOAD ./Core/Src/spi.o
LOAD ./Core/Src/stm32f4xx_hal_msp.o
LOAD ./Core/Src/stm32f4xx_hal_timebase_tim.o
LOAD ./Core/Src/stm32f4xx_it.o
LOAD ./Core/Src/syscalls.o
LOAD ./Core/Src/sysmem.o
LOAD ./Core/Src/system_stm32f4xx.o
LOAD ./Core/Src/tim.o
LOAD ./Core/Src/usart.o
LOAD ./Core/Src/app/RTD.o
LOAD ./Core/Src/app/calibration.o
LOAD ./Core/Src/app/handle_gui.o
LOAD ./Core/Src/app/inverter_control.o
LOAD ./Core/Src/app/log_vehicle_data.o
LOAD ./Core/Src/app/process_adc.o
LOAD ./Core/Src/app/process_can_msgs.o
LOAD ./Core/Src/app/process_pedals_data.o
LOAD ./Core/Src/app/state_control.o
LOAD ./Core/Src/app/vehicle_control.o
LOAD ./Core/Src/app/vehicle_fault_handler.o
LOAD ./Core/Src/config/amk_data_structs.o
LOAD ./Core/Src/config/vehicle_data_structs.o
LOAD ./Core/Src/drivers/adc_driver.o
LOAD ./Core/Src/drivers/can_driver.o
LOAD ./Core/Src/drivers/cmt_M95512.o
LOAD ./Core/Src/drivers/usart_driver.o
LOAD ./Core/Startup/startup_stm32f429zitx.o
LOAD ./Drivers/STM32F4xx_HAL_Driver/Src/stm32f4xx_hal.o
LOAD ./Drivers/STM32F4xx_HAL_Driver/Src/stm32f4xx_hal_adc.o
LOAD ./Drivers/STM32F4xx_HAL_Driver/Src/stm32f4xx_hal_adc_ex.o
LOAD ./Drivers/STM32F4xx_HAL_Driver/Src/stm32f4xx_hal_can.o
LOAD ./Drivers/STM32F4xx_HAL_Driver/Src/stm32f4xx_hal_cortex.o
LOAD ./Drivers/STM32F4xx_HAL_Driver/Src/stm32f4xx_hal_dma.o
LOAD ./Drivers/STM32F4xx_HAL_Driver/Src/stm32f4xx_hal_dma_ex.o
LOAD ./Drivers/STM32F4xx_HAL_Driver/Src/stm32f4xx_hal_exti.o
LOAD ./Drivers/STM32F4xx_HAL_Driver/Src/stm32f4xx_hal_flash.o
LOAD ./Drivers/STM32F4xx_HAL_Driver/Src/stm32f4xx_hal_flash_ex.o
LOAD ./Drivers/STM32F4xx_HAL_Driver/Src/stm32f4xx_hal_flash_ramfunc.o
LOAD ./Drivers/STM32F4xx_HAL_Driver/Src/stm32f4xx_hal_gpio.o
LOAD ./Drivers/STM32F4xx_HAL_Driver/Src/stm32f4xx_hal_pwr.o
LOAD ./Drivers/STM32F4xx_HAL_Driver/Src/stm32f4xx_hal_pwr_ex.o
LOAD ./Drivers/STM32F4xx_HAL_Driver/Src/stm32f4xx_hal_rcc.o
LOAD ./Drivers/STM32F4xx_HAL_Driver/Src/stm32f4xx_hal_rcc_ex.o
LOAD ./Drivers/STM32F4xx_HAL_Driver/Src/stm32f4xx_hal_spi.o
LOAD ./Drivers/STM32F4xx_HAL_Driver/Src/stm32f4xx_hal_tim.o
LOAD ./Drivers/STM32F4xx_HAL_Driver/Src/stm32f4xx_hal_tim_ex.o
LOAD ./Drivers/STM32F4xx_HAL_Driver/Src/stm32f4xx_hal_uart.o
LOAD ./Middlewares/Third_Party/FreeRTOS/Source/CMSIS_RTOS_V2/cmsis_os2.o
LOAD ./Middlewares/Third_Party/FreeRTOS/Source/croutine.o
LOAD ./Middlewares/Third_Party/FreeRTOS/Source/event_groups.o
LOAD ./Middlewares/Third_Party/FreeRTOS/Source/list.o
LOAD ./Middlewares/Third_Party/FreeRTOS/Source/queue.o
LOAD ./Middlewares/Third_Party/FreeRTOS/Source/stream_buffer.o
LOAD ./Middlewares/Third_Party/FreeRTOS/Source/tasks.o
LOAD ./Middlewares/Third_Party/FreeRTOS/Source/timers.o
LOAD ./Middlewares/Third_Party/FreeRTOS/Source/portable/GCC/ARM_CM4F/port.o
LOAD ./Middlewares/Third_Party/FreeRTOS/Source/portable/MemMang/heap_4.o
START GROUP
LOAD /Applications/STM32CubeIDE.app/Contents/Eclipse/plugins/com.st.stm32cube.ide.mcu.externaltools.gnu-tools-for-stm32.14.3.rel1.macosaarch64_1.0.0.202602081740/tools/bin/../lib/gcc/arm-none-eabi/14.3.1/../../../../arm-none-eabi/lib/thumb/v7e-m+fp/hard/libc_nano.a
LOAD /Applications/STM32CubeIDE.app/Contents/Eclipse/plugins/com.st.stm32cube.ide.mcu.externaltools.gnu-tools-for-stm32.14.3.rel1.macosaarch64_1.0.0.202602081740/tools/bin/../lib/gcc/arm-none-eabi/14.3.1/../../../../arm-none-eabi/lib/thumb/v7e-m+fp/hard/libm.a
END GROUP
START GROUP
LOAD /Applications/STM32CubeIDE.app/Contents/Eclipse/plugins/com.st.stm32cube.ide.mcu.externaltools.gnu-tools-for-stm32.14.3.rel1.macosaarch64_1.0.0.202602081740/tools/bin/../lib/gcc/arm-none-eabi/14.3.1/thumb/v7e-m+fp/hard/libgcc.a
LOAD /Applications/STM32CubeIDE.app/Contents/Eclipse/plugins/com.st.stm32cube.ide.mcu.externaltools.gnu-tools-for-stm32.14.3.rel1.macosaarch64_1.0.0.202602081740/tools/bin/../lib/gcc/arm-none-eabi/14.3.1/../../../../arm-none-eabi/lib/thumb/v7e-m+fp/hard/libc_nano.a
END GROUP
START GROUP
LOAD /Applications/STM32CubeIDE.app/Contents/Eclipse/plugins/com.st.stm32cube.ide.mcu.externaltools.gnu-tools-for-stm32.14.3.rel1.macosaarch64_1.0.0.202602081740/tools/bin/../lib/gcc/arm-none-eabi/14.3.1/thumb/v7e-m+fp/hard/libgcc.a
LOAD /Applications/STM32CubeIDE.app/Contents/Eclipse/plugins/com.st.stm32cube.ide.mcu.externaltools.gnu-tools-for-stm32.14.3.rel1.macosaarch64_1.0.0.202602081740/tools/bin/../lib/gcc/arm-none-eabi/14.3.1/../../../../arm-none-eabi/lib/thumb/v7e-m+fp/hard/libc_nano.a
LOAD /Applications/STM32CubeIDE.app/Contents/Eclipse/plugins/com.st.stm32cube.ide.mcu.externaltools.gnu-tools-for-stm32.14.3.rel1.macosaarch64_1.0.0.202602081740/tools/bin/../lib/gcc/arm-none-eabi/14.3.1/../../../../arm-none-eabi/lib/thumb/v7e-m+fp/hard/libnosys.a
END GROUP
START GROUP
LOAD /Applications/STM32CubeIDE.app/Contents/Eclipse/plugins/com.st.stm32cube.ide.mcu.externaltools.gnu-tools-for-stm32.14.3.rel1.macosaarch64_1.0.0.202602081740/tools/bin/../lib/gcc/arm-none-eabi/14.3.1/thumb/v7e-m+fp/hard/libgcc.a
LOAD /Applications/STM32CubeIDE.app/Contents/Eclipse/plugins/com.st.stm32cube.ide.mcu.externaltools.gnu-tools-for-stm32.14.3.rel1.macosaarch64_1.0.0.202602081740/tools/bin/../lib/gcc/arm-none-eabi/14.3.1/../../../../arm-none-eabi/lib/thumb/v7e-m+fp/hard/libc_nano.a
LOAD /Applications/STM32CubeIDE.app/Contents/Eclipse/plugins/com.st.stm32cube.ide.mcu.externaltools.gnu-tools-for-stm32.14.3.rel1.macosaarch64_1.0.0.202602081740/tools/bin/../lib/gcc/arm-none-eabi/14.3.1/../../../../arm-none-eabi/lib/thumb/v7e-m+fp/hard/libnosys.a
END GROUP
LOAD /Applications/STM32CubeIDE.app/Contents/Eclipse/plugins/com.st.stm32cube.ide.mcu.externaltools.gnu-tools-for-stm32.14.3.rel1.macosaarch64_1.0.0.202602081740/tools/bin/../lib/gcc/arm-none-eabi/14.3.1/thumb/v7e-m+fp/hard/crtend.o
LOAD /Applications/STM32CubeIDE.app/Contents/Eclipse/plugins/com.st.stm32cube.ide.mcu.externaltools.gnu-tools-for-stm32.14.3.rel1.macosaarch64_1.0.0.202602081740/tools/bin/../lib/gcc/arm-none-eabi/14.3.1/thumb/v7e-m+fp/hard/crtn.o
                0x20030000                        _estack = (ORIGIN (RAM) + LENGTH (RAM))
                0x00000200                        _Min_Heap_Size = 0x200
                0x00000400                        _Min_Stack_Size = 0x400

.isr_vector     0x08000000      0x1ac
                0x08000000                        . = ALIGN (0x4)
 *(.isr_vector)
 .isr_vector    0x08000000      0x1ac ./Core/Startup/startup_stm32f429zitx.o
                0x08000000                g_pfnVectors
                0x080001ac                        . = ALIGN (0x4)

.text           0x080001b0     0xee60
                0x080001b0                        . = ALIGN (0x4)
 *(.text)
 .text          0x080001b0       0x40 /Applications/STM32CubeIDE.app/Contents/Eclipse/plugins/com.st.stm32cube.ide.mcu.externaltools.gnu-tools-for-stm32.14.3.rel1.macosaarch64_1.0.0.202602081740/tools/bin/../lib/gcc/arm-none-eabi/14.3.1/thumb/v7e-m+fp/hard/crtbegin.o
 .text          0x080001f0      0x254 /Applications/STM32CubeIDE.app/Contents/Eclipse/plugins/com.st.stm32cube.ide.mcu.externaltools.gnu-tools-for-stm32.14.3.rel1.macosaarch64_1.0.0.202602081740/tools/bin/../lib/gcc/arm-none-eabi/14.3.1/thumb/v7e-m+fp/hard/libgcc.a(_arm_muldf3.o)
                0x080001f0                __aeabi_dmul
                0x080001f0                __muldf3
 .text          0x08000444      0x378 /Applications/STM32CubeIDE.app/Contents/Eclipse/plugins/com.st.stm32cube.ide.mcu.externaltools.gnu-tools-for-stm32.14.3.rel1.macosaarch64_1.0.0.202602081740/tools/bin/../lib/gcc/arm-none-eabi/14.3.1/thumb/v7e-m+fp/hard/libgcc.a(_arm_addsubdf3.o)
                0x08000444                __aeabi_drsub
                0x0800044c                __subdf3
                0x0800044c                __aeabi_dsub
                0x08000450                __aeabi_dadd
                0x08000450                __adddf3
                0x080006c8                __aeabi_ui2d
                0x080006c8                __floatunsidf
                0x080006e8                __floatsidf
                0x080006e8                __aeabi_i2d
                0x0800070c                __extendsfdf2
                0x0800070c                __aeabi_f2d
                0x08000750                __aeabi_ul2d
                0x08000750                __floatundidf
                0x08000760                __aeabi_l2d
                0x08000760                __floatdidf
 .text          0x080007bc       0xa0 /Applications/STM32CubeIDE.app/Contents/Eclipse/plugins/com.st.stm32cube.ide.mcu.externaltools.gnu-tools-for-stm32.14.3.rel1.macosaarch64_1.0.0.202602081740/tools/bin/../lib/gcc/arm-none-eabi/14.3.1/thumb/v7e-m+fp/hard/libgcc.a(_arm_truncdfsf2.o)
                0x080007bc                __aeabi_d2f
                0x080007bc                __truncdfsf2
 .text          0x0800085c       0x30 /Applications/STM32CubeIDE.app/Contents/Eclipse/plugins/com.st.stm32cube.ide.mcu.externaltools.gnu-tools-for-stm32.14.3.rel1.macosaarch64_1.0.0.202602081740/tools/bin/../lib/gcc/arm-none-eabi/14.3.1/thumb/v7e-m+fp/hard/libgcc.a(_aeabi_uldivmod.o)
                0x0800085c                __aeabi_uldivmod
 .text          0x0800088c      0x2f8 /Applications/STM32CubeIDE.app/Contents/Eclipse/plugins/com.st.stm32cube.ide.mcu.externaltools.gnu-tools-for-stm32.14.3.rel1.macosaarch64_1.0.0.202602081740/tools/bin/../lib/gcc/arm-none-eabi/14.3.1/thumb/v7e-m+fp/hard/libgcc.a(_udivmoddi4.o)
                0x0800088c                __udivmoddi4
 .text          0x08000b84        0x4 /Applications/STM32CubeIDE.app/Contents/Eclipse/plugins/com.st.stm32cube.ide.mcu.externaltools.gnu-tools-for-stm32.14.3.rel1.macosaarch64_1.0.0.202602081740/tools/bin/../lib/gcc/arm-none-eabi/14.3.1/thumb/v7e-m+fp/hard/libgcc.a(_dvmd_tls.o)
                0x08000b84                __aeabi_ldiv0
                0x08000b84                __aeabi_idiv0
 *(.text*)
 .text.MX_ADC1_Init
                0x08000b88      0x168 ./Core/Src/adc.o
                0x08000b88                MX_ADC1_Init
 .text.HAL_ADC_MspInit
                0x08000cf0      0x160 ./Core/Src/adc.o
                0x08000cf0                HAL_ADC_MspInit
 .text.MX_CAN1_Init
                0x08000e50       0x70 ./Core/Src/can.o
                0x08000e50                MX_CAN1_Init
 .text.MX_CAN2_Init
                0x08000ec0       0x70 ./Core/Src/can.o
                0x08000ec0                MX_CAN2_Init
 .text.HAL_CAN_MspInit
                0x08000f30      0x180 ./Core/Src/can.o
                0x08000f30                HAL_CAN_MspInit
 .text.HAL_CAN_MspDeInit
                0x080010b0       0xa4 ./Core/Src/can.o
                0x080010b0                HAL_CAN_MspDeInit
 .text.User_MX_CAN1_Init
                0x08001154      0x140 ./Core/Src/can.o
                0x08001154                User_MX_CAN1_Init
 .text.User_MX_CAN2_Init
                0x08001294      0x14c ./Core/Src/can.o
                0x08001294                User_MX_CAN2_Init
 .text.MX_DMA_Init
                0x080013e0       0x40 ./Core/Src/dma.o
                0x080013e0                MX_DMA_Init
 .text.vApplicationStackOverflowHook
                0x08001420       0x16 ./Core/Src/freertos.o
                0x08001420                vApplicationStackOverflowHook
 *fill*         0x08001436        0x2 
 .text.MX_FREERTOS_Init
                0x08001438      0x3e4 ./Core/Src/freertos.o
                0x08001438                MX_FREERTOS_Init
 .text.Task_LogTaskStackUsage
                0x0800181c      0x14c ./Core/Src/freertos.o
                0x0800181c                Task_LogTaskStackUsage
 .text.MX_GPIO_Init
                0x08001968      0x230 ./Core/Src/gpio.o
                0x08001968                MX_GPIO_Init
 .text.main     0x08001b98      0x124 ./Core/Src/main.o
                0x08001b98                main
 .text.SystemClock_Config
                0x08001cbc       0xe0 ./Core/Src/main.o
                0x08001cbc                SystemClock_Config
 .text.HAL_TIM_PeriodElapsedCallback
                0x08001d9c       0x24 ./Core/Src/main.o
                0x08001d9c                HAL_TIM_PeriodElapsedCallback
 .text.Error_Handler
                0x08001dc0        0xc ./Core/Src/main.o
                0x08001dc0                Error_Handler
 .text.MX_SPI2_Init
                0x08001dcc       0x6c ./Core/Src/spi.o
                0x08001dcc                MX_SPI2_Init
 .text.HAL_SPI_MspInit
                0x08001e38       0x90 ./Core/Src/spi.o
                0x08001e38                HAL_SPI_MspInit
 .text.HAL_MspInit
                0x08001ec8       0x58 ./Core/Src/stm32f4xx_hal_msp.o
                0x08001ec8                HAL_MspInit
 .text.HAL_InitTick
                0x08001f20       0xf8 ./Core/Src/stm32f4xx_hal_timebase_tim.o
                0x08001f20                HAL_InitTick
 .text.NMI_Handler
                0x08002018        0x8 ./Core/Src/stm32f4xx_it.o
                0x08002018                NMI_Handler
 .text.HardFault_Handler
                0x08002020        0x8 ./Core/Src/stm32f4xx_it.o
                0x08002020                HardFault_Handler
 .text.MemManage_Handler
                0x08002028        0x8 ./Core/Src/stm32f4xx_it.o
                0x08002028                MemManage_Handler
 .text.BusFault_Handler
                0x08002030        0x8 ./Core/Src/stm32f4xx_it.o
                0x08002030                BusFault_Handler
 .text.UsageFault_Handler
                0x08002038        0x8 ./Core/Src/stm32f4xx_it.o
                0x08002038                UsageFault_Handler
 .text.DebugMon_Handler
                0x08002040        0xe ./Core/Src/stm32f4xx_it.o
                0x08002040                DebugMon_Handler
 *fill*         0x0800204e        0x2 
 .text.CAN1_RX0_IRQHandler
                0x08002050       0x14 ./Core/Src/stm32f4xx_it.o
                0x08002050                CAN1_RX0_IRQHandler
 .text.TIM2_IRQHandler
                0x08002064       0x14 ./Core/Src/stm32f4xx_it.o
                0x08002064                TIM2_IRQHandler
 .text.TIM3_IRQHandler
                0x08002078       0x14 ./Core/Src/stm32f4xx_it.o
                0x08002078                TIM3_IRQHandler
 .text.USART1_IRQHandler
                0x0800208c       0x14 ./Core/Src/stm32f4xx_it.o
                0x0800208c                USART1_IRQHandler
 .text.TIM7_IRQHandler
                0x080020a0       0x14 ./Core/Src/stm32f4xx_it.o
                0x080020a0                TIM7_IRQHandler
 .text.DMA2_Stream0_IRQHandler
                0x080020b4       0x14 ./Core/Src/stm32f4xx_it.o
                0x080020b4                DMA2_Stream0_IRQHandler
 .text.CAN2_RX0_IRQHandler
                0x080020c8       0x14 ./Core/Src/stm32f4xx_it.o
                0x080020c8                CAN2_RX0_IRQHandler
 .text.SystemInit
                0x080020dc       0x24 ./Core/Src/system_stm32f4xx.o
                0x080020dc                SystemInit
 .text.MX_TIM1_Init
                0x08002100       0xa0 ./Core/Src/tim.o
                0x08002100                MX_TIM1_Init
 .text.MX_TIM2_Init
                0x080021a0       0x9c ./Core/Src/tim.o
                0x080021a0                MX_TIM2_Init
 .text.MX_TIM3_Init
                0x0800223c       0x9c ./Core/Src/tim.o
                0x0800223c                MX_TIM3_Init
 .text.HAL_TIM_Base_MspInit
                0x080022d8       0xb4 ./Core/Src/tim.o
                0x080022d8                HAL_TIM_Base_MspInit
 .text.MX_USART1_UART_Init
                0x0800238c       0x54 ./Core/Src/usart.o
                0x0800238c                MX_USART1_UART_Init
 .text.HAL_UART_MspInit
                0x080023e0       0xa0 ./Core/Src/usart.o
                0x080023e0                HAL_UART_MspInit
 .text.Task_RTD
                0x08002480      0x3d8 ./Core/Src/app/RTD.o
                0x08002480                Task_RTD
 .text.RTD_Button_Timer_Callback
                0x08002858       0x20 ./Core/Src/app/RTD.o
                0x08002858                RTD_Button_Timer_Callback
 .text.RTD_Buzzer_Timer_Callback
                0x08002878       0x20 ./Core/Src/app/RTD.o
                0x08002878                RTD_Buzzer_Timer_Callback
 .text.Task_Car_Calibration
                0x08002898      0x304 ./Core/Src/app/calibration.o
                0x08002898                Task_Car_Calibration
 .text.Task_HandleGUI
                0x08002b9c       0x3c ./Core/Src/app/handle_gui.o
                0x08002b9c                Task_HandleGUI
 .text.setInverterData1
                0x08002bd8       0xd8 ./Core/Src/app/inverter_control.o
                0x08002bd8                setInverterData1
 .text.processInverterStatus
                0x08002cb0       0xb2 ./Core/Src/app/inverter_control.o
                0x08002cb0                processInverterStatus
 .text.setInverterData2
                0x08002d62       0x86 ./Core/Src/app/inverter_control.o
                0x08002d62                setInverterData2
 .text.transmit_inverter_command
                0x08002de8       0xc0 ./Core/Src/app/inverter_control.o
                0x08002de8                transmit_inverter_command
 .text.Task_LogVehicleData
                0x08002ea8      0x23c ./Core/Src/app/log_vehicle_data.o
                0x08002ea8                Task_LogVehicleData
 .text.CAN_2_Transmit_Timer_1_Callback
                0x080030e4      0x138 ./Core/Src/app/log_vehicle_data.o
                0x080030e4                CAN_2_Transmit_Timer_1_Callback
 .text.CAN_2_Transmit_Timer_2_Callback
                0x0800321c      0x280 ./Core/Src/app/log_vehicle_data.o
                0x0800321c                CAN_2_Transmit_Timer_2_Callback
 *fill*         0x0800349c        0x4 
 .text.Calc_Brake_Pressure
                0x080034a0       0xc4 ./Core/Src/app/log_vehicle_data.o
                0x080034a0                Calc_Brake_Pressure
 .text.Calc_BSPD_Sensor_Current
                0x08003564       0x84 ./Core/Src/app/log_vehicle_data.o
                0x08003564                Calc_BSPD_Sensor_Current
 .text.Calc_Steering_Angle
                0x080035e8       0xe0 ./Core/Src/app/log_vehicle_data.o
                0x080035e8                Calc_Steering_Angle
 .text.Convert_ADCs
                0x080036c8       0xa4 ./Core/Src/app/log_vehicle_data.o
                0x080036c8                Convert_ADCs
 .text.Get_Inverter_Data_To_Log
                0x0800376c       0x90 ./Core/Src/app/log_vehicle_data.o
                0x0800376c                Get_Inverter_Data_To_Log
 .text.Task_Process_ADC
                0x080037fc       0xd0 ./Core/Src/app/process_adc.o
                0x080037fc                Task_Process_ADC
 .text.Task_Process_CAN_Msgs
                0x080038cc      0x284 ./Core/Src/app/process_can_msgs.o
                0x080038cc                Task_Process_CAN_Msgs
 .text.Task_Process_Pedals_Data
                0x08003b50      0x548 ./Core/Src/app/process_pedals_data.o
                0x08003b50                Task_Process_Pedals_Data
 .text.APPS_1_OutOfRange_Timer_Callback
                0x08004098       0x20 ./Core/Src/app/process_pedals_data.o
                0x08004098                APPS_1_OutOfRange_Timer_Callback
 .text.APPS_2_OutOfRange_Timer_Callback
                0x080040b8       0x20 ./Core/Src/app/process_pedals_data.o
                0x080040b8                APPS_2_OutOfRange_Timer_Callback
 .text.BSE_OutOfRange_Timer_Callback
                0x080040d8       0x20 ./Core/Src/app/process_pedals_data.o
                0x080040d8                BSE_OutOfRange_Timer_Callback
 .text.APPS_Implausibility_Timer_Callback
                0x080040f8       0x20 ./Core/Src/app/process_pedals_data.o
                0x080040f8                APPS_Implausibility_Timer_Callback
 .text.Screenshot_Timer_Callback
                0x08004118       0x20 ./Core/Src/app/process_pedals_data.o
                0x08004118                Screenshot_Timer_Callback
 .text.calc_adc_percentage
                0x08004138       0x50 ./Core/Src/app/process_pedals_data.o
                0x08004138                calc_adc_percentage
 .text.pedal_position_sensor_out_of_range_fault_check
                0x08004188       0x40 ./Core/Src/app/process_pedals_data.o
                0x08004188                pedal_position_sensor_out_of_range_fault_check
 .text.APPS_Implausibility_Check
                0x080041c8       0x40 ./Core/Src/app/process_pedals_data.o
                0x080041c8                APPS_Implausibility_Check
 .text.Screenshot_Check
                0x08004208       0x76 ./Core/Src/app/process_pedals_data.o
                0x08004208                Screenshot_Check
 *fill*         0x0800427e        0x2 
 .text.Get_Previous_Pedals_Faults_Data
                0x08004280       0x4c ./Core/Src/app/process_pedals_data.o
                0x08004280                Get_Previous_Pedals_Faults_Data
 .text.Set_New_Pedals_Faults_Data
                0x080042cc       0x4c ./Core/Src/app/process_pedals_data.o
                0x080042cc                Set_New_Pedals_Faults_Data
 .text.Task_State_Ctrl
                0x08004318      0x114 ./Core/Src/app/state_control.o
                0x08004318                Task_State_Ctrl
 .text.Get_Current_State
                0x0800442c       0x38 ./Core/Src/app/state_control.o
                0x0800442c                Get_Current_State
 .text.Task_Vehicle_Ctrl
                0x08004464      0x150 ./Core/Src/app/vehicle_control.o
                0x08004464                Task_Vehicle_Ctrl
 .text.InverterCAN_Transmit_Callback
                0x080045b4       0x58 ./Core/Src/app/vehicle_control.o
                0x080045b4                InverterCAN_Transmit_Callback
 .text.BrakesEngagedCheck
                0x0800460c       0x2e ./Core/Src/app/vehicle_control.o
                0x0800460c                BrakesEngagedCheck
 *fill*         0x0800463a        0x2 
 .text.Task_VehicleFaultHandler
                0x0800463c      0x17c ./Core/Src/app/vehicle_fault_handler.o
                0x0800463c                Task_VehicleFaultHandler
 .text.initialise_inverter_data
                0x080047b8       0x54 ./Core/Src/config/amk_data_structs.o
                0x080047b8                initialise_inverter_data
 .text.initialise_inverter_status
                0x0800480c       0x44 ./Core/Src/config/amk_data_structs.o
                0x0800480c                initialise_inverter_status
 .text.initialise_inverter_setpoints
                0x08004850       0x2c ./Core/Src/config/amk_data_structs.o
                0x08004850                initialise_inverter_setpoints
 .text.initialise_vehicle_state_data
                0x0800487c       0x62 ./Core/Src/config/vehicle_data_structs.o
                0x0800487c                initialise_vehicle_state_data
 .text.initialise_queue_errors
                0x080048de       0x32 ./Core/Src/config/vehicle_data_structs.o
                0x080048de                initialise_queue_errors
 .text.initialise_pedals_state
                0x08004910       0x2c ./Core/Src/config/vehicle_data_structs.o
                0x08004910                initialise_pedals_state
 .text.initialise_pedals_faults
                0x0800493c       0x32 ./Core/Src/config/vehicle_data_structs.o
                0x0800493c                initialise_pedals_faults
 .text.initialise_testing_VCU_data
                0x0800496e       0x62 ./Core/Src/config/vehicle_data_structs.o
                0x0800496e                initialise_testing_VCU_data
 .text.initialise_freertos_task_stack_usage
                0x080049d0       0x56 ./Core/Src/config/vehicle_data_structs.o
                0x080049d0                initialise_freertos_task_stack_usage
 *fill*         0x08004a26        0x2 
 .text.Get_ADC_Channel
                0x08004a28       0x24 ./Core/Src/drivers/adc_driver.o
                0x08004a28                Get_ADC_Channel
 .text.HAL_CAN_RxFifo0MsgPendingCallback
                0x08004a4c       0x80 ./Core/Src/drivers/can_driver.o
                0x08004a4c                HAL_CAN_RxFifo0MsgPendingCallback
 .text.CAN_transmit
                0x08004acc      0x20c ./Core/Src/drivers/can_driver.o
                0x08004acc                CAN_transmit
 .text.CAN_1_Error_Handler
                0x08004cd8       0x68 ./Core/Src/drivers/can_driver.o
                0x08004cd8                CAN_1_Error_Handler
 .text.CAN_2_Error_Handler
                0x08004d40       0x68 ./Core/Src/drivers/can_driver.o
                0x08004d40                CAN_2_Error_Handler
 .text.EEPROM_isSpiReady
                0x08004da8       0x6c ./Core/Src/drivers/cmt_M95512.o
 .text.EEPROM_WaitStandbyState
                0x08004e14       0xb0 ./Core/Src/drivers/cmt_M95512.o
 .text.EEPROM_WriteEnable
                0x08004ec4       0x44 ./Core/Src/drivers/cmt_M95512.o
                0x08004ec4                EEPROM_WriteEnable
 .text.EEPROM_WriteDisable
                0x08004f08       0x44 ./Core/Src/drivers/cmt_M95512.o
                0x08004f08                EEPROM_WriteDisable
 .text.EEPROM_ReadData
                0x08004f4c       0x90 ./Core/Src/drivers/cmt_M95512.o
                0x08004f4c                EEPROM_ReadData
 .text.EEPROM_WritePage
                0x08004fdc       0xe0 ./Core/Src/drivers/cmt_M95512.o
                0x08004fdc                EEPROM_WritePage
 .text.UART_Transmit
                0x080050bc       0x28 ./Core/Src/drivers/usart_driver.o
                0x080050bc                UART_Transmit
 .text.Reset_Handler
                0x080050e4       0x50 ./Core/Startup/startup_stm32f429zitx.o
                0x080050e4                Reset_Handler
 .text.Default_Handler
                0x08005134        0x2 ./Core/Startup/startup_stm32f429zitx.o
                0x08005134                DMA1_Stream3_IRQHandler
                0x08005134                HASH_RNG_IRQHandler
                0x08005134                EXTI2_IRQHandler
                0x08005134                TIM8_CC_IRQHandler
                0x08005134                UART8_IRQHandler
                0x08005134                SPI4_IRQHandler
                0x08005134                TIM1_CC_IRQHandler
                0x08005134                DMA2_Stream5_IRQHandler
                0x08005134                DMA1_Stream5_IRQHandler
                0x08005134                PVD_IRQHandler
                0x08005134                SDIO_IRQHandler
                0x08005134                TAMP_STAMP_IRQHandler
                0x08005134                CAN2_RX1_IRQHandler
                0x08005134                EXTI3_IRQHandler
                0x08005134                TIM8_TRG_COM_TIM14_IRQHandler
                0x08005134                TIM1_UP_TIM10_IRQHandler
                0x08005134                TIM8_UP_TIM13_IRQHandler
                0x08005134                I2C3_ER_IRQHandler
                0x08005134                EXTI0_IRQHandler
                0x08005134                I2C2_EV_IRQHandler
                0x08005134                DMA1_Stream2_IRQHandler
                0x08005134                FPU_IRQHandler
                0x08005134                OTG_HS_WKUP_IRQHandler
                0x08005134                LTDC_ER_IRQHandler
                0x08005134                CAN2_SCE_IRQHandler
                0x08005134                DMA2_Stream2_IRQHandler
                0x08005134                SPI1_IRQHandler
                0x08005134                TIM6_DAC_IRQHandler
                0x08005134                TIM1_BRK_TIM9_IRQHandler
                0x08005134                DCMI_IRQHandler
                0x08005134                DMA2_Stream3_IRQHandler
                0x08005134                USART6_IRQHandler
                0x08005134                USART3_IRQHandler
                0x08005134                CAN1_RX1_IRQHandler
                0x08005134                UART5_IRQHandler
                0x08005134                TIM4_IRQHandler
                0x08005134                I2C1_EV_IRQHandler
                0x08005134                DMA1_Stream6_IRQHandler
                0x08005134                DMA1_Stream1_IRQHandler
                0x08005134                UART4_IRQHandler
                0x08005134                RCC_IRQHandler
                0x08005134                TIM8_BRK_TIM12_IRQHandler
                0x08005134                Default_Handler
                0x08005134                EXTI15_10_IRQHandler
                0x08005134                ADC_IRQHandler
                0x08005134                DMA1_Stream7_IRQHandler
                0x08005134                SPI5_IRQHandler
                0x08005134                CAN2_TX_IRQHandler
                0x08005134                TIM5_IRQHandler
                0x08005134                DMA2_Stream7_IRQHandler
                0x08005134                I2C3_EV_IRQHandler
                0x08005134                EXTI9_5_IRQHandler
                0x08005134                RTC_WKUP_IRQHandler
                0x08005134                LTDC_IRQHandler
                0x08005134                ETH_WKUP_IRQHandler
                0x08005134                SPI2_IRQHandler
                0x08005134                OTG_HS_EP1_IN_IRQHandler
                0x08005134                DMA1_Stream0_IRQHandler
                0x08005134                CAN1_TX_IRQHandler
                0x08005134                EXTI4_IRQHandler
                0x08005134                ETH_IRQHandler
                0x08005134                OTG_HS_EP1_OUT_IRQHandler
                0x08005134                WWDG_IRQHandler
                0x08005134                SPI6_IRQHandler
                0x08005134                OTG_FS_WKUP_IRQHandler
                0x08005134                TIM1_TRG_COM_TIM11_IRQHandler
                0x08005134                OTG_HS_IRQHandler
                0x08005134                DMA2D_IRQHandler
                0x08005134                EXTI1_IRQHandler
                0x08005134                UART7_IRQHandler
                0x08005134                USART2_IRQHandler
                0x08005134                I2C2_ER_IRQHandler
                0x08005134                DMA2_Stream1_IRQHandler
                0x08005134                CAN1_SCE_IRQHandler
                0x08005134                FLASH_IRQHandler
                0x08005134                DMA2_Stream4_IRQHandler
                0x08005134                OTG_FS_IRQHandler
                0x08005134                SPI3_IRQHandler
                0x08005134                DMA1_Stream4_IRQHandler
                0x08005134                I2C1_ER_IRQHandler
                0x08005134                FMC_IRQHandler
                0x08005134                DMA2_Stream6_IRQHandler
                0x08005134                SAI1_IRQHandler
                0x08005134                RTC_Alarm_IRQHandler
 *fill*         0x08005136        0x2 
 .text.HAL_Init
                0x08005138       0x44 ./Drivers/STM32F4xx_HAL_Driver/Src/stm32f4xx_hal.o
                0x08005138                HAL_Init
 .text.HAL_IncTick
                0x0800517c       0x28 ./Drivers/STM32F4xx_HAL_Driver/Src/stm32f4xx_hal.o
                0x0800517c                HAL_IncTick
 .text.HAL_GetTick
                0x080051a4       0x18 ./Drivers/STM32F4xx_HAL_Driver/Src/stm32f4xx_hal.o
                0x080051a4                HAL_GetTick
 .text.HAL_Delay
                0x080051bc       0x48 ./Drivers/STM32F4xx_HAL_Driver/Src/stm32f4xx_hal.o
                0x080051bc                HAL_Delay
 .text.HAL_ADC_Init
                0x08005204       0x86 ./Drivers/STM32F4xx_HAL_Driver/Src/stm32f4xx_hal_adc.o
                0x08005204                HAL_ADC_Init
 *fill*         0x0800528a        0x2 
 .text.HAL_ADC_Start_DMA
                0x0800528c      0x228 ./Drivers/STM32F4xx_HAL_Driver/Src/stm32f4xx_hal_adc.o
                0x0800528c                HAL_ADC_Start_DMA
 .text.HAL_ADC_ConvCpltCallback
                0x080054b4       0x14 ./Drivers/STM32F4xx_HAL_Driver/Src/stm32f4xx_hal_adc.o
                0x080054b4                HAL_ADC_ConvCpltCallback
 .text.HAL_ADC_ConvHalfCpltCallback
                0x080054c8       0x14 ./Drivers/STM32F4xx_HAL_Driver/Src/stm32f4xx_hal_adc.o
                0x080054c8                HAL_ADC_ConvHalfCpltCallback
 .text.HAL_ADC_ErrorCallback
                0x080054dc       0x14 ./Drivers/STM32F4xx_HAL_Driver/Src/stm32f4xx_hal_adc.o
                0x080054dc                HAL_ADC_ErrorCallback
 .text.HAL_ADC_ConfigChannel
                0x080054f0      0x264 ./Drivers/STM32F4xx_HAL_Driver/Src/stm32f4xx_hal_adc.o
                0x080054f0                HAL_ADC_ConfigChannel
 .text.ADC_Init
                0x08005754      0x1f8 ./Drivers/STM32F4xx_HAL_Driver/Src/stm32f4xx_hal_adc.o
 .text.ADC_DMAConvCplt
                0x0800594c       0xba ./Drivers/STM32F4xx_HAL_Driver/Src/stm32f4xx_hal_adc.o
 .text.ADC_DMAHalfConvCplt
                0x08005a06       0x1c ./Drivers/STM32F4xx_HAL_Driver/Src/stm32f4xx_hal_adc.o
 .text.ADC_DMAError
                0x08005a22       0x2e ./Drivers/STM32F4xx_HAL_Driver/Src/stm32f4xx_hal_adc.o
 .text.HAL_CAN_Init
                0x08005a50      0x1f6 ./Drivers/STM32F4xx_HAL_Driver/Src/stm32f4xx_hal_can.o
                0x08005a50                HAL_CAN_Init
 .text.HAL_CAN_DeInit
                0x08005c46       0x46 ./Drivers/STM32F4xx_HAL_Driver/Src/stm32f4xx_hal_can.o
                0x08005c46                HAL_CAN_DeInit
 .text.HAL_CAN_ConfigFilter
                0x08005c8c      0x1bc ./Drivers/STM32F4xx_HAL_Driver/Src/stm32f4xx_hal_can.o
                0x08005c8c                HAL_CAN_ConfigFilter
 .text.HAL_CAN_Start
                0x08005e48       0x88 ./Drivers/STM32F4xx_HAL_Driver/Src/stm32f4xx_hal_can.o
                0x08005e48                HAL_CAN_Start
 .text.HAL_CAN_Stop
                0x08005ed0       0x92 ./Drivers/STM32F4xx_HAL_Driver/Src/stm32f4xx_hal_can.o
                0x08005ed0                HAL_CAN_Stop
 .text.HAL_CAN_AddTxMessage
                0x08005f62      0x1a0 ./Drivers/STM32F4xx_HAL_Driver/Src/stm32f4xx_hal_can.o
                0x08005f62                HAL_CAN_AddTxMessage
 .text.HAL_CAN_AbortTxRequest
                0x08006102       0x8a ./Drivers/STM32F4xx_HAL_Driver/Src/stm32f4xx_hal_can.o
                0x08006102                HAL_CAN_AbortTxRequest
 .text.HAL_CAN_GetTxMailboxesFreeLevel
                0x0800618c       0x6a ./Drivers/STM32F4xx_HAL_Driver/Src/stm32f4xx_hal_can.o
                0x0800618c                HAL_CAN_GetTxMailboxesFreeLevel
 .text.HAL_CAN_IsTxMessagePending
                0x080061f6       0x48 ./Drivers/STM32F4xx_HAL_Driver/Src/stm32f4xx_hal_can.o
                0x080061f6                HAL_CAN_IsTxMessagePending
 .text.HAL_CAN_GetRxMessage
                0x0800623e      0x244 ./Drivers/STM32F4xx_HAL_Driver/Src/stm32f4xx_hal_can.o
                0x0800623e                HAL_CAN_GetRxMessage
 .text.HAL_CAN_ActivateNotification
                0x08006482       0x4c ./Drivers/STM32F4xx_HAL_Driver/Src/stm32f4xx_hal_can.o
                0x08006482                HAL_CAN_ActivateNotification
 .text.HAL_CAN_IRQHandler
                0x080064ce      0x36e ./Drivers/STM32F4xx_HAL_Driver/Src/stm32f4xx_hal_can.o
                0x080064ce                HAL_CAN_IRQHandler
 .text.HAL_CAN_TxMailbox0CompleteCallback
                0x0800683c       0x14 ./Drivers/STM32F4xx_HAL_Driver/Src/stm32f4xx_hal_can.o
                0x0800683c                HAL_CAN_TxMailbox0CompleteCallback
 .text.HAL_CAN_TxMailbox1CompleteCallback
                0x08006850       0x14 ./Drivers/STM32F4xx_HAL_Driver/Src/stm32f4xx_hal_can.o
                0x08006850                HAL_CAN_TxMailbox1CompleteCallback
 .text.HAL_CAN_TxMailbox2CompleteCallback
                0x08006864       0x14 ./Drivers/STM32F4xx_HAL_Driver/Src/stm32f4xx_hal_can.o
                0x08006864                HAL_CAN_TxMailbox2CompleteCallback
 .text.HAL_CAN_TxMailbox0AbortCallback
                0x08006878       0x14 ./Drivers/STM32F4xx_HAL_Driver/Src/stm32f4xx_hal_can.o
                0x08006878                HAL_CAN_TxMailbox0AbortCallback
 .text.HAL_CAN_TxMailbox1AbortCallback
                0x0800688c       0x14 ./Drivers/STM32F4xx_HAL_Driver/Src/stm32f4xx_hal_can.o
                0x0800688c                HAL_CAN_TxMailbox1AbortCallback
 .text.HAL_CAN_TxMailbox2AbortCallback
                0x080068a0       0x14 ./Drivers/STM32F4xx_HAL_Driver/Src/stm32f4xx_hal_can.o
                0x080068a0                HAL_CAN_TxMailbox2AbortCallback
 .text.HAL_CAN_RxFifo0FullCallback
                0x080068b4       0x14 ./Drivers/STM32F4xx_HAL_Driver/Src/stm32f4xx_hal_can.o
                0x080068b4                HAL_CAN_RxFifo0FullCallback
 .text.HAL_CAN_RxFifo1MsgPendingCallback
                0x080068c8       0x14 ./Drivers/STM32F4xx_HAL_Driver/Src/stm32f4xx_hal_can.o
                0x080068c8                HAL_CAN_RxFifo1MsgPendingCallback
 .text.HAL_CAN_RxFifo1FullCallback
                0x080068dc       0x14 ./Drivers/STM32F4xx_HAL_Driver/Src/stm32f4xx_hal_can.o
                0x080068dc                HAL_CAN_RxFifo1FullCallback
 .text.HAL_CAN_SleepCallback
                0x080068f0       0x14 ./Drivers/STM32F4xx_HAL_Driver/Src/stm32f4xx_hal_can.o
                0x080068f0                HAL_CAN_SleepCallback
 .text.HAL_CAN_WakeUpFromRxMsgCallback
                0x08006904       0x14 ./Drivers/STM32F4xx_HAL_Driver/Src/stm32f4xx_hal_can.o
                0x08006904                HAL_CAN_WakeUpFromRxMsgCallback
 .text.HAL_CAN_ErrorCallback
                0x08006918       0x14 ./Drivers/STM32F4xx_HAL_Driver/Src/stm32f4xx_hal_can.o
                0x08006918                HAL_CAN_ErrorCallback
 .text.__NVIC_SetPriorityGrouping
                0x0800692c       0x48 ./Drivers/STM32F4xx_HAL_Driver/Src/stm32f4xx_hal_cortex.o
 .text.__NVIC_GetPriorityGrouping
                0x08006974       0x1c ./Drivers/STM32F4xx_HAL_Driver/Src/stm32f4xx_hal_cortex.o
 .text.__NVIC_EnableIRQ
                0x08006990       0x3c ./Drivers/STM32F4xx_HAL_Driver/Src/stm32f4xx_hal_cortex.o
 .text.__NVIC_DisableIRQ
                0x080069cc       0x48 ./Drivers/STM32F4xx_HAL_Driver/Src/stm32f4xx_hal_cortex.o
 .text.__NVIC_SetPriority
                0x08006a14       0x54 ./Drivers/STM32F4xx_HAL_Driver/Src/stm32f4xx_hal_cortex.o
 .text.NVIC_EncodePriority
                0x08006a68       0x66 ./Drivers/STM32F4xx_HAL_Driver/Src/stm32f4xx_hal_cortex.o
 .text.HAL_NVIC_SetPriorityGrouping
                0x08006ace       0x16 ./Drivers/STM32F4xx_HAL_Driver/Src/stm32f4xx_hal_cortex.o
                0x08006ace                HAL_NVIC_SetPriorityGrouping
 .text.HAL_NVIC_SetPriority
                0x08006ae4       0x38 ./Drivers/STM32F4xx_HAL_Driver/Src/stm32f4xx_hal_cortex.o
                0x08006ae4                HAL_NVIC_SetPriority
 .text.HAL_NVIC_EnableIRQ
                0x08006b1c       0x1c ./Drivers/STM32F4xx_HAL_Driver/Src/stm32f4xx_hal_cortex.o
                0x08006b1c                HAL_NVIC_EnableIRQ
 .text.HAL_NVIC_DisableIRQ
                0x08006b38       0x1c ./Drivers/STM32F4xx_HAL_Driver/Src/stm32f4xx_hal_cortex.o
                0x08006b38                HAL_NVIC_DisableIRQ
 .text.HAL_DMA_Init
                0x08006b54      0x15c ./Drivers/STM32F4xx_HAL_Driver/Src/stm32f4xx_hal_dma.o
                0x08006b54                HAL_DMA_Init
 .text.HAL_DMA_Start_IT
                0x08006cb0       0xb0 ./Drivers/STM32F4xx_HAL_Driver/Src/stm32f4xx_hal_dma.o
                0x08006cb0                HAL_DMA_Start_IT
 .text.HAL_DMA_Abort
                0x08006d60       0xe0 ./Drivers/STM32F4xx_HAL_Driver/Src/stm32f4xx_hal_dma.o
                0x08006d60                HAL_DMA_Abort
 .text.HAL_DMA_Abort_IT
                0x08006e40       0x44 ./Drivers/STM32F4xx_HAL_Driver/Src/stm32f4xx_hal_dma.o
                0x08006e40                HAL_DMA_Abort_IT
 .text.HAL_DMA_IRQHandler
                0x08006e84      0x314 ./Drivers/STM32F4xx_HAL_Driver/Src/stm32f4xx_hal_dma.o
                0x08006e84                HAL_DMA_IRQHandler
 .text.DMA_SetConfig
                0x08007198       0x5c ./Drivers/STM32F4xx_HAL_Driver/Src/stm32f4xx_hal_dma.o
 .text.DMA_CalcBaseAndBitshift
                0x080071f4       0x6c ./Drivers/STM32F4xx_HAL_Driver/Src/stm32f4xx_hal_dma.o
 .text.DMA_CheckFifoParam
                0x08007260       0xf8 ./Drivers/STM32F4xx_HAL_Driver/Src/stm32f4xx_hal_dma.o
 .text.HAL_GPIO_Init
                0x08007358      0x358 ./Drivers/STM32F4xx_HAL_Driver/Src/stm32f4xx_hal_gpio.o
                0x08007358                HAL_GPIO_Init
 .text.HAL_GPIO_DeInit
                0x080076b0      0x218 ./Drivers/STM32F4xx_HAL_Driver/Src/stm32f4xx_hal_gpio.o
                0x080076b0                HAL_GPIO_DeInit
 .text.HAL_GPIO_ReadPin
                0x080078c8       0x30 ./Drivers/STM32F4xx_HAL_Driver/Src/stm32f4xx_hal_gpio.o
                0x080078c8                HAL_GPIO_ReadPin
 .text.HAL_GPIO_WritePin
                0x080078f8       0x32 ./Drivers/STM32F4xx_HAL_Driver/Src/stm32f4xx_hal_gpio.o
                0x080078f8                HAL_GPIO_WritePin
 *fill*         0x0800792a        0x2 
 .text.HAL_PWREx_EnableOverDrive
                0x0800792c       0xa0 ./Drivers/STM32F4xx_HAL_Driver/Src/stm32f4xx_hal_pwr_ex.o
                0x0800792c                HAL_PWREx_EnableOverDrive
 .text.HAL_RCC_OscConfig
                0x080079cc      0x4f0 ./Drivers/STM32F4xx_HAL_Driver/Src/stm32f4xx_hal_rcc.o
                0x080079cc                HAL_RCC_OscConfig
 .text.HAL_RCC_ClockConfig
                0x08007ebc      0x1cc ./Drivers/STM32F4xx_HAL_Driver/Src/stm32f4xx_hal_rcc.o
                0x08007ebc                HAL_RCC_ClockConfig
 .text.HAL_RCC_GetSysClockFreq
                0x08008088      0x188 ./Drivers/STM32F4xx_HAL_Driver/Src/stm32f4xx_hal_rcc.o
                0x08008088                HAL_RCC_GetSysClockFreq
 .text.HAL_RCC_GetHCLKFreq
                0x08008210       0x18 ./Drivers/STM32F4xx_HAL_Driver/Src/stm32f4xx_hal_rcc.o
                0x08008210                HAL_RCC_GetHCLKFreq
 .text.HAL_RCC_GetPCLK1Freq
                0x08008228       0x28 ./Drivers/STM32F4xx_HAL_Driver/Src/stm32f4xx_hal_rcc.o
                0x08008228                HAL_RCC_GetPCLK1Freq
 .text.HAL_RCC_GetPCLK2Freq
                0x08008250       0x28 ./Drivers/STM32F4xx_HAL_Driver/Src/stm32f4xx_hal_rcc.o
                0x08008250                HAL_RCC_GetPCLK2Freq
 .text.HAL_RCC_GetClockConfig
                0x08008278       0x64 ./Drivers/STM32F4xx_HAL_Driver/Src/stm32f4xx_hal_rcc.o
                0x08008278                HAL_RCC_GetClockConfig
 .text.HAL_SPI_Init
                0x080082dc      0x112 ./Drivers/STM32F4xx_HAL_Driver/Src/stm32f4xx_hal_spi.o
                0x080082dc                HAL_SPI_Init
 .text.HAL_SPI_Transmit
                0x080083ee      0x288 ./Drivers/STM32F4xx_HAL_Driver/Src/stm32f4xx_hal_spi.o
                0x080083ee                HAL_SPI_Transmit
 .text.HAL_SPI_Receive
                0x08008676      0x232 ./Drivers/STM32F4xx_HAL_Driver/Src/stm32f4xx_hal_spi.o
                0x08008676                HAL_SPI_Receive
 .text.HAL_SPI_TransmitReceive
                0x080088a8      0x352 ./Drivers/STM32F4xx_HAL_Driver/Src/stm32f4xx_hal_spi.o
                0x080088a8                HAL_SPI_TransmitReceive
 *fill*         0x08008bfa        0x2 
 .text.SPI_WaitFlagStateUntilTimeout
                0x08008bfc      0x110 ./Drivers/STM32F4xx_HAL_Driver/Src/stm32f4xx_hal_spi.o
 .text.SPI_EndRxTransaction
                0x08008d0c       0xca ./Drivers/STM32F4xx_HAL_Driver/Src/stm32f4xx_hal_spi.o
 *fill*         0x08008dd6        0x2 
 .text.SPI_EndRxTxTransaction
                0x08008dd8       0xa8 ./Drivers/STM32F4xx_HAL_Driver/Src/stm32f4xx_hal_spi.o
 .text.HAL_TIM_Base_Init
                0x08008e80       0x9e ./Drivers/STM32F4xx_HAL_Driver/Src/stm32f4xx_hal_tim.o
                0x08008e80                HAL_TIM_Base_Init
 *fill*         0x08008f1e        0x2 
 .text.HAL_TIM_Base_Start
                0x08008f20       0xd0 ./Drivers/STM32F4xx_HAL_Driver/Src/stm32f4xx_hal_tim.o
                0x08008f20                HAL_TIM_Base_Start
 .text.HAL_TIM_Base_Start_IT
                0x08008ff0       0xe0 ./Drivers/STM32F4xx_HAL_Driver/Src/stm32f4xx_hal_tim.o
                0x08008ff0                HAL_TIM_Base_Start_IT
 .text.HAL_TIM_IRQHandler
                0x080090d0      0x1e0 ./Drivers/STM32F4xx_HAL_Driver/Src/stm32f4xx_hal_tim.o
                0x080090d0                HAL_TIM_IRQHandler
 .text.HAL_TIM_ConfigClockSource
                0x080092b0      0x18e ./Drivers/STM32F4xx_HAL_Driver/Src/stm32f4xx_hal_tim.o
                0x080092b0                HAL_TIM_ConfigClockSource
 .text.HAL_TIM_OC_DelayElapsedCallback
                0x0800943e       0x14 ./Drivers/STM32F4xx_HAL_Driver/Src/stm32f4xx_hal_tim.o
                0x0800943e                HAL_TIM_OC_DelayElapsedCallback
 .text.HAL_TIM_IC_CaptureCallback
                0x08009452       0x14 ./Drivers/STM32F4xx_HAL_Driver/Src/stm32f4xx_hal_tim.o
                0x08009452                HAL_TIM_IC_CaptureCallback
 .text.HAL_TIM_PWM_PulseFinishedCallback
                0x08009466       0x14 ./Drivers/STM32F4xx_HAL_Driver/Src/stm32f4xx_hal_tim.o
                0x08009466                HAL_TIM_PWM_PulseFinishedCallback
 .text.HAL_TIM_TriggerCallback
                0x0800947a       0x14 ./Drivers/STM32F4xx_HAL_Driver/Src/stm32f4xx_hal_tim.o
                0x0800947a                HAL_TIM_TriggerCallback
 *fill*         0x0800948e        0x2 
 .text.TIM_Base_SetConfig
                0x08009490      0x14c ./Drivers/STM32F4xx_HAL_Driver/Src/stm32f4xx_hal_tim.o
                0x08009490                TIM_Base_SetConfig
 .text.TIM_TI1_ConfigInputStage
                0x080095dc       0x5e ./Drivers/STM32F4xx_HAL_Driver/Src/stm32f4xx_hal_tim.o
 .text.TIM_TI2_ConfigInputStage
                0x0800963a       0x60 ./Drivers/STM32F4xx_HAL_Driver/Src/stm32f4xx_hal_tim.o
 .text.TIM_ITRx_SetConfig
                0x0800969a       0x36 ./Drivers/STM32F4xx_HAL_Driver/Src/stm32f4xx_hal_tim.o
 .text.TIM_ETR_SetConfig
                0x080096d0       0x40 ./Drivers/STM32F4xx_HAL_Driver/Src/stm32f4xx_hal_tim.o
                0x080096d0                TIM_ETR_SetConfig
 .text.HAL_TIMEx_MasterConfigSynchronization
                0x08009710       0xf8 ./Drivers/STM32F4xx_HAL_Driver/Src/stm32f4xx_hal_tim_ex.o
                0x08009710                HAL_TIMEx_MasterConfigSynchronization
 .text.HAL_TIMEx_CommutCallback
                0x08009808       0x14 ./Drivers/STM32F4xx_HAL_Driver/Src/stm32f4xx_hal_tim_ex.o
                0x08009808                HAL_TIMEx_CommutCallback
 .text.HAL_TIMEx_BreakCallback
                0x0800981c       0x14 ./Drivers/STM32F4xx_HAL_Driver/Src/stm32f4xx_hal_tim_ex.o
                0x0800981c                HAL_TIMEx_BreakCallback
 .text.HAL_UART_Init
                0x08009830       0xa0 ./Drivers/STM32F4xx_HAL_Driver/Src/stm32f4xx_hal_uart.o
                0x08009830                HAL_UART_Init
 .text.HAL_UART_Transmit
                0x080098d0      0x116 ./Drivers/STM32F4xx_HAL_Driver/Src/stm32f4xx_hal_uart.o
                0x080098d0                HAL_UART_Transmit
 *fill*         0x080099e6        0x2 
 .text.HAL_UART_IRQHandler
                0x080099e8      0x554 ./Drivers/STM32F4xx_HAL_Driver/Src/stm32f4xx_hal_uart.o
                0x080099e8                HAL_UART_IRQHandler
 .text.HAL_UART_TxCpltCallback
                0x08009f3c       0x14 ./Drivers/STM32F4xx_HAL_Driver/Src/stm32f4xx_hal_uart.o
                0x08009f3c                HAL_UART_TxCpltCallback
 .text.HAL_UART_RxCpltCallback
                0x08009f50       0x14 ./Drivers/STM32F4xx_HAL_Driver/Src/stm32f4xx_hal_uart.o
                0x08009f50                HAL_UART_RxCpltCallback
 .text.HAL_UART_ErrorCallback
                0x08009f64       0x14 ./Drivers/STM32F4xx_HAL_Driver/Src/stm32f4xx_hal_uart.o
                0x08009f64                HAL_UART_ErrorCallback
 .text.HAL_UARTEx_RxEventCallback
                0x08009f78       0x18 ./Drivers/STM32F4xx_HAL_Driver/Src/stm32f4xx_hal_uart.o
                0x08009f78                HAL_UARTEx_RxEventCallback
 .text.UART_WaitOnFlagUntilTimeout
                0x08009f90       0xb2 ./Drivers/STM32F4xx_HAL_Driver/Src/stm32f4xx_hal_uart.o
 .text.UART_EndRxTransfer
                0x0800a042       0xc6 ./Drivers/STM32F4xx_HAL_Driver/Src/stm32f4xx_hal_uart.o
 .text.UART_DMAAbortOnError
                0x0800a108       0x22 ./Drivers/STM32F4xx_HAL_Driver/Src/stm32f4xx_hal_uart.o
 .text.UART_Transmit_IT
                0x0800a12a       0xa0 ./Drivers/STM32F4xx_HAL_Driver/Src/stm32f4xx_hal_uart.o
 .text.UART_EndTransmit_IT
                0x0800a1ca       0x30 ./Drivers/STM32F4xx_HAL_Driver/Src/stm32f4xx_hal_uart.o
 .text.UART_Receive_IT
                0x0800a1fa      0x17c ./Drivers/STM32F4xx_HAL_Driver/Src/stm32f4xx_hal_uart.o
 *fill*         0x0800a376        0x2 
 .text.UART_SetConfig
                0x0800a378      0x4e8 ./Drivers/STM32F4xx_HAL_Driver/Src/stm32f4xx_hal_uart.o
 .text.__NVIC_SetPriority
                0x0800a860       0x54 ./Middlewares/Third_Party/FreeRTOS/Source/CMSIS_RTOS_V2/cmsis_os2.o
 .text.SysTick_Handler
                0x0800a8b4       0x20 ./Middlewares/Third_Party/FreeRTOS/Source/CMSIS_RTOS_V2/cmsis_os2.o
                0x0800a8b4                SysTick_Handler
 .text.SVC_Setup
                0x0800a8d4       0x12 ./Middlewares/Third_Party/FreeRTOS/Source/CMSIS_RTOS_V2/cmsis_os2.o
 *fill*         0x0800a8e6        0x2 
 .text.osKernelInitialize
                0x0800a8e8       0x48 ./Middlewares/Third_Party/FreeRTOS/Source/CMSIS_RTOS_V2/cmsis_os2.o
                0x0800a8e8                osKernelInitialize
 .text.osKernelStart
                0x0800a930       0x4c ./Middlewares/Third_Party/FreeRTOS/Source/CMSIS_RTOS_V2/cmsis_os2.o
                0x0800a930                osKernelStart
 .text.osThreadNew
                0x0800a97c      0x126 ./Middlewares/Third_Party/FreeRTOS/Source/CMSIS_RTOS_V2/cmsis_os2.o
                0x0800a97c                osThreadNew
 .text.osThreadGetStackSpace
                0x0800aaa2       0x3a ./Middlewares/Third_Party/FreeRTOS/Source/CMSIS_RTOS_V2/cmsis_os2.o
                0x0800aaa2                osThreadGetStackSpace
 .text.osDelay  0x0800aadc       0x36 ./Middlewares/Third_Party/FreeRTOS/Source/CMSIS_RTOS_V2/cmsis_os2.o
                0x0800aadc                osDelay
 .text.TimerCallback
                0x0800ab12       0x2a ./Middlewares/Third_Party/FreeRTOS/Source/CMSIS_RTOS_V2/cmsis_os2.o
 .text.osTimerNew
                0x0800ab3c       0xf8 ./Middlewares/Third_Party/FreeRTOS/Source/CMSIS_RTOS_V2/cmsis_os2.o
                0x0800ab3c                osTimerNew
 .text.osTimerStart
                0x0800ac34       0x5c ./Middlewares/Third_Party/FreeRTOS/Source/CMSIS_RTOS_V2/cmsis_os2.o
                0x0800ac34                osTimerStart
 .text.osTimerStop
                0x0800ac90       0x6e ./Middlewares/Third_Party/FreeRTOS/Source/CMSIS_RTOS_V2/cmsis_os2.o
                0x0800ac90                osTimerStop
 .text.osEventFlagsNew
                0x0800acfe       0x7e ./Middlewares/Third_Party/FreeRTOS/Source/CMSIS_RTOS_V2/cmsis_os2.o
                0x0800acfe                osEventFlagsNew
 .text.osEventFlagsSet
                0x0800ad7c       0x84 ./Middlewares/Third_Party/FreeRTOS/Source/CMSIS_RTOS_V2/cmsis_os2.o
                0x0800ad7c                osEventFlagsSet
 .text.osEventFlagsClear
                0x0800ae00       0x62 ./Middlewares/Third_Party/FreeRTOS/Source/CMSIS_RTOS_V2/cmsis_os2.o
                0x0800ae00                osEventFlagsClear
 .text.osEventFlagsGet
                0x0800ae62       0x42 ./Middlewares/Third_Party/FreeRTOS/Source/CMSIS_RTOS_V2/cmsis_os2.o
                0x0800ae62                osEventFlagsGet
 .text.osEventFlagsWait
                0x0800aea4       0xca ./Middlewares/Third_Party/FreeRTOS/Source/CMSIS_RTOS_V2/cmsis_os2.o
                0x0800aea4                osEventFlagsWait
 .text.osMutexNew
                0x0800af6e      0x10c ./Middlewares/Third_Party/FreeRTOS/Source/CMSIS_RTOS_V2/cmsis_os2.o
                0x0800af6e                osMutexNew
 .text.osMutexAcquire
                0x0800b07a       0x96 ./Middlewares/Third_Party/FreeRTOS/Source/CMSIS_RTOS_V2/cmsis_os2.o
                0x0800b07a                osMutexAcquire
 .text.osMutexRelease
                0x0800b110       0x7a ./Middlewares/Third_Party/FreeRTOS/Source/CMSIS_RTOS_V2/cmsis_os2.o
                0x0800b110                osMutexRelease
 .text.osMessageQueueNew
                0x0800b18a       0xe6 ./Middlewares/Third_Party/FreeRTOS/Source/CMSIS_RTOS_V2/cmsis_os2.o
                0x0800b18a                osMessageQueueNew
 .text.osMessageQueuePut
                0x0800b270       0xc0 ./Middlewares/Third_Party/FreeRTOS/Source/CMSIS_RTOS_V2/cmsis_os2.o
                0x0800b270                osMessageQueuePut
 .text.osMessageQueueGet
                0x0800b330       0xbc ./Middlewares/Third_Party/FreeRTOS/Source/CMSIS_RTOS_V2/cmsis_os2.o
                0x0800b330                osMessageQueueGet
 .text.vApplicationGetIdleTaskMemory
                0x0800b3ec       0x34 ./Middlewares/Third_Party/FreeRTOS/Source/CMSIS_RTOS_V2/cmsis_os2.o
                0x0800b3ec                vApplicationGetIdleTaskMemory
 .text.vApplicationGetTimerTaskMemory
                0x0800b420       0x34 ./Middlewares/Third_Party/FreeRTOS/Source/CMSIS_RTOS_V2/cmsis_os2.o
                0x0800b420                vApplicationGetTimerTaskMemory
 .text.xEventGroupCreateStatic
                0x0800b454       0x72 ./Middlewares/Third_Party/FreeRTOS/Source/event_groups.o
                0x0800b454                xEventGroupCreateStatic
 .text.xEventGroupCreate
                0x0800b4c6       0x34 ./Middlewares/Third_Party/FreeRTOS/Source/event_groups.o
                0x0800b4c6                xEventGroupCreate
 *fill*         0x0800b4fa        0x2 
 .text.xEventGroupWaitBits
                0x0800b4fc      0x1a4 ./Middlewares/Third_Party/FreeRTOS/Source/event_groups.o
                0x0800b4fc                xEventGroupWaitBits
 .text.xEventGroupClearBits
                0x0800b6a0       0x72 ./Middlewares/Third_Party/FreeRTOS/Source/event_groups.o
                0x0800b6a0                xEventGroupClearBits
 *fill*         0x0800b712        0x2 
 .text.xEventGroupClearBitsFromISR
                0x0800b714       0x28 ./Middlewares/Third_Party/FreeRTOS/Source/event_groups.o
                0x0800b714                xEventGroupClearBitsFromISR
 .text.xEventGroupGetBitsFromISR
                0x0800b73c       0x48 ./Middlewares/Third_Party/FreeRTOS/Source/event_groups.o
                0x0800b73c                xEventGroupGetBitsFromISR
 .text.xEventGroupSetBits
                0x0800b784      0x118 ./Middlewares/Third_Party/FreeRTOS/Source/event_groups.o
                0x0800b784                xEventGroupSetBits
 .text.vEventGroupSetBitsCallback
                0x0800b89c       0x1a ./Middlewares/Third_Party/FreeRTOS/Source/event_groups.o
                0x0800b89c                vEventGroupSetBitsCallback
 .text.vEventGroupClearBitsCallback
                0x0800b8b6       0x1a ./Middlewares/Third_Party/FreeRTOS/Source/event_groups.o
                0x0800b8b6                vEventGroupClearBitsCallback
 .text.prvTestWaitCondition
                0x0800b8d0       0x44 ./Middlewares/Third_Party/FreeRTOS/Source/event_groups.o
 .text.xEventGroupSetBitsFromISR
                0x0800b914       0x28 ./Middlewares/Third_Party/FreeRTOS/Source/event_groups.o
                0x0800b914                xEventGroupSetBitsFromISR
 .text.vListInitialise
                0x0800b93c       0x40 ./Middlewares/Third_Party/FreeRTOS/Source/list.o
                0x0800b93c                vListInitialise
 .text.vListInitialiseItem
                0x0800b97c       0x1a ./Middlewares/Third_Party/FreeRTOS/Source/list.o
                0x0800b97c                vListInitialiseItem
 .text.vListInsertEnd
                0x0800b996       0x48 ./Middlewares/Third_Party/FreeRTOS/Source/list.o
                0x0800b996                vListInsertEnd
 .text.vListInsert
                0x0800b9de       0x72 ./Middlewares/Third_Party/FreeRTOS/Source/list.o
                0x0800b9de                vListInsert
 .text.uxListRemove
                0x0800ba50       0x54 ./Middlewares/Third_Party/FreeRTOS/Source/list.o
                0x0800ba50                uxListRemove
 .text.xQueueGenericReset
                0x0800baa4       0xd4 ./Middlewares/Third_Party/FreeRTOS/Source/queue.o
                0x0800baa4                xQueueGenericReset
 .text.xQueueGenericCreateStatic
                0x0800bb78       0xfa ./Middlewares/Third_Party/FreeRTOS/Source/queue.o
                0x0800bb78                xQueueGenericCreateStatic
 .text.xQueueGenericCreate
                0x0800bc72       0x76 ./Middlewares/Third_Party/FreeRTOS/Source/queue.o
                0x0800bc72                xQueueGenericCreate
 .text.prvInitialiseNewQueue
                0x0800bce8       0x46 ./Middlewares/Third_Party/FreeRTOS/Source/queue.o
 .text.prvInitialiseMutex
                0x0800bd2e       0x34 ./Middlewares/Third_Party/FreeRTOS/Source/queue.o
 .text.xQueueCreateMutex
                0x0800bd62       0x30 ./Middlewares/Third_Party/FreeRTOS/Source/queue.o
                0x0800bd62                xQueueCreateMutex
 .text.xQueueCreateMutexStatic
                0x0800bd92       0x36 ./Middlewares/Third_Party/FreeRTOS/Source/queue.o
                0x0800bd92                xQueueCreateMutexStatic
 .text.xQueueGiveMutexRecursive
                0x0800bdc8       0x6a ./Middlewares/Third_Party/FreeRTOS/Source/queue.o
                0x0800bdc8                xQueueGiveMutexRecursive
 .text.xQueueTakeMutexRecursive
                0x0800be32       0x6e ./Middlewares/Third_Party/FreeRTOS/Source/queue.o
                0x0800be32                xQueueTakeMutexRecursive
 .text.xQueueGenericSend
                0x0800bea0      0x204 ./Middlewares/Third_Party/FreeRTOS/Source/queue.o
                0x0800bea0                xQueueGenericSend
 .text.xQueueGenericSendFromISR
                0x0800c0a4      0x13c ./Middlewares/Third_Party/FreeRTOS/Source/queue.o
                0x0800c0a4                xQueueGenericSendFromISR
 .text.xQueueReceive
                0x0800c1e0      0x1c4 ./Middlewares/Third_Party/FreeRTOS/Source/queue.o
                0x0800c1e0                xQueueReceive
 .text.xQueueSemaphoreTake
                0x0800c3a4      0x220 ./Middlewares/Third_Party/FreeRTOS/Source/queue.o
                0x0800c3a4                xQueueSemaphoreTake
 .text.xQueueReceiveFromISR
                0x0800c5c4      0x104 ./Middlewares/Third_Party/FreeRTOS/Source/queue.o
                0x0800c5c4                xQueueReceiveFromISR
 .text.prvGetDisinheritPriorityAfterTimeout
                0x0800c6c8       0x30 ./Middlewares/Third_Party/FreeRTOS/Source/queue.o
 .text.prvCopyDataToQueue
                0x0800c6f8       0xd4 ./Middlewares/Third_Party/FreeRTOS/Source/queue.o
 .text.prvCopyDataFromQueue
                0x0800c7cc       0x4c ./Middlewares/Third_Party/FreeRTOS/Source/queue.o
 .text.prvUnlockQueue
                0x0800c818       0xa4 ./Middlewares/Third_Party/FreeRTOS/Source/queue.o
 .text.prvIsQueueEmpty
                0x0800c8bc       0x2c ./Middlewares/Third_Party/FreeRTOS/Source/queue.o
 .text.prvIsQueueFull
                0x0800c8e8       0x30 ./Middlewares/Third_Party/FreeRTOS/Source/queue.o
 .text.vQueueAddToRegistry
                0x0800c918       0x54 ./Middlewares/Third_Party/FreeRTOS/Source/queue.o
                0x0800c918                vQueueAddToRegistry
 .text.vQueueWaitForMessageRestricted
                0x0800c96c       0x68 ./Middlewares/Third_Party/FreeRTOS/Source/queue.o
                0x0800c96c                vQueueWaitForMessageRestricted
 .text.xTaskCreateStatic
                0x0800c9d4       0xc4 ./Middlewares/Third_Party/FreeRTOS/Source/tasks.o
                0x0800c9d4                xTaskCreateStatic
 .text.xTaskCreate
                0x0800ca98       0x8c ./Middlewares/Third_Party/FreeRTOS/Source/tasks.o
                0x0800ca98                xTaskCreate
 .text.prvInitialiseNewTask
                0x0800cb24      0x15c ./Middlewares/Third_Party/FreeRTOS/Source/tasks.o
 .text.prvAddNewTaskToReadyList
                0x0800cc80       0xe0 ./Middlewares/Third_Party/FreeRTOS/Source/tasks.o
 .text.vTaskDelay
                0x0800cd60       0x6c ./Middlewares/Third_Party/FreeRTOS/Source/tasks.o
                0x0800cd60                vTaskDelay
 .text.vTaskStartScheduler
                0x0800cdcc       0xe4 ./Middlewares/Third_Party/FreeRTOS/Source/tasks.o
                0x0800cdcc                vTaskStartScheduler
 .text.vTaskSuspendAll
                0x0800ceb0       0x1c ./Middlewares/Third_Party/FreeRTOS/Source/tasks.o
                0x0800ceb0                vTaskSuspendAll
 .text.xTaskResumeAll
                0x0800cecc      0x13c ./Middlewares/Third_Party/FreeRTOS/Source/tasks.o
                0x0800cecc                xTaskResumeAll
 .text.xTaskGetTickCount
                0x0800d008       0x20 ./Middlewares/Third_Party/FreeRTOS/Source/tasks.o
                0x0800d008                xTaskGetTickCount
 .text.xTaskIncrementTick
                0x0800d028      0x174 ./Middlewares/Third_Party/FreeRTOS/Source/tasks.o
                0x0800d028                xTaskIncrementTick
 .text.vTaskSwitchContext
                0x0800d19c      0x118 ./Middlewares/Third_Party/FreeRTOS/Source/tasks.o
                0x0800d19c                vTaskSwitchContext
 .text.vTaskPlaceOnEventList
                0x0800d2b4       0x4c ./Middlewares/Third_Party/FreeRTOS/Source/tasks.o
                0x0800d2b4                vTaskPlaceOnEventList
 .text.vTaskPlaceOnUnorderedEventList
                0x0800d300       0x7c ./Middlewares/Third_Party/FreeRTOS/Source/tasks.o
                0x0800d300                vTaskPlaceOnUnorderedEventList
 .text.vTaskPlaceOnEventListRestricted
                0x0800d37c       0x58 ./Middlewares/Third_Party/FreeRTOS/Source/tasks.o
                0x0800d37c                vTaskPlaceOnEventListRestricted
 .text.xTaskRemoveFromEventList
                0x0800d3d4       0xc8 ./Middlewares/Third_Party/FreeRTOS/Source/tasks.o
                0x0800d3d4                xTaskRemoveFromEventList
 .text.vTaskRemoveFromUnorderedEventList
                0x0800d49c       0xc8 ./Middlewares/Third_Party/FreeRTOS/Source/tasks.o
                0x0800d49c                vTaskRemoveFromUnorderedEventList
 .text.vTaskInternalSetTimeOutState
                0x0800d564       0x2c ./Middlewares/Third_Party/FreeRTOS/Source/tasks.o
                0x0800d564                vTaskInternalSetTimeOutState
 .text.xTaskCheckForTimeOut
                0x0800d590       0xc8 ./Middlewares/Third_Party/FreeRTOS/Source/tasks.o
                0x0800d590                xTaskCheckForTimeOut
 .text.vTaskMissedYield
                0x0800d658       0x18 ./Middlewares/Third_Party/FreeRTOS/Source/tasks.o
                0x0800d658                vTaskMissedYield
 .text.prvIdleTask
                0x0800d670       0x30 ./Middlewares/Third_Party/FreeRTOS/Source/tasks.o
 .text.prvInitialiseTaskLists
                0x0800d6a0       0x80 ./Middlewares/Third_Party/FreeRTOS/Source/tasks.o
 .text.prvCheckTasksWaitingTermination
                0x0800d720       0x5c ./Middlewares/Third_Party/FreeRTOS/Source/tasks.o
 .text.prvTaskCheckFreeStackSpace
                0x0800d77c       0x38 ./Middlewares/Third_Party/FreeRTOS/Source/tasks.o
 .text.uxTaskGetStackHighWaterMark
                0x0800d7b4       0x38 ./Middlewares/Third_Party/FreeRTOS/Source/tasks.o
                0x0800d7b4                uxTaskGetStackHighWaterMark
 .text.prvDeleteTCB
                0x0800d7ec       0x6c ./Middlewares/Third_Party/FreeRTOS/Source/tasks.o
 .text.prvResetNextTaskUnblockTime
                0x0800d858       0x40 ./Middlewares/Third_Party/FreeRTOS/Source/tasks.o
 .text.xTaskGetCurrentTaskHandle
                0x0800d898       0x20 ./Middlewares/Third_Party/FreeRTOS/Source/tasks.o
                0x0800d898                xTaskGetCurrentTaskHandle
 .text.xTaskGetSchedulerState
                0x0800d8b8       0x3c ./Middlewares/Third_Party/FreeRTOS/Source/tasks.o
                0x0800d8b8                xTaskGetSchedulerState
 .text.xTaskPriorityInherit
                0x0800d8f4       0xd4 ./Middlewares/Third_Party/FreeRTOS/Source/tasks.o
                0x0800d8f4                xTaskPriorityInherit
 .text.xTaskPriorityDisinherit
                0x0800d9c8       0xec ./Middlewares/Third_Party/FreeRTOS/Source/tasks.o
                0x0800d9c8                xTaskPriorityDisinherit
 .text.vTaskPriorityDisinheritAfterTimeout
                0x0800dab4      0x110 ./Middlewares/Third_Party/FreeRTOS/Source/tasks.o
                0x0800dab4                vTaskPriorityDisinheritAfterTimeout
 .text.uxTaskResetEventItemValue
                0x0800dbc4       0x30 ./Middlewares/Third_Party/FreeRTOS/Source/tasks.o
                0x0800dbc4                uxTaskResetEventItemValue
 .text.pvTaskIncrementMutexHeldCount
                0x0800dbf4       0x2c ./Middlewares/Third_Party/FreeRTOS/Source/tasks.o
                0x0800dbf4                pvTaskIncrementMutexHeldCount
 .text.prvAddCurrentTaskToDelayedList
                0x0800dc20       0xa8 ./Middlewares/Third_Party/FreeRTOS/Source/tasks.o
 .text.xTimerCreateTimerTask
                0x0800dcc8       0x94 ./Middlewares/Third_Party/FreeRTOS/Source/timers.o
                0x0800dcc8                xTimerCreateTimerTask
 .text.xTimerCreate
                0x0800dd5c       0x42 ./Middlewares/Third_Party/FreeRTOS/Source/timers.o
                0x0800dd5c                xTimerCreate
 .text.xTimerCreateStatic
                0x0800dd9e       0x80 ./Middlewares/Third_Party/FreeRTOS/Source/timers.o
                0x0800dd9e                xTimerCreateStatic
 .text.prvInitialiseNewTimer
                0x0800de1e       0x78 ./Middlewares/Third_Party/FreeRTOS/Source/timers.o
 *fill*         0x0800de96        0x2 
 .text.xTimerGenericCommand
                0x0800de98       0x9c ./Middlewares/Third_Party/FreeRTOS/Source/timers.o
                0x0800de98                xTimerGenericCommand
 .text.prvProcessExpiredTimer
                0x0800df34       0x9c ./Middlewares/Third_Party/FreeRTOS/Source/timers.o
 .text.prvTimerTask
                0x0800dfd0       0x26 ./Middlewares/Third_Party/FreeRTOS/Source/timers.o
 *fill*         0x0800dff6        0x2 
 .text.prvProcessTimerOrBlockTask
                0x0800dff8       0x9c ./Middlewares/Third_Party/FreeRTOS/Source/timers.o
 .text.prvGetNextExpireTime
                0x0800e094       0x48 ./Middlewares/Third_Party/FreeRTOS/Source/timers.o
 .text.prvSampleTimeNow
                0x0800e0dc       0x40 ./Middlewares/Third_Party/FreeRTOS/Source/timers.o
 .text.prvInsertTimerInActiveList
                0x0800e11c       0x84 ./Middlewares/Third_Party/FreeRTOS/Source/timers.o
 .text.prvProcessReceivedCommands
                0x0800e1a0      0x1cc ./Middlewares/Third_Party/FreeRTOS/Source/timers.o
 .text.prvSwitchTimerLists
                0x0800e36c       0xcc ./Middlewares/Third_Party/FreeRTOS/Source/timers.o
 .text.prvCheckForValidListAndQueue
                0x0800e438       0x80 ./Middlewares/Third_Party/FreeRTOS/Source/timers.o
 .text.xTimerIsTimerActive
                0x0800e4b8       0x54 ./Middlewares/Third_Party/FreeRTOS/Source/timers.o
                0x0800e4b8                xTimerIsTimerActive
 .text.pvTimerGetTimerID
                0x0800e50c       0x42 ./Middlewares/Third_Party/FreeRTOS/Source/timers.o
                0x0800e50c                pvTimerGetTimerID
 *fill*         0x0800e54e        0x2 
 .text.xTimerPendFunctionCallFromISR
                0x0800e550       0x40 ./Middlewares/Third_Party/FreeRTOS/Source/timers.o
                0x0800e550                xTimerPendFunctionCallFromISR
 .text.pxPortInitialiseStack
                0x0800e590       0x68 ./Middlewares/Third_Party/FreeRTOS/Source/portable/GCC/ARM_CM4F/port.o
                0x0800e590                pxPortInitialiseStack
 .text.prvTaskExitError
                0x0800e5f8       0x5c ./Middlewares/Third_Party/FreeRTOS/Source/portable/GCC/ARM_CM4F/port.o
 *fill*         0x0800e654        0xc 
 .text.SVC_Handler
                0x0800e660       0x28 ./Middlewares/Third_Party/FreeRTOS/Source/portable/GCC/ARM_CM4F/port.o
                0x0800e660                SVC_Handler
 .text.prvPortStartFirstTask
                0x0800e688       0x28 ./Middlewares/Third_Party/FreeRTOS/Source/portable/GCC/ARM_CM4F/port.o
 .text.xPortStartScheduler
                0x0800e6b0      0x148 ./Middlewares/Third_Party/FreeRTOS/Source/portable/GCC/ARM_CM4F/port.o
                0x0800e6b0                xPortStartScheduler
 .text.vPortEnterCritical
                0x0800e7f8       0x64 ./Middlewares/Third_Party/FreeRTOS/Source/portable/GCC/ARM_CM4F/port.o
                0x0800e7f8                vPortEnterCritical
 .text.vPortExitCritical
                0x0800e85c       0x54 ./Middlewares/Third_Party/FreeRTOS/Source/portable/GCC/ARM_CM4F/port.o
                0x0800e85c                vPortExitCritical
 .text.PendSV_Handler
                0x0800e8b0       0x68 ./Middlewares/Third_Party/FreeRTOS/Source/portable/GCC/ARM_CM4F/port.o
                0x0800e8b0                PendSV_Handler
 .text.xPortSysTickHandler
                0x0800e918       0x44 ./Middlewares/Third_Party/FreeRTOS/Source/portable/GCC/ARM_CM4F/port.o
                0x0800e918                xPortSysTickHandler
 .text.vPortSetupTimerInterrupt
                0x0800e95c       0x48 ./Middlewares/Third_Party/FreeRTOS/Source/portable/GCC/ARM_CM4F/port.o
                0x0800e95c                vPortSetupTimerInterrupt
 .text.vPortEnableVFP
                0x0800e9a4       0x14 ./Middlewares/Third_Party/FreeRTOS/Source/portable/GCC/ARM_CM4F/port.o
 .text.vPortValidateInterruptPriority
                0x0800e9b8       0x84 ./Middlewares/Third_Party/FreeRTOS/Source/portable/GCC/ARM_CM4F/port.o
                0x0800e9b8                vPortValidateInterruptPriority
 .text.pvPortMalloc
                0x0800ea3c      0x19c ./Middlewares/Third_Party/FreeRTOS/Source/portable/MemMang/heap_4.o
                0x0800ea3c                pvPortMalloc
 .text.vPortFree
                0x0800ebd8       0xc8 ./Middlewares/Third_Party/FreeRTOS/Source/portable/MemMang/heap_4.o
                0x0800ebd8                vPortFree
 .text.prvHeapInit
                0x0800eca0       0xc4 ./Middlewares/Third_Party/FreeRTOS/Source/portable/MemMang/heap_4.o
 .text.prvInsertBlockIntoFreeList
                0x0800ed64       0xb4 ./Middlewares/Third_Party/FreeRTOS/Source/portable/MemMang/heap_4.o
 .text.memset   0x0800ee18       0x10 /Applications/STM32CubeIDE.app/Contents/Eclipse/plugins/com.st.stm32cube.ide.mcu.externaltools.gnu-tools-for-stm32.14.3.rel1.macosaarch64_1.0.0.202602081740/tools/bin/../lib/gcc/arm-none-eabi/14.3.1/../../../../arm-none-eabi/lib/thumb/v7e-m+fp/hard/libc_nano.a(libc_a-memset.o)
                0x0800ee18                memset
 .text.__libc_init_array
                0x0800ee28       0x48 /Applications/STM32CubeIDE.app/Contents/Eclipse/plugins/com.st.stm32cube.ide.mcu.externaltools.gnu-tools-for-stm32.14.3.rel1.macosaarch64_1.0.0.202602081740/tools/bin/../lib/gcc/arm-none-eabi/14.3.1/../../../../arm-none-eabi/lib/thumb/v7e-m+fp/hard/libc_nano.a(libc_a-init.o)
                0x0800ee28                __libc_init_array
 .text.__retarget_lock_acquire_recursive
                0x0800ee70        0x2 /Applications/STM32CubeIDE.app/Contents/Eclipse/plugins/com.st.stm32cube.ide.mcu.externaltools.gnu-tools-for-stm32.14.3.rel1.macosaarch64_1.0.0.202602081740/tools/bin/../lib/gcc/arm-none-eabi/14.3.1/../../../../arm-none-eabi/lib/thumb/v7e-m+fp/hard/libc_nano.a(libc_a-lock.o)
                0x0800ee70                __retarget_lock_acquire_recursive
 .text.__retarget_lock_release_recursive
                0x0800ee72        0x2 /Applications/STM32CubeIDE.app/Contents/Eclipse/plugins/com.st.stm32cube.ide.mcu.externaltools.gnu-tools-for-stm32.14.3.rel1.macosaarch64_1.0.0.202602081740/tools/bin/../lib/gcc/arm-none-eabi/14.3.1/../../../../arm-none-eabi/lib/thumb/v7e-m+fp/hard/libc_nano.a(libc_a-lock.o)
                0x0800ee72                __retarget_lock_release_recursive
 .text._reclaim_reent
                0x0800ee74       0xbc /Applications/STM32CubeIDE.app/Contents/Eclipse/plugins/com.st.stm32cube.ide.mcu.externaltools.gnu-tools-for-stm32.14.3.rel1.macosaarch64_1.0.0.202602081740/tools/bin/../lib/gcc/arm-none-eabi/14.3.1/../../../../arm-none-eabi/lib/thumb/v7e-m+fp/hard/libc_nano.a(libc_a-reent.o)
                0x0800ee74                _reclaim_reent
 .text.memcpy   0x0800ef30       0x1c /Applications/STM32CubeIDE.app/Contents/Eclipse/plugins/com.st.stm32cube.ide.mcu.externaltools.gnu-tools-for-stm32.14.3.rel1.macosaarch64_1.0.0.202602081740/tools/bin/../lib/gcc/arm-none-eabi/14.3.1/../../../../arm-none-eabi/lib/thumb/v7e-m+fp/hard/libc_nano.a(libc_a-memcpy-stub.o)
                0x0800ef30                memcpy
 .text._free_r  0x0800ef4c       0x94 /Applications/STM32CubeIDE.app/Contents/Eclipse/plugins/com.st.stm32cube.ide.mcu.externaltools.gnu-tools-for-stm32.14.3.rel1.macosaarch64_1.0.0.202602081740/tools/bin/../lib/gcc/arm-none-eabi/14.3.1/../../../../arm-none-eabi/lib/thumb/v7e-m+fp/hard/libc_nano.a(libc_a-freer.o)
                0x0800ef4c                _free_r
 .text.__malloc_lock
                0x0800efe0        0xc /Applications/STM32CubeIDE.app/Contents/Eclipse/plugins/com.st.stm32cube.ide.mcu.externaltools.gnu-tools-for-stm32.14.3.rel1.macosaarch64_1.0.0.202602081740/tools/bin/../lib/gcc/arm-none-eabi/14.3.1/../../../../arm-none-eabi/lib/thumb/v7e-m+fp/hard/libc_nano.a(libc_a-mlock.o)
                0x0800efe0                __malloc_lock
 .text.__malloc_unlock
                0x0800efec        0xc /Applications/STM32CubeIDE.app/Contents/Eclipse/plugins/com.st.stm32cube.ide.mcu.externaltools.gnu-tools-for-stm32.14.3.rel1.macosaarch64_1.0.0.202602081740/tools/bin/../lib/gcc/arm-none-eabi/14.3.1/../../../../arm-none-eabi/lib/thumb/v7e-m+fp/hard/libc_nano.a(libc_a-mlock.o)
                0x0800efec                __malloc_unlock
 *(.glue_7)
 .glue_7        0x0800eff8        0x0 linker stubs
 *(.glue_7t)
 .glue_7t       0x0800eff8        0x0 linker stubs
 *(.eh_frame)
 .eh_frame      0x0800eff8        0x0 /Applications/STM32CubeIDE.app/Contents/Eclipse/plugins/com.st.stm32cube.ide.mcu.externaltools.gnu-tools-for-stm32.14.3.rel1.macosaarch64_1.0.0.202602081740/tools/bin/../lib/gcc/arm-none-eabi/14.3.1/thumb/v7e-m+fp/hard/crtbegin.o
 *(.init)
 .init          0x0800eff8        0x4 /Applications/STM32CubeIDE.app/Contents/Eclipse/plugins/com.st.stm32cube.ide.mcu.externaltools.gnu-tools-for-stm32.14.3.rel1.macosaarch64_1.0.0.202602081740/tools/bin/../lib/gcc/arm-none-eabi/14.3.1/thumb/v7e-m+fp/hard/crti.o
                0x0800eff8                _init
 .init          0x0800effc        0x8 /Applications/STM32CubeIDE.app/Contents/Eclipse/plugins/com.st.stm32cube.ide.mcu.externaltools.gnu-tools-for-stm32.14.3.rel1.macosaarch64_1.0.0.202602081740/tools/bin/../lib/gcc/arm-none-eabi/14.3.1/thumb/v7e-m+fp/hard/crtn.o
 *(.fini)
 .fini          0x0800f004        0x4 /Applications/STM32CubeIDE.app/Contents/Eclipse/plugins/com.st.stm32cube.ide.mcu.externaltools.gnu-tools-for-stm32.14.3.rel1.macosaarch64_1.0.0.202602081740/tools/bin/../lib/gcc/arm-none-eabi/14.3.1/thumb/v7e-m+fp/hard/crti.o
                0x0800f004                _fini
 .fini          0x0800f008        0x8 /Applications/STM32CubeIDE.app/Contents/Eclipse/plugins/com.st.stm32cube.ide.mcu.externaltools.gnu-tools-for-stm32.14.3.rel1.macosaarch64_1.0.0.202602081740/tools/bin/../lib/gcc/arm-none-eabi/14.3.1/thumb/v7e-m+fp/hard/crtn.o
                0x0800f010                        . = ALIGN (0x4)
                0x0800f010                        _etext = .

.vfp11_veneer   0x0800f010        0x0
 .vfp11_veneer  0x0800f010        0x0 linker stubs

.v4_bx          0x0800f010        0x0
 .v4_bx         0x0800f010        0x0 linker stubs

.iplt           0x0800f010        0x0
 .iplt          0x0800f010        0x0 /Applications/STM32CubeIDE.app/Contents/Eclipse/plugins/com.st.stm32cube.ide.mcu.externaltools.gnu-tools-for-stm32.14.3.rel1.macosaarch64_1.0.0.202602081740/tools/bin/../lib/gcc/arm-none-eabi/14.3.1/thumb/v7e-m+fp/hard/crtbegin.o

.rodata         0x0800f010      0x6d0
                0x0800f010                        . = ALIGN (0x4)
 *(.rodata)
 .rodata        0x0800f010      0x311 ./Core/Src/freertos.o
 *fill*         0x0800f321        0x3 
 .rodata        0x0800f324        0xd ./Core/Src/app/handle_gui.o
 *fill*         0x0800f331        0x3 
 .rodata        0x0800f334        0x5 ./Middlewares/Third_Party/FreeRTOS/Source/tasks.o
 *fill*         0x0800f339        0x3 
 .rodata        0x0800f33c        0xd ./Middlewares/Third_Party/FreeRTOS/Source/timers.o
 *(.rodata*)
 *fill*         0x0800f349        0x3 
 .rodata.LogTaskStackUsage_attributes
                0x0800f34c       0x24 ./Core/Src/freertos.o
                0x0800f34c                LogTaskStackUsage_attributes
 .rodata.CalibrateTask_attributes
                0x0800f370       0x24 ./Core/Src/freertos.o
                0x0800f370                CalibrateTask_attributes
 .rodata.RTD_Task_attributes
                0x0800f394       0x24 ./Core/Src/freertos.o
                0x0800f394                RTD_Task_attributes
 .rodata.ProcessADC_Task_attributes
                0x0800f3b8       0x24 ./Core/Src/freertos.o
                0x0800f3b8                ProcessADC_Task_attributes
 .rodata.PedalsDataTask_attributes
                0x0800f3dc       0x24 ./Core/Src/freertos.o
                0x0800f3dc                PedalsDataTask_attributes
 .rodata.VehicleCtrlTask_attributes
                0x0800f400       0x24 ./Core/Src/freertos.o
                0x0800f400                VehicleCtrlTask_attributes
 .rodata.StateCtrlTask_attributes
                0x0800f424       0x24 ./Core/Src/freertos.o
                0x0800f424                StateCtrlTask_attributes
 .rodata.ProcessCAN_Task_attributes
                0x0800f448       0x24 ./Core/Src/freertos.o
                0x0800f448                ProcessCAN_Task_attributes
 .rodata.HandleGUI_Task_attributes
                0x0800f46c       0x24 ./Core/Src/freertos.o
                0x0800f46c                HandleGUI_Task_attributes
 .rodata.LogVehicleData_Task_attributes
                0x0800f490       0x24 ./Core/Src/freertos.o
                0x0800f490                LogVehicleData_Task_attributes
 .rodata.VehicleFaultHandler_Task_attributes
                0x0800f4b4       0x24 ./Core/Src/freertos.o
                0x0800f4b4                VehicleFaultHandler_Task_attributes
 .rodata.StateTransitionQueue_attributes
                0x0800f4d8       0x18 ./Core/Src/freertos.o
                0x0800f4d8                StateTransitionQueue_attributes
 .rodata.CanMsgQueue_attributes
                0x0800f4f0       0x18 ./Core/Src/freertos.o
                0x0800f4f0                CanMsgQueue_attributes
 .rodata.PedalsADCQueue_attributes
                0x0800f508       0x18 ./Core/Src/freertos.o
                0x0800f508                PedalsADCQueue_attributes
 .rodata.CalibrationDataQueue_attributes
                0x0800f520       0x18 ./Core/Src/freertos.o
                0x0800f520                CalibrationDataQueue_attributes
 .rodata.ADCsToLogQueue_attributes
                0x0800f538       0x18 ./Core/Src/freertos.o
                0x0800f538                ADCsToLogQueue_attributes
 .rodata.RTD_Button_Timer_attributes
                0x0800f550       0x10 ./Core/Src/freertos.o
                0x0800f550                RTD_Button_Timer_attributes
 .rodata.InverterCAN_Transmit_Timer_attributes
                0x0800f560       0x10 ./Core/Src/freertos.o
                0x0800f560                InverterCAN_Transmit_Timer_attributes
 .rodata.RTD_Buzzer_Timer_attributes
                0x0800f570       0x10 ./Core/Src/freertos.o
                0x0800f570                RTD_Buzzer_Timer_attributes
 .rodata.APPS_1_OutOfRange_Timer_attributes
                0x0800f580       0x10 ./Core/Src/freertos.o
                0x0800f580                APPS_1_OutOfRange_Timer_attributes
 .rodata.BSE_OutOfRange_Timer_attributes
                0x0800f590       0x10 ./Core/Src/freertos.o
                0x0800f590                BSE_OutOfRange_Timer_attributes
 .rodata.APPS_Implausibility_Timer_attributes
                0x0800f5a0       0x10 ./Core/Src/freertos.o
                0x0800f5a0                APPS_Implausibility_Timer_attributes
 .rodata.APPS_2_OutOfRange_Timer_attributes
                0x0800f5b0       0x10 ./Core/Src/freertos.o
                0x0800f5b0                APPS_2_OutOfRange_Timer_attributes
 .rodata.Screenshot_Timer_attributes
                0x0800f5c0       0x10 ./Core/Src/freertos.o
                0x0800f5c0                Screenshot_Timer_attributes
 .rodata.CAN_2_Transmit_Timer_1_attributes
                0x0800f5d0       0x10 ./Core/Src/freertos.o
                0x0800f5d0                CAN_2_Transmit_Timer_1_attributes
 .rodata.CAN_2_Transmit_Timer_2_attributes
                0x0800f5e0       0x10 ./Core/Src/freertos.o
                0x0800f5e0                CAN_2_Transmit_Timer_2_attributes
 .rodata.CAN1_Mutex_attributes
                0x0800f5f0       0x10 ./Core/Src/freertos.o
                0x0800f5f0                CAN1_Mutex_attributes
 .rodata.CAN2_Mutex_attributes
                0x0800f600       0x10 ./Core/Src/freertos.o
                0x0800f600                CAN2_Mutex_attributes
 .rodata.SystemState_Mutex_attributes
                0x0800f610       0x10 ./Core/Src/freertos.o
                0x0800f610                SystemState_Mutex_attributes
 .rodata.VehicleState_Mutex_attributes
                0x0800f620       0x10 ./Core/Src/freertos.o
                0x0800f620                VehicleState_Mutex_attributes
 .rodata.InverterData1_Mutex_attributes
                0x0800f630       0x10 ./Core/Src/freertos.o
                0x0800f630                InverterData1_Mutex_attributes
 .rodata.InverterData2_Mutex_attributes
                0x0800f640       0x10 ./Core/Src/freertos.o
                0x0800f640                InverterData2_Mutex_attributes
 .rodata.PedalsState_Mutex_attributes
                0x0800f650       0x10 ./Core/Src/freertos.o
                0x0800f650                PedalsState_Mutex_attributes
 .rodata.PedalsFaults_Mutex_attributes
                0x0800f660       0x10 ./Core/Src/freertos.o
                0x0800f660                PedalsFaults_Mutex_attributes
 .rodata.DataToLog_Mutex_attributes
                0x0800f670       0x10 ./Core/Src/freertos.o
                0x0800f670                DataToLog_Mutex_attributes
 .rodata.CalibrationDataReceived_Event_attributes
                0x0800f680       0x10 ./Core/Src/freertos.o
                0x0800f680                CalibrationDataReceived_Event_attributes
 .rodata.PedalsOutOfRangeFault_Event_attributes
                0x0800f690       0x10 ./Core/Src/freertos.o
                0x0800f690                PedalsOutOfRangeFault_Event_attributes
 .rodata.APPS_Implausibility_Event_attributes
                0x0800f6a0       0x10 ./Core/Src/freertos.o
                0x0800f6a0                APPS_Implausibility_Event_attributes
 .rodata.Screenshot_Event_attributes
                0x0800f6b0       0x10 ./Core/Src/freertos.o
                0x0800f6b0                Screenshot_Event_attributes
 .rodata.AHBPrescTable
                0x0800f6c0       0x10 ./Core/Src/system_stm32f4xx.o
                0x0800f6c0                AHBPrescTable
 .rodata.APBPrescTable
                0x0800f6d0        0x8 ./Core/Src/system_stm32f4xx.o
                0x0800f6d0                APBPrescTable
 .rodata.flagBitshiftOffset.0
                0x0800f6d8        0x8 ./Drivers/STM32F4xx_HAL_Driver/Src/stm32f4xx_hal_dma.o
                0x0800f6e0                        . = ALIGN (0x4)

.ARM.extab      0x0800f6e0        0x0
                0x0800f6e0                        . = ALIGN (0x4)
 *(.ARM.extab* .gnu.linkonce.armextab.*)
                0x0800f6e0                        . = ALIGN (0x4)

.ARM            0x0800f6e0        0x8
                0x0800f6e0                        . = ALIGN (0x4)
                0x0800f6e0                        __exidx_start = .
 *(.ARM.exidx*)
 .ARM.exidx     0x0800f6e0        0x8 /Applications/STM32CubeIDE.app/Contents/Eclipse/plugins/com.st.stm32cube.ide.mcu.externaltools.gnu-tools-for-stm32.14.3.rel1.macosaarch64_1.0.0.202602081740/tools/bin/../lib/gcc/arm-none-eabi/14.3.1/thumb/v7e-m+fp/hard/libgcc.a(_udivmoddi4.o)
                0x0800f6e8                        __exidx_end = .
                0x0800f6e8                        . = ALIGN (0x4)

.preinit_array  0x0800f6e8        0x0
                0x0800f6e8                        . = ALIGN (0x4)
                0x0800f6e8                        PROVIDE (__preinit_array_start = .)
 *(.preinit_array*)
                0x0800f6e8                        PROVIDE (__preinit_array_end = .)
                0x0800f6e8                        . = ALIGN (0x4)

.init_array     0x0800f6e8        0x4
                0x0800f6e8                        . = ALIGN (0x4)
                0x0800f6e8                        PROVIDE (__init_array_start = .)
 *(SORT_BY_NAME(.init_array.*))
 *(.init_array*)
 .init_array    0x0800f6e8        0x4 /Applications/STM32CubeIDE.app/Contents/Eclipse/plugins/com.st.stm32cube.ide.mcu.externaltools.gnu-tools-for-stm32.14.3.rel1.macosaarch64_1.0.0.202602081740/tools/bin/../lib/gcc/arm-none-eabi/14.3.1/thumb/v7e-m+fp/hard/crtbegin.o
                0x0800f6ec                        PROVIDE (__init_array_end = .)
                0x0800f6ec                        . = ALIGN (0x4)

.fini_array     0x0800f6ec        0x4
                0x0800f6ec                        . = ALIGN (0x4)
                [!provide]                        PROVIDE (__fini_array_start = .)
 *(SORT_BY_NAME(.fini_array.*))
 *(.fini_array*)
 .fini_array    0x0800f6ec        0x4 /Applications/STM32CubeIDE.app/Contents/Eclipse/plugins/com.st.stm32cube.ide.mcu.externaltools.gnu-tools-for-stm32.14.3.rel1.macosaarch64_1.0.0.202602081740/tools/bin/../lib/gcc/arm-none-eabi/14.3.1/thumb/v7e-m+fp/hard/crtbegin.o
                [!provide]                        PROVIDE (__fini_array_end = .)
                0x0800f6f0                        . = ALIGN (0x4)
                0x0800f6f0                        _sidata = LOADADDR (.data)

.rel.dyn        0x0800f6f0        0x0
 .rel.iplt      0x0800f6f0        0x0 /Applications/STM32CubeIDE.app/Contents/Eclipse/plugins/com.st.stm32cube.ide.mcu.externaltools.gnu-tools-for-stm32.14.3.rel1.macosaarch64_1.0.0.202602081740/tools/bin/../lib/gcc/arm-none-eabi/14.3.1/thumb/v7e-m+fp/hard/crtbegin.o

.data           0x20000000       0x94 load address 0x0800f6f0
                0x20000000                        . = ALIGN (0x4)
                0x20000000                        _sdata = .
 *(.data)
 *(.data*)
 .data.p_vehicle_state_data
                0x20000000        0x4 ./Core/Src/main.o
                0x20000000                p_vehicle_state_data
 .data.p_inverter_data_1
                0x20000004        0x4 ./Core/Src/main.o
                0x20000004                p_inverter_data_1
 .data.p_inverter_data_2
                0x20000008        0x4 ./Core/Src/main.o
                0x20000008                p_inverter_data_2
 .data.p_inverter_status_1
                0x2000000c        0x4 ./Core/Src/main.o
                0x2000000c                p_inverter_status_1
 .data.p_inverter_status_2
                0x20000010        0x4 ./Core/Src/main.o
                0x20000010                p_inverter_status_2
 .data.p_inverter_setpoints_1
                0x20000014        0x4 ./Core/Src/main.o
                0x20000014                p_inverter_setpoints_1
 .data.p_inverter_setpoints_2
                0x20000018        0x4 ./Core/Src/main.o
                0x20000018                p_inverter_setpoints_2
 .data.p_pedals_state_data
                0x2000001c        0x4 ./Core/Src/main.o
                0x2000001c                p_pedals_state_data
 .data.p_pedals_faults_data
                0x20000020        0x4 ./Core/Src/main.o
                0x20000020                p_pedals_faults_data
 .data.p_queue_errors_data
                0x20000024        0x4 ./Core/Src/main.o
                0x20000024                p_queue_errors_data
 .data.p_testing_vcu_data
                0x20000028        0x4 ./Core/Src/main.o
                0x20000028                p_testing_vcu_data
 .data.p_freertos_task_stack_usage
                0x2000002c        0x4 ./Core/Src/main.o
                0x2000002c                p_freertos_task_stack_usage
 .data.p_data_to_log
                0x20000030        0x4 ./Core/Src/main.o
                0x20000030                p_data_to_log
 .data.SystemCoreClock
                0x20000034        0x4 ./Core/Src/system_stm32f4xx.o
                0x20000034                SystemCoreClock
 .data.uwTickPrio
                0x20000038        0x4 ./Drivers/STM32F4xx_HAL_Driver/Src/stm32f4xx_hal.o
                0x20000038                uwTickPrio
 .data.uwTickFreq
                0x2000003c        0x1 ./Drivers/STM32F4xx_HAL_Driver/Src/stm32f4xx_hal.o
                0x2000003c                uwTickFreq
 *fill*         0x2000003d        0x3 
 .data.uxCriticalNesting
                0x20000040        0x4 ./Middlewares/Third_Party/FreeRTOS/Source/portable/GCC/ARM_CM4F/port.o
 .data._impure_ptr
                0x20000044        0x4 /Applications/STM32CubeIDE.app/Contents/Eclipse/plugins/com.st.stm32cube.ide.mcu.externaltools.gnu-tools-for-stm32.14.3.rel1.macosaarch64_1.0.0.202602081740/tools/bin/../lib/gcc/arm-none-eabi/14.3.1/../../../../arm-none-eabi/lib/thumb/v7e-m+fp/hard/libc_nano.a(libc_a-impure.o)
                0x20000044                _impure_ptr
 .data._impure_data
                0x20000048       0x4c /Applications/STM32CubeIDE.app/Contents/Eclipse/plugins/com.st.stm32cube.ide.mcu.externaltools.gnu-tools-for-stm32.14.3.rel1.macosaarch64_1.0.0.202602081740/tools/bin/../lib/gcc/arm-none-eabi/14.3.1/../../../../arm-none-eabi/lib/thumb/v7e-m+fp/hard/libc_nano.a(libc_a-impure.o)
                0x20000048                _impure_data
 *(.RamFunc)
 *(.RamFunc*)
                0x20000094                        . = ALIGN (0x4)
                0x20000094                        _edata = .
                0x0800f784                        _siccmram = LOADADDR (.ccmram)

.igot.plt       0x20000094        0x0 load address 0x0800f784
 .igot.plt      0x20000094        0x0 /Applications/STM32CubeIDE.app/Contents/Eclipse/plugins/com.st.stm32cube.ide.mcu.externaltools.gnu-tools-for-stm32.14.3.rel1.macosaarch64_1.0.0.202602081740/tools/bin/../lib/gcc/arm-none-eabi/14.3.1/thumb/v7e-m+fp/hard/crtbegin.o

.ccmram         0x10000000        0x0 load address 0x0800f784
                0x10000000                        . = ALIGN (0x4)
                0x10000000                        _sccmram = .
 *(.ccmram)
 *(.ccmram*)
                0x10000000                        . = ALIGN (0x4)
                0x10000000                        _eccmram = .
                0x10000000                        . = ALIGN (0x4)

.bss            0x20000094     0x583c
                0x20000094                        _sbss = .
                0x20000094                        __bss_start__ = _sbss
 *(.bss)
 .bss           0x20000094       0x1c /Applications/STM32CubeIDE.app/Contents/Eclipse/plugins/com.st.stm32cube.ide.mcu.externaltools.gnu-tools-for-stm32.14.3.rel1.macosaarch64_1.0.0.202602081740/tools/bin/../lib/gcc/arm-none-eabi/14.3.1/thumb/v7e-m+fp/hard/crtbegin.o
 *(.bss*)
 .bss.hadc1     0x200000b0       0x48 ./Core/Src/adc.o
                0x200000b0                hadc1
 .bss.hdma_adc1
                0x200000f8       0x60 ./Core/Src/adc.o
                0x200000f8                hdma_adc1
 .bss.hcan1     0x20000158       0x28 ./Core/Src/can.o
                0x20000158                hcan1
 .bss.hcan2     0x20000180       0x28 ./Core/Src/can.o
                0x20000180                hcan2
 .bss.HAL_RCC_CAN1_CLK_ENABLED
                0x200001a8        0x4 ./Core/Src/can.o
 .bss.LogTaskStackUsageHandle
                0x200001ac        0x4 ./Core/Src/freertos.o
                0x200001ac                LogTaskStackUsageHandle
 .bss.CalibrateTaskHandle
                0x200001b0        0x4 ./Core/Src/freertos.o
                0x200001b0                CalibrateTaskHandle
 .bss.RTD_TaskHandle
                0x200001b4        0x4 ./Core/Src/freertos.o
                0x200001b4                RTD_TaskHandle
 .bss.ProcessADC_TaskHandle
                0x200001b8        0x4 ./Core/Src/freertos.o
                0x200001b8                ProcessADC_TaskHandle
 .bss.PedalsDataTaskHandle