Archive member included to satisfy reference by file (symbol)

/Applications/STM32CubeIDE.app/Contents/Eclipse/plugins/com.st.stm32cube.ide.mcu.externaltools.gnu-tools-for-stm32.14.3.rel1.macosaarch64_1.0.0.202602081740/tools/bin/../lib/gcc/arm-none-eabi/14.3.1/../../../../arm-none-eabi/lib/thumb/v7e-m+fp/hard/libc_nano.a(libc_a-exit.o)
                              /Applications/STM32CubeIDE.app/Contents/Eclipse/plugins/com.st.stm32cube.ide.mcu.externaltools.gnu-tools-for-stm32.14.3.rel1.macosaarch64_1.0.0.202602081740/tools/bin/../lib/gcc/arm-none-eabi/14.3.1/../../../../arm-none-eabi/lib/thumb/v7e-m+fp/hard/crt0.o (exit)
/Applications/STM32CubeIDE.app/Contents/Eclipse/plugins/com.st.stm32cube.ide.mcu.externaltools.gnu-tools-for-stm32.14.3.rel1.macosaarch64_1.0.0.202602081740/tools/bin/../lib/gcc/arm-none-eabi/14.3.1/../../../../arm-none-eabi/lib/thumb/v7e-m+fp/hard/libc_nano.a(libc_a-findfp.o)
                              ./Middlewares/Third_Party/FreeRTOS/Source/tasks.o (__sf)
/Applications/STM32CubeIDE.app/Contents/Eclipse/plugins/com.st.stm32cube.ide.mcu.externaltools.gnu-tools-for-stm32.14.3.rel1.macosaarch64_1.0.0.202602081740/tools/bin/../lib/gcc/arm-none-eabi/14.3.1/../../../../arm-none-eabi/lib/thumb/v7e-m+fp/hard/libc_nano.a(libc_a-fwalk.o)
                              /Applications/STM32CubeIDE.app/Contents/Eclipse/plugins/com.st.stm32cube.ide.mcu.externaltools.gnu-tools-for-stm32.14.3.rel1.macosaarch64_1.0.0.202602081740/tools/bin/../lib/gcc/arm-none-eabi/14.3.1/../../../../arm-none-eabi/lib/thumb/v7e-m+fp/hard/libc_nano.a(libc_a-findfp.o) (_fwalk_sglue)
/Applications/STM32CubeIDE.app/Contents/Eclipse/plugins/com.st.stm32cube.ide.mcu.externaltools.gnu-tools-for-stm32.14.3.rel1.macosaarch64_1.0.0.202602081740/tools/bin/../lib/gcc/arm-none-eabi/14.3.1/../../../../arm-none-eabi/lib/thumb/v7e-m+fp/hard/libc_nano.a(libc_a-memset.o)
                              /Applications/STM32CubeIDE.app/Contents/Eclipse/plugins/com.st.stm32cube.ide.mcu.externaltools.gnu-tools-for-stm32.14.3.rel1.macosaarch64_1.0.0.202602081740/tools/bin/../lib/gcc/arm-none-eabi/14.3.1/../../../../arm-none-eabi/lib/thumb/v7e-m+fp/hard/crt0.o (memset)
/Applications/STM32CubeIDE.app/Contents/Eclipse/plugins/com.st.stm32cube.ide.mcu.externaltools.gnu-tools-for-stm32.14.3.rel1.macosaarch64_1.0.0.202602081740/tools/bin/../lib/gcc/arm-none-eabi/14.3.1/../../../../arm-none-eabi/lib/thumb/v7e-m+fp/hard/libc_nano.a(libc_a-errno.o)
                              ./Core/Src/syscalls.o (__errno)
/Applications/STM32CubeIDE.app/Contents/Eclipse/plugins/com.st.stm32cube.ide.mcu.externaltools.gnu-tools-for-stm32.14.3.rel1.macosaarch64_1.0.0.202602081740/tools/bin/../lib/gcc/arm-none-eabi/14.3.1/../../../../arm-none-eabi/lib/thumb/v7e-m+fp/hard/libc_nano.a(libc_a-init.o)
                              /Applications/STM32CubeIDE.app/Contents/Eclipse/plugins/com.st.stm32cube.ide.mcu.externaltools.gnu-tools-for-stm32.14.3.rel1.macosaarch64_1.0.0.202602081740/tools/bin/../lib/gcc/arm-none-eabi/14.3.1/../../../../arm-none-eabi/lib/thumb/v7e-m+fp/hard/crt0.o (__libc_init_array)
/Applications/STM32CubeIDE.app/Contents/Eclipse/plugins/com.st.stm32cube.ide.mcu.externaltools.gnu-tools-for-stm32.14.3.rel1.macosaarch64_1.0.0.202602081740/tools/bin/../lib/gcc/arm-none-eabi/14.3.1/../../../../arm-none-eabi/lib/thumb/v7e-m+fp/hard/libc_nano.a(libc_a-lock.o)
                              /Applications/STM32CubeIDE.app/Contents/Eclipse/plugins/com.st.stm32cube.ide.mcu.externaltools.gnu-tools-for-stm32.14.3.rel1.macosaarch64_1.0.0.202602081740/tools/bin/../lib/gcc/arm-none-eabi/14.3.1/../../../../arm-none-eabi/lib/thumb/v7e-m+fp/hard/libc_nano.a(libc_a-findfp.o) (__retarget_lock_init_recursive)
/Applications/STM32CubeIDE.app/Contents/Eclipse/plugins/com.st.stm32cube.ide.mcu.externaltools.gnu-tools-for-stm32.14.3.rel1.macosaarch64_1.0.0.202602081740/tools/bin/../lib/gcc/arm-none-eabi/14.3.1/../../../../arm-none-eabi/lib/thumb/v7e-m+fp/hard/libc_nano.a(libc_a-reent.o)
                              ./Middlewares/Third_Party/FreeRTOS/Source/tasks.o (_reclaim_reent)
/Applications/STM32CubeIDE.app/Contents/Eclipse/plugins/com.st.stm32cube.ide.mcu.externaltools.gnu-tools-for-stm32.14.3.rel1.macosaarch64_1.0.0.202602081740/tools/bin/../lib/gcc/arm-none-eabi/14.3.1/../../../../arm-none-eabi/lib/thumb/v7e-m+fp/hard/libc_nano.a(libc_a-impure.o)
                              ./Middlewares/Third_Party/FreeRTOS/Source/tasks.o (_impure_ptr)
/Applications/STM32CubeIDE.app/Contents/Eclipse/plugins/com.st.stm32cube.ide.mcu.externaltools.gnu-tools-for-stm32.14.3.rel1.macosaarch64_1.0.0.202602081740/tools/bin/../lib/gcc/arm-none-eabi/14.3.1/../../../../arm-none-eabi/lib/thumb/v7e-m+fp/hard/libc_nano.a(libc_a-memcpy-stub.o)
                              ./Middlewares/Third_Party/FreeRTOS/Source/CMSIS_RTOS_V2/cmsis_os2.o (memcpy)
[...]
Memory Configuration

Name             Origin             Length             Attributes
CCMRAM           0x10000000         0x00010000         xrw
RAM              0x20000000         0x00030000         xrw
FLASH            0x08000000         0x00200000         xr
*default*        0x00000000         0xffffffff

Linker script and memory map

LOAD /Applications/STM32CubeIDE.app/Contents/Eclipse/plugins/com.st.stm32cube.ide.mcu.externaltools.gnu-tools-for-stm32.14.3.rel1.macosaarch64_1.0.0.202602081740/tools/bin/../lib/gcc/arm-none-eabi/14.3.1/thumb/v7e-m+fp/hard/crti.o
LOAD /Applications/STM32CubeIDE.app/Contents/Eclipse/plugins/com.st.stm32cube.ide.mcu.externaltools.gnu-tools-for-stm32.14.3.rel1.macosaarch64_1.0.0.202602081740/tools/bin/../lib/gcc/arm-none-eabi/14.3.1/thumb/v7e-m+fp/hard/crtbegin.o
LOAD /Applications/STM32CubeIDE.app/Contents/Eclipse/plugins/com.st.stm32cube.ide.mcu.externaltools.gnu-tools-for-stm32.14.3.rel1.macosaarch64_1.0.0.202602081740/tools/bin/../lib/gcc/arm-none-eabi/14.3.1/../../../../arm-none-eabi/lib/thumb/v7e-m+fp/hard/crt0.o
LOAD ./Core/Src/adc.o
LOAD ./Core/Src/can.o
LOAD ./Core/Src/dma.o
LOAD ./Core/Src/freertos.o
LOAD ./Core/Src/gpio.o
LOAD ./Core/Src/main.o
LOAD ./Core/Src/spi.o
LOAD ./Core/Src/stm32f4xx_hal_msp.o
LOAD ./Core/Src/stm32f4xx_hal_timebase_tim.o
LOAD ./Core/Src/stm32f4xx_it.o
LOAD ./Core/Src/syscalls.o
LOAD ./Core/Src/sysmem.o
LOAD ./Core/Src/system_stm32f4xx.o
LOAD ./Core/Src/tim.o
LOAD ./Core/Src/usart.o
LOAD ./Core/Src/app/RTD.o
LOAD ./Core/Src/app/calibration.o
LOAD ./Core/Src/app/cmt_utils.o
LOAD ./Core/Src/app/inverter_control.o
LOAD ./Core/Src/app/process_adc.o
LOAD ./Core/Src/app/process_can_msgs.o
LOAD ./Core/Src/app/process_pedals_data.o
LOAD ./Core/Src/app/state_control.o
LOAD ./Core/Src/app/vehicle.control.o
LOAD ./Core/Src/config/amk_data_structs.o
LOAD ./Core/Src/config/vehicle_data_structs.o
LOAD ./Core/Src/drivers/adc_driver.o
LOAD ./Core/Src/drivers/can_driver.o
LOAD ./Core/Src/drivers/cmt_M95512.o
LOAD ./Core/Startup/startup_stm32f429zitx.o
LOAD ./Drivers/STM32F4xx_HAL_Driver/Src/stm32f4xx_hal.o
LOAD ./Drivers/STM32F4xx_HAL_Driver/Src/stm32f4xx_hal_adc.o
LOAD ./Drivers/STM32F4xx_HAL_Driver/Src/stm32f4xx_hal_adc_ex.o
LOAD ./Drivers/STM32F4xx_HAL_Driver/Src/stm32f4xx_hal_can.o
LOAD ./Drivers/STM32F4xx_HAL_Driver/Src/stm32f4xx_hal_cortex.o
LOAD ./Drivers/STM32F4xx_HAL_Driver/Src/stm32f4xx_hal_dma.o
LOAD ./Drivers/STM32F4xx_HAL_Driver/Src/stm32f4xx_hal_dma_ex.o
LOAD ./Drivers/STM32F4xx_HAL_Driver/Src/stm32f4xx_hal_exti.o
LOAD ./Drivers/STM32F4xx_HAL_Driver/Src/stm32f4xx_hal_flash.o
LOAD ./Drivers/STM32F4xx_HAL_Driver/Src/stm32f4xx_hal_flash_ex.o
LOAD ./Drivers/STM32F4xx_HAL_Driver/Src/stm32f4xx_hal_flash_ramfunc.o
LOAD ./Drivers/STM32F4xx_HAL_Driver/Src/stm32f4xx_hal_gpio.o
LOAD ./Drivers/STM32F4xx_HAL_Driver/Src/stm32f4xx_hal_pwr.o
LOAD ./Drivers/STM32F4xx_HAL_Driver/Src/stm32f4xx_hal_pwr_ex.o
LOAD ./Drivers/STM32F4xx_HAL_Driver/Src/stm32f4xx_hal_rcc.o
LOAD ./Drivers/STM32F4xx_HAL_Driver/Src/stm32f4xx_hal_rcc_ex.o
LOAD ./Drivers/STM32F4xx_HAL_Driver/Src/stm32f4xx_hal_spi.o
LOAD ./Drivers/STM32F4xx_HAL_Driver/Src/stm32f4xx_hal_tim.o
LOAD ./Drivers/STM32F4xx_HAL_Driver/Src/stm32f4xx_hal_tim_ex.o
LOAD ./Drivers/STM32F4xx_HAL_Driver/Src/stm32f4xx_hal_usart.o
LOAD ./Middlewares/Third_Party/FreeRTOS/Source/CMSIS_RTOS_V2/cmsis_os2.o
LOAD ./Middlewares/Third_Party/FreeRTOS/Source/croutine.o
LOAD ./Middlewares/Third_Party/FreeRTOS/Source/event_groups.o
LOAD ./Middlewares/Third_Party/FreeRTOS/Source/list.o
LOAD ./Middlewares/Third_Party/FreeRTOS/Source/queue.o
LOAD ./Middlewares/Third_Party/FreeRTOS/Source/stream_buffer.o
LOAD ./Middlewares/Third_Party/FreeRTOS/Source/tasks.o
LOAD ./Middlewares/Third_Party/FreeRTOS/Source/timers.o
LOAD ./Middlewares/Third_Party/FreeRTOS/Source/portable/GCC/ARM_CM4F/port.o
LOAD ./Middlewares/Third_Party/FreeRTOS/Source/portable/MemMang/heap_4.o
START GROUP
LOAD /Applications/STM32CubeIDE.app/Contents/Eclipse/plugins/com.st.stm32cube.ide.mcu.externaltools.gnu-tools-for-stm32.14.3.rel1.macosaarch64_1.0.0.202602081740/tools/bin/../lib/gcc/arm-none-eabi/14.3.1/../../../../arm-none-eabi/lib/thumb/v7e-m+fp/hard/libc_nano.a
LOAD /Applications/STM32CubeIDE.app/Contents/Eclipse/plugins/com.st.stm32cube.ide.mcu.externaltools.gnu-tools-for-stm32.14.3.rel1.macosaarch64_1.0.0.202602081740/tools/bin/../lib/gcc/arm-none-eabi/14.3.1/../../../../arm-none-eabi/lib/thumb/v7e-m+fp/hard/libm.a
END GROUP
START GROUP
LOAD /Applications/STM32CubeIDE.app/Contents/Eclipse/plugins/com.st.stm32cube.ide.mcu.externaltools.gnu-tools-for-stm32.14.3.rel1.macosaarch64_1.0.0.202602081740/tools/bin/../lib/gcc/arm-none-eabi/14.3.1/thumb/v7e-m+fp/hard/libgcc.a
LOAD /Applications/STM32CubeIDE.app/Contents/Eclipse/plugins/com.st.stm32cube.ide.mcu.externaltools.gnu-tools-for-stm32.14.3.rel1.macosaarch64_1.0.0.202602081740/tools/bin/../lib/gcc/arm-none-eabi/14.3.1/../../../../arm-none-eabi/lib/thumb/v7e-m+fp/hard/libc_nano.a
END GROUP
START GROUP
LOAD /Applications/STM32CubeIDE.app/Contents/Eclipse/plugins/com.st.stm32cube.ide.mcu.externaltools.gnu-tools-for-stm32.14.3.rel1.macosaarch64_1.0.0.202602081740/tools/bin/../lib/gcc/arm-none-eabi/14.3.1/thumb/v7e-m+fp/hard/libgcc.a
LOAD /Applications/STM32CubeIDE.app/Contents/Eclipse/plugins/com.st.stm32cube.ide.mcu.externaltools.gnu-tools-for-stm32.14.3.rel1.macosaarch64_1.0.0.202602081740/tools/bin/../lib/gcc/arm-none-eabi/14.3.1/../../../../arm-none-eabi/lib/thumb/v7e-m+fp/hard/libc_nano.a
LOAD /Applications/STM32CubeIDE.app/Contents/Eclipse/plugins/com.st.stm32cube.ide.mcu.externaltools.gnu-tools-for-stm32.14.3.rel1.macosaarch64_1.0.0.202602081740/tools/bin/../lib/gcc/arm-none-eabi/14.3.1/../../../../arm-none-eabi/lib/thumb/v7e-m+fp/hard/libnosys.a
END GROUP
START GROUP
LOAD /Applications/STM32CubeIDE.app/Contents/Eclipse/plugins/com.st.stm32cube.ide.mcu.externaltools.gnu-tools-for-stm32.14.3.rel1.macosaarch64_1.0.0.202602081740/tools/bin/../lib/gcc/arm-none-eabi/14.3.1/thumb/v7e-m+fp/hard/libgcc.a
LOAD /Applications/STM32CubeIDE.app/Contents/Eclipse/plugins/com.st.stm32cube.ide.mcu.externaltools.gnu-tools-for-stm32.14.3.rel1.macosaarch64_1.0.0.202602081740/tools/bin/../lib/gcc/arm-none-eabi/14.3.1/../../../../arm-none-eabi/lib/thumb/v7e-m+fp/hard/libc_nano.a
LOAD /Applications/STM32CubeIDE.app/Contents/Eclipse/plugins/com.st.stm32cube.ide.mcu.externaltools.gnu-tools-for-stm32.14.3.rel1.macosaarch64_1.0.0.202602081740/tools/bin/../lib/gcc/arm-none-eabi/14.3.1/../../../../arm-none-eabi/lib/thumb/v7e-m+fp/hard/libnosys.a
END GROUP
LOAD /Applications/STM32CubeIDE.app/Contents/Eclipse/plugins/com.st.stm32cube.ide.mcu.externaltools.gnu-tools-for-stm32.14.3.rel1.macosaarch64_1.0.0.202602081740/tools/bin/../lib/gcc/arm-none-eabi/14.3.1/thumb/v7e-m+fp/hard/crtend.o
LOAD /Applications/STM32CubeIDE.app/Contents/Eclipse/plugins/com.st.stm32cube.ide.mcu.externaltools.gnu-tools-for-stm32.14.3.rel1.macosaarch64_1.0.0.202602081740/tools/bin/../lib/gcc/arm-none-eabi/14.3.1/thumb/v7e-m+fp/hard/crtn.o
                0x20030000                        _estack = (ORIGIN (RAM) + LENGTH (RAM))
                0x00000200                        _Min_Heap_Size = 0x200
                0x00000400                        _Min_Stack_Size = 0x400

.isr_vector     0x08000000      0x1ac
                0x08000000                        . = ALIGN (0x4)
 *(.isr_vector)
 .isr_vector    0x08000000      0x1ac ./Core/Startup/startup_stm32f429zitx.o
                0x08000000                g_pfnVectors
                0x080001ac                        . = ALIGN (0x4)

.text           0x080001b0     0xa130
                0x080001b0                        . = ALIGN (0x4)
 *(.text)
 .text          0x080001b0       0x40 /Applications/STM32CubeIDE.app/Contents/Eclipse/plugins/com.st.stm32cube.ide.mcu.externaltools.gnu-tools-for-stm32.14.3.rel1.macosaarch64_1.0.0.202602081740/tools/bin/../lib/gcc/arm-none-eabi/14.3.1/thumb/v7e-m+fp/hard/crtbegin.o
 .text          0x080001f0       0x30 /Applications/STM32CubeIDE.app/Contents/Eclipse/plugins/com.st.stm32cube.ide.mcu.externaltools.gnu-tools-for-stm32.14.3.rel1.macosaarch64_1.0.0.202602081740/tools/bin/../lib/gcc/arm-none-eabi/14.3.1/thumb/v7e-m+fp/hard/libgcc.a(_aeabi_uldivmod.o)
                0x080001f0                __aeabi_uldivmod
 .text          0x08000220      0x2f8 /Applications/STM32CubeIDE.app/Contents/Eclipse/plugins/com.st.stm32cube.ide.mcu.externaltools.gnu-tools-for-stm32.14.3.rel1.macosaarch64_1.0.0.202602081740/tools/bin/../lib/gcc/arm-none-eabi/14.3.1/thumb/v7e-m+fp/hard/libgcc.a(_udivmoddi4.o)
                0x08000220                __udivmoddi4
 .text          0x08000518        0x4 /Applications/STM32CubeIDE.app/Contents/Eclipse/plugins/com.st.stm32cube.ide.mcu.externaltools.gnu-tools-for-stm32.14.3.rel1.macosaarch64_1.0.0.202602081740/tools/bin/../lib/gcc/arm-none-eabi/14.3.1/thumb/v7e-m+fp/hard/libgcc.a(_dvmd_tls.o)
                0x08000518                __aeabi_ldiv0
                0x08000518                __aeabi_idiv0
 *(.text*)
 .text.MX_ADC1_Init
                0x0800051c      0x16c ./Core/Src/adc.o
                0x0800051c                MX_ADC1_Init
 .text.HAL_ADC_MspInit
                0x08000688      0x160 ./Core/Src/adc.o
                0x08000688                HAL_ADC_MspInit
 .text.MX_CAN1_Init
                0x080007e8       0x6c ./Core/Src/can.o
                0x080007e8                MX_CAN1_Init
 .text.MX_CAN2_Init
                0x08000854       0x6c ./Core/Src/can.o
                0x08000854                MX_CAN2_Init
 .text.HAL_CAN_MspInit
                0x080008c0      0x160 ./Core/Src/can.o
                0x080008c0                HAL_CAN_MspInit
 .text.HAL_CAN_MspDeInit
                0x08000a20       0x98 ./Core/Src/can.o
                0x08000a20                HAL_CAN_MspDeInit
 .text.User_MX_CAN1_Init
                0x08000ab8      0x194 ./Core/Src/can.o
                0x08000ab8                User_MX_CAN1_Init
 .text.User_MX_CAN2_Init
                0x08000c4c      0x14c ./Core/Src/can.o
                0x08000c4c                User_MX_CAN2_Init
 .text.MX_DMA_Init
                0x08000d98       0x40 ./Core/Src/dma.o
                0x08000d98                MX_DMA_Init
 .text.vApplicationStackOverflowHook
                0x08000dd8       0x16 ./Core/Src/freertos.o
                0x08000dd8                vApplicationStackOverflowHook
 *fill*         0x08000dee        0x2 
 .text.MX_FREERTOS_Init
                0x08000df0      0x1f8 ./Core/Src/freertos.o
                0x08000df0                MX_FREERTOS_Init
 .text.start_task
                0x08000fe8       0x10 ./Core/Src/freertos.o
                0x08000fe8                start_task
 .text.MX_GPIO_Init
                0x08000ff8      0x230 ./Core/Src/gpio.o
                0x08000ff8                MX_GPIO_Init
 .text.main     0x08001228      0x11c ./Core/Src/main.o
                0x08001228                main
 .text.SystemClock_Config
                0x08001344       0xe0 ./Core/Src/main.o
                0x08001344                SystemClock_Config
 .text.HAL_TIM_PeriodElapsedCallback
                0x08001424       0x24 ./Core/Src/main.o
                0x08001424                HAL_TIM_PeriodElapsedCallback
 .text.Error_Handler
                0x08001448        0xc ./Core/Src/main.o
                0x08001448                Error_Handler
 .text.MX_SPI2_Init
                0x08001454       0x6c ./Core/Src/spi.o
                0x08001454                MX_SPI2_Init
 .text.HAL_SPI_MspInit
                0x080014c0       0x90 ./Core/Src/spi.o
                0x080014c0                HAL_SPI_MspInit
 .text.HAL_MspInit
                0x08001550       0x58 ./Core/Src/stm32f4xx_hal_msp.o
                0x08001550                HAL_MspInit
 .text.HAL_InitTick
                0x080015a8       0xf8 ./Core/Src/stm32f4xx_hal_timebase_tim.o
                0x080015a8                HAL_InitTick
 .text.NMI_Handler
                0x080016a0        0x8 ./Core/Src/stm32f4xx_it.o
                0x080016a0                NMI_Handler
 .text.HardFault_Handler
                0x080016a8        0x8 ./Core/Src/stm32f4xx_it.o
                0x080016a8                HardFault_Handler
 .text.MemManage_Handler
                0x080016b0        0x8 ./Core/Src/stm32f4xx_it.o
                0x080016b0                MemManage_Handler
 .text.BusFault_Handler
                0x080016b8        0x8 ./Core/Src/stm32f4xx_it.o
                0x080016b8                BusFault_Handler
 .text.UsageFault_Handler
                0x080016c0        0x8 ./Core/Src/stm32f4xx_it.o
                0x080016c0                UsageFault_Handler
 .text.DebugMon_Handler
                0x080016c8        0xe ./Core/Src/stm32f4xx_it.o
                0x080016c8                DebugMon_Handler
 *fill*         0x080016d6        0x2 
 .text.TIM2_IRQHandler
                0x080016d8       0x14 ./Core/Src/stm32f4xx_it.o
                0x080016d8                TIM2_IRQHandler
 .text.TIM3_IRQHandler
                0x080016ec       0x14 ./Core/Src/stm32f4xx_it.o
                0x080016ec                TIM3_IRQHandler
 .text.TIM6_DAC_IRQHandler
                0x08001700       0x14 ./Core/Src/stm32f4xx_it.o
                0x08001700                TIM6_DAC_IRQHandler
 .text.DMA2_Stream0_IRQHandler
                0x08001714       0x14 ./Core/Src/stm32f4xx_it.o
                0x08001714                DMA2_Stream0_IRQHandler
 .text.SystemInit
                0x08001728       0x24 ./Core/Src/system_stm32f4xx.o
                0x08001728                SystemInit
 .text.MX_TIM1_Init
                0x0800174c       0xa0 ./Core/Src/tim.o
                0x0800174c                MX_TIM1_Init
 .text.MX_TIM2_Init
                0x080017ec       0x9c ./Core/Src/tim.o
                0x080017ec                MX_TIM2_Init
 .text.MX_TIM3_Init
                0x08001888       0x9c ./Core/Src/tim.o
                0x08001888                MX_TIM3_Init
 .text.HAL_TIM_Base_MspInit
                0x08001924       0xb4 ./Core/Src/tim.o
                0x08001924                HAL_TIM_Base_MspInit
 .text.MX_USART1_Init
                0x080019d8       0x58 ./Core/Src/usart.o
                0x080019d8                MX_USART1_Init
 .text.HAL_USART_MspInit
                0x08001a30       0x90 ./Core/Src/usart.o
                0x08001a30                HAL_USART_MspInit
 .text.Task_RTD
                0x08001ac0      0x370 ./Core/Src/app/RTD.o
                0x08001ac0                Task_RTD
 .text.RTD_ButtonTimer_Callback
                0x08001e30       0x20 ./Core/Src/app/RTD.o
                0x08001e30                RTD_ButtonTimer_Callback
 .text.Task_Car_Calibration
                0x08001e50       0x10 ./Core/Src/app/calibration.o
                0x08001e50                Task_Car_Calibration
 .text.setInverterData1
                0x08001e60       0x86 ./Core/Src/app/inverter_control.o
                0x08001e60                setInverterData1
 .text.processInverterStatus
                0x08001ee6       0xb2 ./Core/Src/app/inverter_control.o
                0x08001ee6                processInverterStatus
 .text.setInverterData2
                0x08001f98       0x88 ./Core/Src/app/inverter_control.o
                0x08001f98                setInverterData2
 .text.transmit_inverter_command
                0x08002020       0xdc ./Core/Src/app/inverter_control.o
                0x08002020                transmit_inverter_command
 .text.Task_Process_ADC
                0x080020fc       0xa0 ./Core/Src/app/process_adc.o
                0x080020fc                Task_Process_ADC
 .text.Clamp_ADC
                0x0800219c       0x3a ./Core/Src/app/process_adc.o
                0x0800219c                Clamp_ADC
 *fill*         0x080021d6        0x2 
 .text.Task_Process_CAN_Msgs
                0x080021d8      0x218 ./Core/Src/app/process_can_msgs.o
                0x080021d8                Task_Process_CAN_Msgs
 .text.Task_Process_Pedals_Data
                0x080023f0       0x74 ./Core/Src/app/process_pedals_data.o
                0x080023f0                Task_Process_Pedals_Data
 .text.calc_adc_percentage
                0x08002464       0x4c ./Core/Src/app/process_pedals_data.o
                0x08002464                calc_adc_percentage
 .text.Task_State_Ctrl
                0x080024b0      0x12c ./Core/Src/app/state_control.o
                0x080024b0                Task_State_Ctrl
 .text.Task_Vehicle_Ctrl
                0x080025dc       0xec ./Core/Src/app/vehicle.control.o
                0x080025dc                Task_Vehicle_Ctrl
 .text.InverterCAN_TransmitCallback
                0x080026c8       0x3c ./Core/Src/app/vehicle.control.o
                0x080026c8                InverterCAN_TransmitCallback
 .text.initialise_inverter_data
                0x08002704       0x44 ./Core/Src/config/amk_data_structs.o
                0x08002704                initialise_inverter_data
 .text.initialise_inverter_status
                0x08002748       0x44 ./Core/Src/config/amk_data_structs.o
                0x08002748                initialise_inverter_status
 .text.initialise_inverter_setpoints
                0x0800278c       0x2c ./Core/Src/config/amk_data_structs.o
                0x0800278c                initialise_inverter_setpoints
 .text.initialise_vehicle_state_data
                0x080027b8       0x48 ./Core/Src/config/vehicle_data_structs.o
                0x080027b8                initialise_vehicle_state_data
 .text.initialise_queue_errors
                0x08002800       0x26 ./Core/Src/config/vehicle_data_structs.o
                0x08002800                initialise_queue_errors
 .text.initialise_pedals_state
                0x08002826       0x20 ./Core/Src/config/vehicle_data_structs.o
                0x08002826                initialise_pedals_state
 .text.initialise_testing_VCU_data
                0x08002846       0x62 ./Core/Src/config/vehicle_data_structs.o
                0x08002846                initialise_testing_VCU_data
 .text.Get_ADC_Channel
                0x080028a8       0x24 ./Core/Src/drivers/adc_driver.o
                0x080028a8                Get_ADC_Channel
 .text.CAN_transmit
                0x080028cc      0x20c ./Core/Src/drivers/can_driver.o
                0x080028cc                CAN_transmit
 .text.CAN_1_Error_Handler
                0x08002ad8       0x68 ./Core/Src/drivers/can_driver.o
                0x08002ad8                CAN_1_Error_Handler
 .text.CAN_2_Error_Handler
                0x08002b40       0x68 ./Core/Src/drivers/can_driver.o
                0x08002b40                CAN_2_Error_Handler
 .text.Reset_Handler
                0x08002ba8       0x50 ./Core/Startup/startup_stm32f429zitx.o
                0x08002ba8                Reset_Handler
 .text.Default_Handler
                0x08002bf8        0x2 ./Core/Startup/startup_stm32f429zitx.o
                0x08002bf8                DMA1_Stream3_IRQHandler
                0x08002bf8                HASH_RNG_IRQHandler
                0x08002bf8                EXTI2_IRQHandler
                0x08002bf8                TIM8_CC_IRQHandler
                0x08002bf8                UART8_IRQHandler
                0x08002bf8                SPI4_IRQHandler
                0x08002bf8                TIM1_CC_IRQHandler
                0x08002bf8                DMA2_Stream5_IRQHandler
                0x08002bf8                DMA1_Stream5_IRQHandler
                0x08002bf8                PVD_IRQHandler
                0x08002bf8                SDIO_IRQHandler
                0x08002bf8                TAMP_STAMP_IRQHandler
                0x08002bf8                CAN2_RX1_IRQHandler
                0x08002bf8                EXTI3_IRQHandler
                0x08002bf8                TIM8_TRG_COM_TIM14_IRQHandler
                0x08002bf8                TIM1_UP_TIM10_IRQHandler
                0x08002bf8                TIM8_UP_TIM13_IRQHandler
                0x08002bf8                I2C3_ER_IRQHandler
                0x08002bf8                EXTI0_IRQHandler
                0x08002bf8                I2C2_EV_IRQHandler
                0x08002bf8                DMA1_Stream2_IRQHandler
                0x08002bf8                CAN1_RX0_IRQHandler
                0x08002bf8                FPU_IRQHandler
                0x08002bf8                OTG_HS_WKUP_IRQHandler
                0x08002bf8                LTDC_ER_IRQHandler
                0x08002bf8                CAN2_SCE_IRQHandler
                0x08002bf8                DMA2_Stream2_IRQHandler
                0x08002bf8                SPI1_IRQHandler
                0x08002bf8                TIM1_BRK_TIM9_IRQHandler
                0x08002bf8                DCMI_IRQHandler
                0x08002bf8                CAN2_RX0_IRQHandler
                0x08002bf8                DMA2_Stream3_IRQHandler
                0x08002bf8                USART6_IRQHandler
                0x08002bf8                USART3_IRQHandler
                0x08002bf8                CAN1_RX1_IRQHandler
                0x08002bf8                UART5_IRQHandler
                0x08002bf8                TIM4_IRQHandler
                0x08002bf8                I2C1_EV_IRQHandler
                0x08002bf8                DMA1_Stream6_IRQHandler
                0x08002bf8                DMA1_Stream1_IRQHandler
                0x08002bf8                UART4_IRQHandler
                0x08002bf8                RCC_IRQHandler
                0x08002bf8                TIM8_BRK_TIM12_IRQHandler
                0x08002bf8                Default_Handler
                0x08002bf8                EXTI15_10_IRQHandler
                0x08002bf8                ADC_IRQHandler
                0x08002bf8                DMA1_Stream7_IRQHandler
                0x08002bf8                SPI5_IRQHandler
                0x08002bf8                TIM7_IRQHandler
                0x08002bf8                CAN2_TX_IRQHandler
                0x08002bf8                TIM5_IRQHandler
                0x08002bf8                DMA2_Stream7_IRQHandler
                0x08002bf8                I2C3_EV_IRQHandler
                0x08002bf8                EXTI9_5_IRQHandler
                0x08002bf8                RTC_WKUP_IRQHandler
                0x08002bf8                LTDC_IRQHandler
                0x08002bf8                ETH_WKUP_IRQHandler
                0x08002bf8                SPI2_IRQHandler
                0x08002bf8                OTG_HS_EP1_IN_IRQHandler
                0x08002bf8                DMA1_Stream0_IRQHandler
                0x08002bf8                CAN1_TX_IRQHandler
                0x08002bf8                EXTI4_IRQHandler
                0x08002bf8                ETH_IRQHandler
                0x08002bf8                OTG_HS_EP1_OUT_IRQHandler
                0x08002bf8                WWDG_IRQHandler
                0x08002bf8                SPI6_IRQHandler
                0x08002bf8                OTG_FS_WKUP_IRQHandler
                0x08002bf8                TIM1_TRG_COM_TIM11_IRQHandler
                0x08002bf8                OTG_HS_IRQHandler
                0x08002bf8                DMA2D_IRQHandler
                0x08002bf8                EXTI1_IRQHandler
                0x08002bf8                UART7_IRQHandler
                0x08002bf8                USART2_IRQHandler
                0x08002bf8                I2C2_ER_IRQHandler
                0x08002bf8                DMA2_Stream1_IRQHandler
                0x08002bf8                CAN1_SCE_IRQHandler
                0x08002bf8                FLASH_IRQHandler
                0x08002bf8                DMA2_Stream4_IRQHandler
                0x08002bf8                USART1_IRQHandler
                0x08002bf8                OTG_FS_IRQHandler
                0x08002bf8                SPI3_IRQHandler
                0x08002bf8                DMA1_Stream4_IRQHandler
                0x08002bf8                I2C1_ER_IRQHandler
                0x08002bf8                FMC_IRQHandler
                0x08002bf8                DMA2_Stream6_IRQHandler
                0x08002bf8                SAI1_IRQHandler
                0x08002bf8                RTC_Alarm_IRQHandler
 *fill*         0x08002bfa        0x2 
 .text.HAL_Init
                0x08002bfc       0x44 ./Drivers/STM32F4xx_HAL_Driver/Src/stm32f4xx_hal.o
                0x08002bfc                HAL_Init
 .text.HAL_IncTick
                0x08002c40       0x28 ./Drivers/STM32F4xx_HAL_Driver/Src/stm32f4xx_hal.o
                0x08002c40                HAL_IncTick
 .text.HAL_GetTick
                0x08002c68       0x18 ./Drivers/STM32F4xx_HAL_Driver/Src/stm32f4xx_hal.o
                0x08002c68                HAL_GetTick
 .text.HAL_ADC_Init
                0x08002c80       0x86 ./Drivers/STM32F4xx_HAL_Driver/Src/stm32f4xx_hal_adc.o
                0x08002c80                HAL_ADC_Init
 *fill*         0x08002d06        0x2 
 .text.HAL_ADC_Start_DMA
                0x08002d08      0x228 ./Drivers/STM32F4xx_HAL_Driver/Src/stm32f4xx_hal_adc.o
                0x08002d08                HAL_ADC_Start_DMA
 .text.HAL_ADC_ConvCpltCallback
                0x08002f30       0x14 ./Drivers/STM32F4xx_HAL_Driver/Src/stm32f4xx_hal_adc.o
                0x08002f30                HAL_ADC_ConvCpltCallback
 .text.HAL_ADC_ConvHalfCpltCallback
                0x08002f44       0x14 ./Drivers/STM32F4xx_HAL_Driver/Src/stm32f4xx_hal_adc.o
                0x08002f44                HAL_ADC_ConvHalfCpltCallback
 .text.HAL_ADC_ErrorCallback
                0x08002f58       0x14 ./Drivers/STM32F4xx_HAL_Driver/Src/stm32f4xx_hal_adc.o
                0x08002f58                HAL_ADC_ErrorCallback
 .text.HAL_ADC_ConfigChannel
                0x08002f6c      0x264 ./Drivers/STM32F4xx_HAL_Driver/Src/stm32f4xx_hal_adc.o
                0x08002f6c                HAL_ADC_ConfigChannel
 .text.ADC_Init
                0x080031d0      0x1f8 ./Drivers/STM32F4xx_HAL_Driver/Src/stm32f4xx_hal_adc.o
 .text.ADC_DMAConvCplt
                0x080033c8       0xba ./Drivers/STM32F4xx_HAL_Driver/Src/stm32f4xx_hal_adc.o
 .text.ADC_DMAHalfConvCplt
                0x08003482       0x1c ./Drivers/STM32F4xx_HAL_Driver/Src/stm32f4xx_hal_adc.o
 .text.ADC_DMAError
                0x0800349e       0x2e ./Drivers/STM32F4xx_HAL_Driver/Src/stm32f4xx_hal_adc.o
 .text.HAL_CAN_Init
                0x080034cc      0x1f6 ./Drivers/STM32F4xx_HAL_Driver/Src/stm32f4xx_hal_can.o
                0x080034cc                HAL_CAN_Init
 .text.HAL_CAN_DeInit
                0x080036c2       0x46 ./Drivers/STM32F4xx_HAL_Driver/Src/stm32f4xx_hal_can.o
                0x080036c2                HAL_CAN_DeInit
 .text.HAL_CAN_ConfigFilter
                0x08003708      0x1bc ./Drivers/STM32F4xx_HAL_Driver/Src/stm32f4xx_hal_can.o
                0x08003708                HAL_CAN_ConfigFilter
 .text.HAL_CAN_Start
                0x080038c4       0x88 ./Drivers/STM32F4xx_HAL_Driver/Src/stm32f4xx_hal_can.o
                0x080038c4                HAL_CAN_Start
 .text.HAL_CAN_Stop
                0x0800394c       0x92 ./Drivers/STM32F4xx_HAL_Driver/Src/stm32f4xx_hal_can.o
                0x0800394c                HAL_CAN_Stop
 .text.HAL_CAN_AddTxMessage
                0x080039de      0x1a0 ./Drivers/STM32F4xx_HAL_Driver/Src/stm32f4xx_hal_can.o
                0x080039de                HAL_CAN_AddTxMessage
 .text.HAL_CAN_AbortTxRequest
                0x08003b7e       0x8a ./Drivers/STM32F4xx_HAL_Driver/Src/stm32f4xx_hal_can.o
                0x08003b7e                HAL_CAN_AbortTxRequest
 .text.HAL_CAN_GetTxMailboxesFreeLevel
                0x08003c08       0x6a ./Drivers/STM32F4xx_HAL_Driver/Src/stm32f4xx_hal_can.o
                0x08003c08                HAL_CAN_GetTxMailboxesFreeLevel
 .text.HAL_CAN_IsTxMessagePending
                0x08003c72       0x48 ./Drivers/STM32F4xx_HAL_Driver/Src/stm32f4xx_hal_can.o
                0x08003c72                HAL_CAN_IsTxMessagePending
 .text.HAL_CAN_ActivateNotification
                0x08003cba       0x4c ./Drivers/STM32F4xx_HAL_Driver/Src/stm32f4xx_hal_can.o
                0x08003cba                HAL_CAN_ActivateNotification
 *fill*         0x08003d06        0x2 
 .text.__NVIC_SetPriorityGrouping
                0x08003d08       0x48 ./Drivers/STM32F4xx_HAL_Driver/Src/stm32f4xx_hal_cortex.o
 .text.__NVIC_GetPriorityGrouping
                0x08003d50       0x1c ./Drivers/STM32F4xx_HAL_Driver/Src/stm32f4xx_hal_cortex.o
 .text.__NVIC_EnableIRQ
                0x08003d6c       0x3c ./Drivers/STM32F4xx_HAL_Driver/Src/stm32f4xx_hal_cortex.o
 .text.__NVIC_SetPriority
                0x08003da8       0x54 ./Drivers/STM32F4xx_HAL_Driver/Src/stm32f4xx_hal_cortex.o
 .text.NVIC_EncodePriority
                0x08003dfc       0x66 ./Drivers/STM32F4xx_HAL_Driver/Src/stm32f4xx_hal_cortex.o
 .text.HAL_NVIC_SetPriorityGrouping
                0x08003e62       0x16 ./Drivers/STM32F4xx_HAL_Driver/Src/stm32f4xx_hal_cortex.o
                0x08003e62                HAL_NVIC_SetPriorityGrouping
 .text.HAL_NVIC_SetPriority
                0x08003e78       0x38 ./Drivers/STM32F4xx_HAL_Driver/Src/stm32f4xx_hal_cortex.o
                0x08003e78                HAL_NVIC_SetPriority
 .text.HAL_NVIC_EnableIRQ
                0x08003eb0       0x1c ./Drivers/STM32F4xx_HAL_Driver/Src/stm32f4xx_hal_cortex.o
                0x08003eb0                HAL_NVIC_EnableIRQ
 .text.HAL_DMA_Init
                0x08003ecc      0x15c ./Drivers/STM32F4xx_HAL_Driver/Src/stm32f4xx_hal_dma.o
                0x08003ecc                HAL_DMA_Init
 .text.HAL_DMA_Start_IT
                0x08004028       0xb0 ./Drivers/STM32F4xx_HAL_Driver/Src/stm32f4xx_hal_dma.o
                0x08004028                HAL_DMA_Start_IT
 .text.HAL_DMA_IRQHandler
                0x080040d8      0x314 ./Drivers/STM32F4xx_HAL_Driver/Src/stm32f4xx_hal_dma.o
                0x080040d8                HAL_DMA_IRQHandler
 .text.DMA_SetConfig
                0x080043ec       0x5c ./Drivers/STM32F4xx_HAL_Driver/Src/stm32f4xx_hal_dma.o
 .text.DMA_CalcBaseAndBitshift
                0x08004448       0x6c ./Drivers/STM32F4xx_HAL_Driver/Src/stm32f4xx_hal_dma.o
 .text.DMA_CheckFifoParam
                0x080044b4       0xf8 ./Drivers/STM32F4xx_HAL_Driver/Src/stm32f4xx_hal_dma.o
 .text.HAL_GPIO_Init
                0x080045ac      0x358 ./Drivers/STM32F4xx_HAL_Driver/Src/stm32f4xx_hal_gpio.o
                0x080045ac                HAL_GPIO_Init
 .text.HAL_GPIO_DeInit
                0x08004904      0x218 ./Drivers/STM32F4xx_HAL_Driver/Src/stm32f4xx_hal_gpio.o
                0x08004904                HAL_GPIO_DeInit
 .text.HAL_GPIO_ReadPin
                0x08004b1c       0x30 ./Drivers/STM32F4xx_HAL_Driver/Src/stm32f4xx_hal_gpio.o
                0x08004b1c                HAL_GPIO_ReadPin
 .text.HAL_GPIO_WritePin
                0x08004b4c       0x32 ./Drivers/STM32F4xx_HAL_Driver/Src/stm32f4xx_hal_gpio.o
                0x08004b4c                HAL_GPIO_WritePin
 *fill*         0x08004b7e        0x2 
 .text.HAL_PWREx_EnableOverDrive
                0x08004b80       0xa0 ./Drivers/STM32F4xx_HAL_Driver/Src/stm32f4xx_hal_pwr_ex.o
                0x08004b80                HAL_PWREx_EnableOverDrive
 .text.HAL_RCC_OscConfig
                0x08004c20      0x4f0 ./Drivers/STM32F4xx_HAL_Driver/Src/stm32f4xx_hal_rcc.o
                0x08004c20                HAL_RCC_OscConfig
 .text.HAL_RCC_ClockConfig
                0x08005110      0x1cc ./Drivers/STM32F4xx_HAL_Driver/Src/stm32f4xx_hal_rcc.o
                0x08005110                HAL_RCC_ClockConfig
 .text.HAL_RCC_GetSysClockFreq
                0x080052dc      0x188 ./Drivers/STM32F4xx_HAL_Driver/Src/stm32f4xx_hal_rcc.o
                0x080052dc                HAL_RCC_GetSysClockFreq
 .text.HAL_RCC_GetHCLKFreq
                0x08005464       0x18 ./Drivers/STM32F4xx_HAL_Driver/Src/stm32f4xx_hal_rcc.o
                0x08005464                HAL_RCC_GetHCLKFreq
 .text.HAL_RCC_GetPCLK1Freq
                0x0800547c       0x28 ./Drivers/STM32F4xx_HAL_Driver/Src/stm32f4xx_hal_rcc.o
                0x0800547c                HAL_RCC_GetPCLK1Freq
 .text.HAL_RCC_GetPCLK2Freq
                0x080054a4       0x28 ./Drivers/STM32F4xx_HAL_Driver/Src/stm32f4xx_hal_rcc.o
                0x080054a4                HAL_RCC_GetPCLK2Freq
 .text.HAL_RCC_GetClockConfig
                0x080054cc       0x64 ./Drivers/STM32F4xx_HAL_Driver/Src/stm32f4xx_hal_rcc.o
                0x080054cc                HAL_RCC_GetClockConfig
 .text.HAL_SPI_Init
                0x08005530      0x112 ./Drivers/STM32F4xx_HAL_Driver/Src/stm32f4xx_hal_spi.o
                0x08005530                HAL_SPI_Init
 .text.HAL_TIM_Base_Init
                0x08005642       0x9e ./Drivers/STM32F4xx_HAL_Driver/Src/stm32f4xx_hal_tim.o
                0x08005642                HAL_TIM_Base_Init
 .text.HAL_TIM_Base_Start
                0x080056e0       0xd0 ./Drivers/STM32F4xx_HAL_Driver/Src/stm32f4xx_hal_tim.o
                0x080056e0                HAL_TIM_Base_Start
 .text.HAL_TIM_Base_Start_IT
                0x080057b0       0xe0 ./Drivers/STM32F4xx_HAL_Driver/Src/stm32f4xx_hal_tim.o
                0x080057b0                HAL_TIM_Base_Start_IT
 .text.HAL_TIM_IRQHandler
                0x08005890      0x1e0 ./Drivers/STM32F4xx_HAL_Driver/Src/stm32f4xx_hal_tim.o
                0x08005890                HAL_TIM_IRQHandler
 .text.HAL_TIM_ConfigClockSource
                0x08005a70      0x18e ./Drivers/STM32F4xx_HAL_Driver/Src/stm32f4xx_hal_tim.o
                0x08005a70                HAL_TIM_ConfigClockSource
 .text.HAL_TIM_OC_DelayElapsedCallback
                0x08005bfe       0x14 ./Drivers/STM32F4xx_HAL_Driver/Src/stm32f4xx_hal_tim.o
                0x08005bfe                HAL_TIM_OC_DelayElapsedCallback
 .text.HAL_TIM_IC_CaptureCallback
                0x08005c12       0x14 ./Drivers/STM32F4xx_HAL_Driver/Src/stm32f4xx_hal_tim.o
                0x08005c12                HAL_TIM_IC_CaptureCallback
 .text.HAL_TIM_PWM_PulseFinishedCallback
                0x08005c26       0x14 ./Drivers/STM32F4xx_HAL_Driver/Src/stm32f4xx_hal_tim.o
                0x08005c26                HAL_TIM_PWM_PulseFinishedCallback
 .text.HAL_TIM_TriggerCallback
                0x08005c3a       0x14 ./Drivers/STM32F4xx_HAL_Driver/Src/stm32f4xx_hal_tim.o
                0x08005c3a                HAL_TIM_TriggerCallback
 *fill*         0x08005c4e        0x2 
 .text.TIM_Base_SetConfig
                0x08005c50      0x14c ./Drivers/STM32F4xx_HAL_Driver/Src/stm32f4xx_hal_tim.o
                0x08005c50                TIM_Base_SetConfig
 .text.TIM_TI1_ConfigInputStage
                0x08005d9c       0x5e ./Drivers/STM32F4xx_HAL_Driver/Src/stm32f4xx_hal_tim.o
 .text.TIM_TI2_ConfigInputStage
                0x08005dfa       0x60 ./Drivers/STM32F4xx_HAL_Driver/Src/stm32f4xx_hal_tim.o
 .text.TIM_ITRx_SetConfig
                0x08005e5a       0x36 ./Drivers/STM32F4xx_HAL_Driver/Src/stm32f4xx_hal_tim.o
 .text.TIM_ETR_SetConfig
                0x08005e90       0x40 ./Drivers/STM32F4xx_HAL_Driver/Src/stm32f4xx_hal_tim.o
                0x08005e90                TIM_ETR_SetConfig
 .text.HAL_TIMEx_MasterConfigSynchronization
                0x08005ed0       0xf8 ./Drivers/STM32F4xx_HAL_Driver/Src/stm32f4xx_hal_tim_ex.o
                0x08005ed0                HAL_TIMEx_MasterConfigSynchronization
 .text.HAL_TIMEx_CommutCallback
                0x08005fc8       0x14 ./Drivers/STM32F4xx_HAL_Driver/Src/stm32f4xx_hal_tim_ex.o
                0x08005fc8                HAL_TIMEx_CommutCallback
 .text.HAL_TIMEx_BreakCallback
                0x08005fdc       0x14 ./Drivers/STM32F4xx_HAL_Driver/Src/stm32f4xx_hal_tim_ex.o
                0x08005fdc                HAL_TIMEx_BreakCallback
 .text.HAL_USART_Init
                0x08005ff0       0x82 ./Drivers/STM32F4xx_HAL_Driver/Src/stm32f4xx_hal_usart.o
                0x08005ff0                HAL_USART_Init
 *fill*         0x08006072        0x2 
 .text.USART_SetConfig
                0x08006074      0x530 ./Drivers/STM32F4xx_HAL_Driver/Src/stm32f4xx_hal_usart.o
 .text.__NVIC_SetPriority
                0x080065a4       0x54 ./Middlewares/Third_Party/FreeRTOS/Source/CMSIS_RTOS_V2/cmsis_os2.o
 .text.SysTick_Handler
                0x080065f8       0x20 ./Middlewares/Third_Party/FreeRTOS/Source/CMSIS_RTOS_V2/cmsis_os2.o
                0x080065f8                SysTick_Handler
 .text.SVC_Setup
                0x08006618       0x12 ./Middlewares/Third_Party/FreeRTOS/Source/CMSIS_RTOS_V2/cmsis_os2.o
 *fill*         0x0800662a        0x2 
 .text.osKernelInitialize
                0x0800662c       0x48 ./Middlewares/Third_Party/FreeRTOS/Source/CMSIS_RTOS_V2/cmsis_os2.o
                0x0800662c                osKernelInitialize
 .text.osKernelStart
                0x08006674       0x4c ./Middlewares/Third_Party/FreeRTOS/Source/CMSIS_RTOS_V2/cmsis_os2.o
                0x08006674                osKernelStart
 .text.osThreadNew
                0x080066c0      0x126 ./Middlewares/Third_Party/FreeRTOS/Source/CMSIS_RTOS_V2/cmsis_os2.o
                0x080066c0                osThreadNew
 .text.osDelay  0x080067e6       0x36 ./Middlewares/Third_Party/FreeRTOS/Source/CMSIS_RTOS_V2/cmsis_os2.o
                0x080067e6                osDelay
 .text.TimerCallback
                0x0800681c       0x2a ./Middlewares/Third_Party/FreeRTOS/Source/CMSIS_RTOS_V2/cmsis_os2.o
 *fill*         0x08006846        0x2 
 .text.osTimerNew
                0x08006848       0xf8 ./Middlewares/Third_Party/FreeRTOS/Source/CMSIS_RTOS_V2/cmsis_os2.o
                0x08006848                osTimerNew
 .text.osTimerStart
                0x08006940       0x5c ./Middlewares/Third_Party/FreeRTOS/Source/CMSIS_RTOS_V2/cmsis_os2.o
                0x08006940                osTimerStart
 .text.osMutexNew
                0x0800699c      0x10c ./Middlewares/Third_Party/FreeRTOS/Source/CMSIS_RTOS_V2/cmsis_os2.o
                0x0800699c                osMutexNew
 .text.osMutexAcquire
                0x08006aa8       0x96 ./Middlewares/Third_Party/FreeRTOS/Source/CMSIS_RTOS_V2/cmsis_os2.o
                0x08006aa8                osMutexAcquire
 .text.osMutexRelease
                0x08006b3e       0x7a ./Middlewares/Third_Party/FreeRTOS/Source/CMSIS_RTOS_V2/cmsis_os2.o
                0x08006b3e                osMutexRelease
 .text.osMessageQueueNew
                0x08006bb8       0xe6 ./Middlewares/Third_Party/FreeRTOS/Source/CMSIS_RTOS_V2/cmsis_os2.o
                0x08006bb8                osMessageQueueNew
 *fill*         0x08006c9e        0x2 
 .text.osMessageQueuePut
                0x08006ca0       0xc0 ./Middlewares/Third_Party/FreeRTOS/Source/CMSIS_RTOS_V2/cmsis_os2.o
                0x08006ca0                osMessageQueuePut
 .text.osMessageQueueGet
                0x08006d60       0xbc ./Middlewares/Third_Party/FreeRTOS/Source/CMSIS_RTOS_V2/cmsis_os2.o
                0x08006d60                osMessageQueueGet
 .text.vApplicationGetIdleTaskMemory
                0x08006e1c       0x34 ./Middlewares/Third_Party/FreeRTOS/Source/CMSIS_RTOS_V2/cmsis_os2.o
                0x08006e1c                vApplicationGetIdleTaskMemory
 .text.vApplicationGetTimerTaskMemory
                0x08006e50       0x34 ./Middlewares/Third_Party/FreeRTOS/Source/CMSIS_RTOS_V2/cmsis_os2.o
                0x08006e50                vApplicationGetTimerTaskMemory
 .text.vListInitialise
                0x08006e84       0x40 ./Middlewares/Third_Party/FreeRTOS/Source/list.o
                0x08006e84                vListInitialise
 .text.vListInitialiseItem
                0x08006ec4       0x1a ./Middlewares/Third_Party/FreeRTOS/Source/list.o
                0x08006ec4                vListInitialiseItem
 .text.vListInsertEnd
                0x08006ede       0x48 ./Middlewares/Third_Party/FreeRTOS/Source/list.o
                0x08006ede                vListInsertEnd
 .text.vListInsert
                0x08006f26       0x72 ./Middlewares/Third_Party/FreeRTOS/Source/list.o
                0x08006f26                vListInsert
 .text.uxListRemove
                0x08006f98       0x54 ./Middlewares/Third_Party/FreeRTOS/Source/list.o
                0x08006f98                uxListRemove
 .text.xQueueGenericReset
                0x08006fec       0xd4 ./Middlewares/Third_Party/FreeRTOS/Source/queue.o
                0x08006fec                xQueueGenericReset
 .text.xQueueGenericCreateStatic
                0x080070c0       0xfa ./Middlewares/Third_Party/FreeRTOS/Source/queue.o
                0x080070c0                xQueueGenericCreateStatic
 .text.xQueueGenericCreate
                0x080071ba       0x76 ./Middlewares/Third_Party/FreeRTOS/Source/queue.o
                0x080071ba                xQueueGenericCreate
 .text.prvInitialiseNewQueue
                0x08007230       0x46 ./Middlewares/Third_Party/FreeRTOS/Source/queue.o
 .text.prvInitialiseMutex
                0x08007276       0x34 ./Middlewares/Third_Party/FreeRTOS/Source/queue.o
 .text.xQueueCreateMutex
                0x080072aa       0x30 ./Middlewares/Third_Party/FreeRTOS/Source/queue.o
                0x080072aa                xQueueCreateMutex
 .text.xQueueCreateMutexStatic
                0x080072da       0x36 ./Middlewares/Third_Party/FreeRTOS/Source/queue.o
                0x080072da                xQueueCreateMutexStatic
 .text.xQueueGiveMutexRecursive
                0x08007310       0x6a ./Middlewares/Third_Party/FreeRTOS/Source/queue.o
                0x08007310                xQueueGiveMutexRecursive
 .text.xQueueTakeMutexRecursive
                0x0800737a       0x6e ./Middlewares/Third_Party/FreeRTOS/Source/queue.o
                0x0800737a                xQueueTakeMutexRecursive
 .text.xQueueGenericSend
                0x080073e8      0x204 ./Middlewares/Third_Party/FreeRTOS/Source/queue.o
                0x080073e8                xQueueGenericSend
 .text.xQueueGenericSendFromISR
                0x080075ec      0x13c ./Middlewares/Third_Party/FreeRTOS/Source/queue.o
                0x080075ec                xQueueGenericSendFromISR
 .text.xQueueReceive
                0x08007728      0x1c4 ./Middlewares/Third_Party/FreeRTOS/Source/queue.o
                0x08007728                xQueueReceive
 .text.xQueueSemaphoreTake
                0x080078ec      0x220 ./Middlewares/Third_Party/FreeRTOS/Source/queue.o
                0x080078ec                xQueueSemaphoreTake
 .text.xQueueReceiveFromISR
                0x08007b0c      0x104 ./Middlewares/Third_Party/FreeRTOS/Source/queue.o
                0x08007b0c                xQueueReceiveFromISR
 .text.prvGetDisinheritPriorityAfterTimeout
                0x08007c10       0x30 ./Middlewares/Third_Party/FreeRTOS/Source/queue.o
 .text.prvCopyDataToQueue
                0x08007c40       0xd4 ./Middlewares/Third_Party/FreeRTOS/Source/queue.o
 .text.prvCopyDataFromQueue
                0x08007d14       0x4c ./Middlewares/Third_Party/FreeRTOS/Source/queue.o
 .text.prvUnlockQueue
                0x08007d60       0xa4 ./Middlewares/Third_Party/FreeRTOS/Source/queue.o
 .text.prvIsQueueEmpty
                0x08007e04       0x2c ./Middlewares/Third_Party/FreeRTOS/Source/queue.o
 .text.prvIsQueueFull
                0x08007e30       0x30 ./Middlewares/Third_Party/FreeRTOS/Source/queue.o
 .text.vQueueAddToRegistry
                0x08007e60       0x54 ./Middlewares/Third_Party/FreeRTOS/Source/queue.o
                0x08007e60                vQueueAddToRegistry
 .text.vQueueWaitForMessageRestricted
                0x08007eb4       0x68 ./Middlewares/Third_Party/FreeRTOS/Source/queue.o
                0x08007eb4                vQueueWaitForMessageRestricted
 .text.xTaskCreateStatic
                0x08007f1c       0xc4 ./Middlewares/Third_Party/FreeRTOS/Source/tasks.o
                0x08007f1c                xTaskCreateStatic
 .text.xTaskCreate
                0x08007fe0       0x8c ./Middlewares/Third_Party/FreeRTOS/Source/tasks.o
                0x08007fe0                xTaskCreate
 .text.prvInitialiseNewTask
                0x0800806c      0x15c ./Middlewares/Third_Party/FreeRTOS/Source/tasks.o
 .text.prvAddNewTaskToReadyList
                0x080081c8       0xe0 ./Middlewares/Third_Party/FreeRTOS/Source/tasks.o
 .text.vTaskDelay
                0x080082a8       0x6c ./Middlewares/Third_Party/FreeRTOS/Source/tasks.o
                0x080082a8                vTaskDelay
 .text.vTaskStartScheduler
                0x08008314       0xe4 ./Middlewares/Third_Party/FreeRTOS/Source/tasks.o
                0x08008314                vTaskStartScheduler
 .text.vTaskSuspendAll
                0x080083f8       0x1c ./Middlewares/Third_Party/FreeRTOS/Source/tasks.o
                0x080083f8                vTaskSuspendAll
 .text.xTaskResumeAll
                0x08008414      0x13c ./Middlewares/Third_Party/FreeRTOS/Source/tasks.o
                0x08008414                xTaskResumeAll
 .text.xTaskGetTickCount
                0x08008550       0x20 ./Middlewares/Third_Party/FreeRTOS/Source/tasks.o
                0x08008550                xTaskGetTickCount
 .text.xTaskIncrementTick
                0x08008570      0x174 ./Middlewares/Third_Party/FreeRTOS/Source/tasks.o
                0x08008570                xTaskIncrementTick
 .text.vTaskSwitchContext
                0x080086e4      0x118 ./Middlewares/Third_Party/FreeRTOS/Source/tasks.o
                0x080086e4                vTaskSwitchContext
 .text.vTaskPlaceOnEventList
                0x080087fc       0x4c ./Middlewares/Third_Party/FreeRTOS/Source/tasks.o
                0x080087fc                vTaskPlaceOnEventList
 .text.vTaskPlaceOnEventListRestricted
                0x08008848       0x58 ./Middlewares/Third_Party/FreeRTOS/Source/tasks.o
                0x08008848                vTaskPlaceOnEventListRestricted
 .text.xTaskRemoveFromEventList
                0x080088a0       0xc8 ./Middlewares/Third_Party/FreeRTOS/Source/tasks.o
                0x080088a0                xTaskRemoveFromEventList
 .text.vTaskInternalSetTimeOutState
                0x08008968       0x2c ./Middlewares/Third_Party/FreeRTOS/Source/tasks.o
                0x08008968                vTaskInternalSetTimeOutState
 .text.xTaskCheckForTimeOut
                0x08008994       0xc8 ./Middlewares/Third_Party/FreeRTOS/Source/tasks.o
                0x08008994                xTaskCheckForTimeOut
 .text.vTaskMissedYield
                0x08008a5c       0x18 ./Middlewares/Third_Party/FreeRTOS/Source/tasks.o
                0x08008a5c                vTaskMissedYield
 .text.prvIdleTask
                0x08008a74       0x30 ./Middlewares/Third_Party/FreeRTOS/Source/tasks.o
 .text.prvInitialiseTaskLists
                0x08008aa4       0x80 ./Middlewares/Third_Party/FreeRTOS/Source/tasks.o
 .text.prvCheckTasksWaitingTermination
                0x08008b24       0x5c ./Middlewares/Third_Party/FreeRTOS/Source/tasks.o
 .text.prvDeleteTCB
                0x08008b80       0x6c ./Middlewares/Third_Party/FreeRTOS/Source/tasks.o
 .text.prvResetNextTaskUnblockTime
                0x08008bec       0x40 ./Middlewares/Third_Party/FreeRTOS/Source/tasks.o
 .text.xTaskGetCurrentTaskHandle
                0x08008c2c       0x20 ./Middlewares/Third_Party/FreeRTOS/Source/tasks.o
                0x08008c2c                xTaskGetCurrentTaskHandle
 .text.xTaskGetSchedulerState
                0x08008c4c       0x3c ./Middlewares/Third_Party/FreeRTOS/Source/tasks.o
                0x08008c4c                xTaskGetSchedulerState
 .text.xTaskPriorityInherit
                0x08008c88       0xd4 ./Middlewares/Third_Party/FreeRTOS/Source/tasks.o
                0x08008c88                xTaskPriorityInherit
 .text.xTaskPriorityDisinherit
                0x08008d5c       0xec ./Middlewares/Third_Party/FreeRTOS/Source/tasks.o
                0x08008d5c                xTaskPriorityDisinherit
 .text.vTaskPriorityDisinheritAfterTimeout
                0x08008e48      0x110 ./Middlewares/Third_Party/FreeRTOS/Source/tasks.o
                0x08008e48                vTaskPriorityDisinheritAfterTimeout
 .text.pvTaskIncrementMutexHeldCount
                0x08008f58       0x2c ./Middlewares/Third_Party/FreeRTOS/Source/tasks.o
                0x08008f58                pvTaskIncrementMutexHeldCount
 .text.prvAddCurrentTaskToDelayedList
                0x08008f84       0xa8 ./Middlewares/Third_Party/FreeRTOS/Source/tasks.o
 .text.xTimerCreateTimerTask
                0x0800902c       0x94 ./Middlewares/Third_Party/FreeRTOS/Source/timers.o
                0x0800902c                xTimerCreateTimerTask
 .text.xTimerCreate
                0x080090c0       0x42 ./Middlewares/Third_Party/FreeRTOS/Source/timers.o
                0x080090c0                xTimerCreate
 .text.xTimerCreateStatic
                0x08009102       0x80 ./Middlewares/Third_Party/FreeRTOS/Source/timers.o
                0x08009102                xTimerCreateStatic
 .text.prvInitialiseNewTimer
                0x08009182       0x78 ./Middlewares/Third_Party/FreeRTOS/Source/timers.o
 *fill*         0x080091fa        0x2 
 .text.xTimerGenericCommand
                0x080091fc       0x9c ./Middlewares/Third_Party/FreeRTOS/Source/timers.o
                0x080091fc                xTimerGenericCommand
 .text.prvProcessExpiredTimer
                0x08009298       0x9c ./Middlewares/Third_Party/FreeRTOS/Source/timers.o
 .text.prvTimerTask
                0x08009334       0x26 ./Middlewares/Third_Party/FreeRTOS/Source/timers.o
 *fill*         0x0800935a        0x2 
 .text.prvProcessTimerOrBlockTask
                0x0800935c       0x9c ./Middlewares/Third_Party/FreeRTOS/Source/timers.o
 .text.prvGetNextExpireTime
                0x080093f8       0x48 ./Middlewares/Third_Party/FreeRTOS/Source/timers.o
 .text.prvSampleTimeNow
                0x08009440       0x40 ./Middlewares/Third_Party/FreeRTOS/Source/timers.o
 .text.prvInsertTimerInActiveList
                0x08009480       0x84 ./Middlewares/Third_Party/FreeRTOS/Source/timers.o
 .text.prvProcessReceivedCommands
                0x08009504      0x1cc ./Middlewares/Third_Party/FreeRTOS/Source/timers.o
 .text.prvSwitchTimerLists
                0x080096d0       0xcc ./Middlewares/Third_Party/FreeRTOS/Source/timers.o
 .text.prvCheckForValidListAndQueue
                0x0800979c       0x80 ./Middlewares/Third_Party/FreeRTOS/Source/timers.o
 .text.pvTimerGetTimerID
                0x0800981c       0x42 ./Middlewares/Third_Party/FreeRTOS/Source/timers.o
                0x0800981c                pvTimerGetTimerID
 *fill*         0x0800985e        0x2 
 .text.pxPortInitialiseStack
                0x08009860       0x68 ./Middlewares/Third_Party/FreeRTOS/Source/portable/GCC/ARM_CM4F/port.o
                0x08009860                pxPortInitialiseStack
 .text.prvTaskExitError
                0x080098c8       0x5c ./Middlewares/Third_Party/FreeRTOS/Source/portable/GCC/ARM_CM4F/port.o
 *fill*         0x08009924        0xc 
 .text.SVC_Handler
                0x08009930       0x28 ./Middlewares/Third_Party/FreeRTOS/Source/portable/GCC/ARM_CM4F/port.o
                0x08009930                SVC_Handler
 .text.prvPortStartFirstTask
                0x08009958       0x28 ./Middlewares/Third_Party/FreeRTOS/Source/portable/GCC/ARM_CM4F/port.o
 .text.xPortStartScheduler
                0x08009980      0x148 ./Middlewares/Third_Party/FreeRTOS/Source/portable/GCC/ARM_CM4F/port.o
                0x08009980                xPortStartScheduler
 .text.vPortEnterCritical
                0x08009ac8       0x64 ./Middlewares/Third_Party/FreeRTOS/Source/portable/GCC/ARM_CM4F/port.o
                0x08009ac8                vPortEnterCritical
 .text.vPortExitCritical
                0x08009b2c       0x54 ./Middlewares/Third_Party/FreeRTOS/Source/portable/GCC/ARM_CM4F/port.o
                0x08009b2c                vPortExitCritical
 .text.PendSV_Handler
                0x08009b80       0x68 ./Middlewares/Third_Party/FreeRTOS/Source/portable/GCC/ARM_CM4F/port.o
                0x08009b80                PendSV_Handler
 .text.xPortSysTickHandler
                0x08009be8       0x44 ./Middlewares/Third_Party/FreeRTOS/Source/portable/GCC/ARM_CM4F/port.o
                0x08009be8                xPortSysTickHandler
 .text.vPortSetupTimerInterrupt
                0x08009c2c       0x48 ./Middlewares/Third_Party/FreeRTOS/Source/portable/GCC/ARM_CM4F/port.o
                0x08009c2c                vPortSetupTimerInterrupt
 .text.vPortEnableVFP
                0x08009c74       0x14 ./Middlewares/Third_Party/FreeRTOS/Source/portable/GCC/ARM_CM4F/port.o
 .text.vPortValidateInterruptPriority
                0x08009c88       0x84 ./Middlewares/Third_Party/FreeRTOS/Source/portable/GCC/ARM_CM4F/port.o
                0x08009c88                vPortValidateInterruptPriority
 .text.pvPortMalloc
                0x08009d0c      0x19c ./Middlewares/Third_Party/FreeRTOS/Source/portable/MemMang/heap_4.o
                0x08009d0c                pvPortMalloc
 .text.vPortFree
                0x08009ea8       0xc8 ./Middlewares/Third_Party/FreeRTOS/Source/portable/MemMang/heap_4.o
                0x08009ea8                vPortFree
 .text.prvHeapInit
                0x08009f70       0xc4 ./Middlewares/Third_Party/FreeRTOS/Source/portable/MemMang/heap_4.o
 .text.prvInsertBlockIntoFreeList
                0x0800a034       0xb4 ./Middlewares/Third_Party/FreeRTOS/Source/portable/MemMang/heap_4.o
 .text.memset   0x0800a0e8       0x10 /Applications/STM32CubeIDE.app/Contents/Eclipse/plugins/com.st.stm32cube.ide.mcu.externaltools.gnu-tools-for-stm32.14.3.rel1.macosaarch64_1.0.0.202602081740/tools/bin/../lib/gcc/arm-none-eabi/14.3.1/../../../../arm-none-eabi/lib/thumb/v7e-m+fp/hard/libc_nano.a(libc_a-memset.o)
                0x0800a0e8                memset
 .text.__libc_init_array
                0x0800a0f8       0x48 /Applications/STM32CubeIDE.app/Contents/Eclipse/plugins/com.st.stm32cube.ide.mcu.externaltools.gnu-tools-for-stm32.14.3.rel1.macosaarch64_1.0.0.202602081740/tools/bin/../lib/gcc/arm-none-eabi/14.3.1/../../../../arm-none-eabi/lib/thumb/v7e-m+fp/hard/libc_nano.a(libc_a-init.o)
                0x0800a0f8                __libc_init_array
 .text.__retarget_lock_acquire_recursive
                0x0800a140        0x2 /Applications/STM32CubeIDE.app/Contents/Eclipse/plugins/com.st.stm32cube.ide.mcu.externaltools.gnu-tools-for-stm32.14.3.rel1.macosaarch64_1.0.0.202602081740/tools/bin/../lib/gcc/arm-none-eabi/14.3.1/../../../../arm-none-eabi/lib/thumb/v7e-m+fp/hard/libc_nano.a(libc_a-lock.o)
                0x0800a140                __retarget_lock_acquire_recursive
 .text.__retarget_lock_release_recursive
                0x0800a142        0x2 /Applications/STM32CubeIDE.app/Contents/Eclipse/plugins/com.st.stm32cube.ide.mcu.externaltools.gnu-tools-for-stm32.14.3.rel1.macosaarch64_1.0.0.202602081740/tools/bin/../lib/gcc/arm-none-eabi/14.3.1/../../../../arm-none-eabi/lib/thumb/v7e-m+fp/hard/libc_nano.a(libc_a-lock.o)
                0x0800a142                __retarget_lock_release_recursive
 .text._reclaim_reent
                0x0800a144       0xbc /Applications/STM32CubeIDE.app/Contents/Eclipse/plugins/com.st.stm32cube.ide.mcu.externaltools.gnu-tools-for-stm32.14.3.rel1.macosaarch64_1.0.0.202602081740/tools/bin/../lib/gcc/arm-none-eabi/14.3.1/../../../../arm-none-eabi/lib/thumb/v7e-m+fp/hard/libc_nano.a(libc_a-reent.o)
                0x0800a144                _reclaim_reent
 .text.memcpy   0x0800a200       0x1c /Applications/STM32CubeIDE.app/Contents/Eclipse/plugins/com.st.stm32cube.ide.mcu.externaltools.gnu-tools-for-stm32.14.3.rel1.macosaarch64_1.0.0.202602081740/tools/bin/../lib/gcc/arm-none-eabi/14.3.1/../../../../arm-none-eabi/lib/thumb/v7e-m+fp/hard/libc_nano.a(libc_a-memcpy-stub.o)
                0x0800a200                memcpy
 .text._free_r  0x0800a21c       0x94 /Applications/STM32CubeIDE.app/Contents/Eclipse/plugins/com.st.stm32cube.ide.mcu.externaltools.gnu-tools-for-stm32.14.3.rel1.macosaarch64_1.0.0.202602081740/tools/bin/../lib/gcc/arm-none-eabi/14.3.1/../../../../arm-none-eabi/lib/thumb/v7e-m+fp/hard/libc_nano.a(libc_a-freer.o)
                0x0800a21c                _free_r
 .text.__malloc_lock
                0x0800a2b0        0xc /Applications/STM32CubeIDE.app/Contents/Eclipse/plugins/com.st.stm32cube.ide.mcu.externaltools.gnu-tools-for-stm32.14.3.rel1.macosaarch64_1.0.0.202602081740/tools/bin/../lib/gcc/arm-none-eabi/14.3.1/../../../../arm-none-eabi/lib/thumb/v7e-m+fp/hard/libc_nano.a(libc_a-mlock.o)
                0x0800a2b0                __malloc_lock
 .text.__malloc_unlock
                0x0800a2bc        0xc /Applications/STM32CubeIDE.app/Contents/Eclipse/plugins/com.st.stm32cube.ide.mcu.externaltools.gnu-tools-for-stm32.14.3.rel1.macosaarch64_1.0.0.202602081740/tools/bin/../lib/gcc/arm-none-eabi/14.3.1/../../../../arm-none-eabi/lib/thumb/v7e-m+fp/hard/libc_nano.a(libc_a-mlock.o)
                0x0800a2bc                __malloc_unlock
 *(.glue_7)
 .glue_7        0x0800a2c8        0x0 linker stubs
 *(.glue_7t)
 .glue_7t       0x0800a2c8        0x0 linker stubs
 *(.eh_frame)
 .eh_frame      0x0800a2c8        0x0 /Applications/STM32CubeIDE.app/Contents/Eclipse/plugins/com.st.stm32cube.ide.mcu.externaltools.gnu-tools-for-stm32.14.3.rel1.macosaarch64_1.0.0.202602081740/tools/bin/../lib/gcc/arm-none-eabi/14.3.1/thumb/v7e-m+fp/hard/crtbegin.o
 *(.init)
 .init          0x0800a2c8        0x4 /Applications/STM32CubeIDE.app/Contents/Eclipse/plugins/com.st.stm32cube.ide.mcu.externaltools.gnu-tools-for-stm32.14.3.rel1.macosaarch64_1.0.0.202602081740/tools/bin/../lib/gcc/arm-none-eabi/14.3.1/thumb/v7e-m+fp/hard/crti.o
                0x0800a2c8                _init
 .init          0x0800a2cc        0x8 /Applications/STM32CubeIDE.app/Contents/Eclipse/plugins/com.st.stm32cube.ide.mcu.externaltools.gnu-tools-for-stm32.14.3.rel1.macosaarch64_1.0.0.202602081740/tools/bin/../lib/gcc/arm-none-eabi/14.3.1/thumb/v7e-m+fp/hard/crtn.o
 *(.fini)
 .fini          0x0800a2d4        0x4 /Applications/STM32CubeIDE.app/Contents/Eclipse/plugins/com.st.stm32cube.ide.mcu.externaltools.gnu-tools-for-stm32.14.3.rel1.macosaarch64_1.0.0.202602081740/tools/bin/../lib/gcc/arm-none-eabi/14.3.1/thumb/v7e-m+fp/hard/crti.o
                0x0800a2d4                _fini
 .fini          0x0800a2d8        0x8 /Applications/STM32CubeIDE.app/Contents/Eclipse/plugins/com.st.stm32cube.ide.mcu.externaltools.gnu-tools-for-stm32.14.3.rel1.macosaarch64_1.0.0.202602081740/tools/bin/../lib/gcc/arm-none-eabi/14.3.1/thumb/v7e-m+fp/hard/crtn.o
                0x0800a2e0                        . = ALIGN (0x4)
                0x0800a2e0                        _etext = .

.vfp11_veneer   0x0800a2e0        0x0
 .vfp11_veneer  0x0800a2e0        0x0 linker stubs

.v4_bx          0x0800a2e0        0x0
 .v4_bx         0x0800a2e0        0x0 linker stubs

.iplt           0x0800a2e0        0x0
 .iplt          0x0800a2e0        0x0 /Applications/STM32CubeIDE.app/Contents/Eclipse/plugins/com.st.stm32cube.ide.mcu.externaltools.gnu-tools-for-stm32.14.3.rel1.macosaarch64_1.0.0.202602081740/tools/bin/../lib/gcc/arm-none-eabi/14.3.1/thumb/v7e-m+fp/hard/crtbegin.o

.rodata         0x0800a2e0      0x37c
                0x0800a2e0                        . = ALIGN (0x4)
 *(.rodata)
 .rodata        0x0800a2e0      0x14a ./Core/Src/freertos.o
 *fill*         0x0800a42a        0x2 
 .rodata        0x0800a42c        0x5 ./Middlewares/Third_Party/FreeRTOS/Source/tasks.o
 *fill*         0x0800a431        0x3 
 .rodata        0x0800a434        0xd ./Middlewares/Third_Party/FreeRTOS/Source/timers.o
 *(.rodata*)
 *fill*         0x0800a441        0x3 
 .rodata.task_attributes
                0x0800a444       0x24 ./Core/Src/freertos.o
                0x0800a444                task_attributes
 .rodata.CalibrateTask_attributes
                0x0800a468       0x24 ./Core/Src/freertos.o
                0x0800a468                CalibrateTask_attributes
 .rodata.RTD_Task_attributes
                0x0800a48c       0x24 ./Core/Src/freertos.o
                0x0800a48c                RTD_Task_attributes
 .rodata.ProcessADC_Task_attributes
                0x0800a4b0       0x24 ./Core/Src/freertos.o
                0x0800a4b0                ProcessADC_Task_attributes
 .rodata.PedalsDataTask_attributes
                0x0800a4d4       0x24 ./Core/Src/freertos.o
                0x0800a4d4                PedalsDataTask_attributes
 .rodata.VehicleCtrlTask_attributes
                0x0800a4f8       0x24 ./Core/Src/freertos.o
                0x0800a4f8                VehicleCtrlTask_attributes
 .rodata.StateCtrlTask_attributes
                0x0800a51c       0x24 ./Core/Src/freertos.o
                0x0800a51c                StateCtrlTask_attributes
 .rodata.ProcessCAN_Task_attributes
                0x0800a540       0x24 ./Core/Src/freertos.o
                0x0800a540                ProcessCAN_Task_attributes
 .rodata.StateTransitionQueue_attributes
                0x0800a564       0x18 ./Core/Src/freertos.o
                0x0800a564                StateTransitionQueue_attributes
 .rodata.CanMsgQueue_attributes
                0x0800a57c       0x18 ./Core/Src/freertos.o
                0x0800a57c                CanMsgQueue_attributes
 .rodata.PedalsADCQueue_attributes
                0x0800a594       0x18 ./Core/Src/freertos.o
                0x0800a594                PedalsADCQueue_attributes
 .rodata.RTD_ButtonTimer_attributes
                0x0800a5ac       0x10 ./Core/Src/freertos.o
                0x0800a5ac                RTD_ButtonTimer_attributes
 .rodata.InverterCAN_Transmit_attributes
                0x0800a5bc       0x10 ./Core/Src/freertos.o
                0x0800a5bc                InverterCAN_Transmit_attributes
 .rodata.CAN1_Mutex_attributes
                0x0800a5cc       0x10 ./Core/Src/freertos.o
                0x0800a5cc                CAN1_Mutex_attributes
 .rodata.CAN2_Mutex_attributes
                0x0800a5dc       0x10 ./Core/Src/freertos.o
                0x0800a5dc                CAN2_Mutex_attributes
 .rodata.SystemState_Mutex_attributes
                0x0800a5ec       0x10 ./Core/Src/freertos.o
                0x0800a5ec                SystemState_Mutex_attributes
 .rodata.VehicleState_Mutex_attributes
                0x0800a5fc       0x10 ./Core/Src/freertos.o
                0x0800a5fc                VehicleState_Mutex_attributes
 .rodata.InverterData1_Mutex_attributes
                0x0800a60c       0x10 ./Core/Src/freertos.o
                0x0800a60c                InverterData1_Mutex_attributes
 .rodata.InverterData2_Mutex_attributes
                0x0800a61c       0x10 ./Core/Src/freertos.o
                0x0800a61c                InverterData2_Mutex_attributes
 .rodata.PedalsState_Mutex_attributes
                0x0800a62c       0x10 ./Core/Src/freertos.o
                0x0800a62c                PedalsState_Mutex_attributes
 .rodata.AHBPrescTable
                0x0800a63c       0x10 ./Core/Src/system_stm32f4xx.o
                0x0800a63c                AHBPrescTable
 .rodata.APBPrescTable
                0x0800a64c        0x8 ./Core/Src/system_stm32f4xx.o
                0x0800a64c                APBPrescTable
 .rodata.flagBitshiftOffset.0
                0x0800a654        0x8 ./Drivers/STM32F4xx_HAL_Driver/Src/stm32f4xx_hal_dma.o
                0x0800a65c                        . = ALIGN (0x4)

.ARM.extab      0x0800a65c        0x0
                0x0800a65c                        . = ALIGN (0x4)
 *(.ARM.extab* .gnu.linkonce.armextab.*)
                0x0800a65c                        . = ALIGN (0x4)

.ARM            0x0800a65c        0x8
                0x0800a65c                        . = ALIGN (0x4)
                0x0800a65c                        __exidx_start = .
 *(.ARM.exidx*)
 .ARM.exidx     0x0800a65c        0x8 /Applications/STM32CubeIDE.app/Contents/Eclipse/plugins/com.st.stm32cube.ide.mcu.externaltools.gnu-tools-for-stm32.14.3.rel1.macosaarch64_1.0.0.202602081740/tools/bin/../lib/gcc/arm-none-eabi/14.3.1/thumb/v7e-m+fp/hard/libgcc.a(_udivmoddi4.o)
                0x0800a664                        __exidx_end = .
                0x0800a664                        . = ALIGN (0x4)

.preinit_array  0x0800a664        0x0
                0x0800a664                        . = ALIGN (0x4)
                0x0800a664                        PROVIDE (__preinit_array_start = .)
 *(.preinit_array*)
                0x0800a664                        PROVIDE (__preinit_array_end = .)
                0x0800a664                        . = ALIGN (0x4)

.init_array     0x0800a664        0x4
                0x0800a664                        . = ALIGN (0x4)
                0x0800a664                        PROVIDE (__init_array_start = .)
 *(SORT_BY_NAME(.init_array.*))
 *(.init_array*)
 .init_array    0x0800a664        0x4 /Applications/STM32CubeIDE.app/Contents/Eclipse/plugins/com.st.stm32cube.ide.mcu.externaltools.gnu-tools-for-stm32.14.3.rel1.macosaarch64_1.0.0.202602081740/tools/bin/../lib/gcc/arm-none-eabi/14.3.1/thumb/v7e-m+fp/hard/crtbegin.o
                0x0800a668                        PROVIDE (__init_array_end = .)
                0x0800a668                        . = ALIGN (0x4)

.fini_array     0x0800a668        0x4
                0x0800a668                        . = ALIGN (0x4)
                [!provide]                        PROVIDE (__fini_array_start = .)
 *(SORT_BY_NAME(.fini_array.*))
 *(.fini_array*)
 .fini_array    0x0800a668        0x4 /Applications/STM32CubeIDE.app/Contents/Eclipse/plugins/com.st.stm32cube.ide.mcu.externaltools.gnu-tools-for-stm32.14.3.rel1.macosaarch64_1.0.0.202602081740/tools/bin/../lib/gcc/arm-none-eabi/14.3.1/thumb/v7e-m+fp/hard/crtbegin.o
                [!provide]                        PROVIDE (__fini_array_end = .)
                0x0800a66c                        . = ALIGN (0x4)
                0x0800a66c                        _sidata = LOADADDR (.data)

.rel.dyn        0x0800a66c        0x0
 .rel.iplt      0x0800a66c        0x0 /Applications/STM32CubeIDE.app/Contents/Eclipse/plugins/com.st.stm32cube.ide.mcu.externaltools.gnu-tools-for-stm32.14.3.rel1.macosaarch64_1.0.0.202602081740/tools/bin/../lib/gcc/arm-none-eabi/14.3.1/thumb/v7e-m+fp/hard/crtbegin.o

.data           0x20000000       0x88 load address 0x0800a66c
                0x20000000                        . = ALIGN (0x4)
                0x20000000                        _sdata = .
 *(.data)
 *(.data*)
 .data.p_vehicle_state_data
                0x20000000        0x4 ./Core/Src/main.o
                0x20000000                p_vehicle_state_data
 .data.p_inverter_data_1
                0x20000004        0x4 ./Core/Src/main.o
                0x20000004                p_inverter_data_1
 .data.p_inverter_data_2
                0x20000008        0x4 ./Core/Src/main.o
                0x20000008                p_inverter_data_2
 .data.p_inverter_status_1
                0x2000000c        0x4 ./Core/Src/main.o
                0x2000000c                p_inverter_status_1
 .data.p_inverter_status_2
                0x20000010        0x4 ./Core/Src/main.o
                0x20000010                p_inverter_status_2
 .data.p_inverter_setpoints_1
                0x20000014        0x4 ./Core/Src/main.o
                0x20000014                p_inverter_setpoints_1
 .data.p_inverter_setpoints_2
                0x20000018        0x4 ./Core/Src/main.o
                0x20000018                p_inverter_setpoints_2
 .data.p_pedals_state_data
                0x2000001c        0x4 ./Core/Src/main.o
                0x2000001c                p_pedals_state_data
 .data.p_queue_errors_data
                0x20000020        0x4 ./Core/Src/main.o
                0x20000020                p_queue_errors_data
 .data.p_testing_vcu_data
                0x20000024        0x4 ./Core/Src/main.o
                0x20000024                p_testing_vcu_data
 .data.SystemCoreClock
                0x20000028        0x4 ./Core/Src/system_stm32f4xx.o
                0x20000028                SystemCoreClock
 .data.uwTickPrio
                0x2000002c        0x4 ./Drivers/STM32F4xx_HAL_Driver/Src/stm32f4xx_hal.o
                0x2000002c                uwTickPrio
 .data.uwTickFreq
                0x20000030        0x1 ./Drivers/STM32F4xx_HAL_Driver/Src/stm32f4xx_hal.o
                0x20000030                uwTickFreq
 *fill*         0x20000031        0x3 
 .data.uxCriticalNesting
                0x20000034        0x4 ./Middlewares/Third_Party/FreeRTOS/Source/portable/GCC/ARM_CM4F/port.o
 .data._impure_ptr
                0x20000038        0x4 /Applications/STM32CubeIDE.app/Contents/Eclipse/plugins/com.st.stm32cube.ide.mcu.externaltools.gnu-tools-for-stm32.14.3.rel1.macosaarch64_1.0.0.202602081740/tools/bin/../lib/gcc/arm-none-eabi/14.3.1/../../../../arm-none-eabi/lib/thumb/v7e-m+fp/hard/libc_nano.a(libc_a-impure.o)
                0x20000038                _impure_ptr
 .data._impure_data
                0x2000003c       0x4c /Applications/STM32CubeIDE.app/Contents/Eclipse/plugins/com.st.stm32cube.ide.mcu.externaltools.gnu-tools-for-stm32.14.3.rel1.macosaarch64_1.0.0.202602081740/tools/bin/../lib/gcc/arm-none-eabi/14.3.1/../../../../arm-none-eabi/lib/thumb/v7e-m+fp/hard/libc_nano.a(libc_a-impure.o)
                0x2000003c                _impure_data
 *(.RamFunc)
 *(.RamFunc*)
                0x20000088                        . = ALIGN (0x4)
                0x20000088                        _edata = .
                0x0800a6f4                        _siccmram = LOADADDR (.ccmram)

.igot.plt       0x20000088        0x0 load address 0x0800a6f4
 .igot.plt      0x20000088        0x0 /Applications/STM32CubeIDE.app/Contents/Eclipse/plugins/com.st.stm32cube.ide.mcu.externaltools.gnu-tools-for-stm32.14.3.rel1.macosaarch64_1.0.0.202602081740/tools/bin/../lib/gcc/arm-none-eabi/14.3.1/thumb/v7e-m+fp/hard/crtbegin.o

.ccmram         0x10000000        0x0 load address 0x0800a6f4
                0x10000000                        . = ALIGN (0x4)
                0x10000000                        _sccmram = .
 *(.ccmram)
 *(.ccmram*)
                0x10000000                        . = ALIGN (0x4)
                0x10000000                        _eccmram = .
                0x10000000                        . = ALIGN (0x4)

.bss            0x20000088     0x5754
                0x20000088                        _sbss = .
                0x20000088                        __bss_start__ = _sbss
 *(.bss)
 .bss           0x20000088       0x1c /Applications/STM32CubeIDE.app/Contents/Eclipse/plugins/com.st.stm32cube.ide.mcu.externaltools.gnu-tools-for-stm32.14.3.rel1.macosaarch64_1.0.0.202602081740/tools/bin/../lib/gcc/arm-none-eabi/14.3.1/thumb/v7e-m+fp/hard/crtbegin.o
 *(.bss*)
 .bss.hadc1     0x200000a4       0x48 ./Core/Src/adc.o
                0x200000a4                hadc1
 .bss.hdma_adc1
                0x200000ec       0x60 ./Core/Src/adc.o
                0x200000ec                hdma_adc1
 .bss.hcan1     0x2000014c       0x28 ./Core/Src/can.o
                0x2000014c                hcan1
 .bss.hcan2     0x20000174       0x28 ./Core/Src/can.o
                0x20000174                hcan2
 .bss.HAL_RCC_CAN1_CLK_ENABLED
                0x2000019c        0x4 ./Core/Src/can.o
 .bss.taskHandle
                0x200001a0        0x4 ./Core/Src/freertos.o
                0x200001a0                taskHandle
 .bss.CalibrateTaskHandle
                0x200001a4        0x4 ./Core/Src/freertos.o
                0x200001a4                CalibrateTaskHandle
 .bss.RTD_TaskHandle
                0x200001a8        0x4 ./Core/Src/freertos.o
                0x200001a8                RTD_TaskHandle
 .bss.ProcessADC_TaskHandle
                0x200001ac        0x4 ./Core/Src/freertos.o
                0x200001ac                ProcessADC_TaskHandle
 .bss.PedalsDataTaskHandle
                0x200001b0        0x4 ./Core/Src/freertos.o
                0x200001b0                PedalsDataTaskHandle
 .bss.VehicleCtrlTaskHandle
                0x200001b4        0x4 ./Core/Src/freertos.o
                0x200001b4                VehicleCtrlTaskHandle
 .bss.StateCtrlTaskHandle
                0x200001b8        0x4 ./Core/Src/freertos.o
                0x200001b8                StateCtrlTaskHandle
 .bss.ProcessCAN_TaskHandle
                0x200001bc        0x4 ./Core/Src/freertos.o
                0x200001bc                ProcessCAN_TaskHandle
 .bss.StateTransitionQueueHandle
                0x200001c0        0x4 ./Core/Src/freertos.o
                0x200001c0                StateTransitionQueueHandle
 .bss.CanMsgQueueHandle
                0x200001c4        0x4 ./Core/Src/freertos.o
                0x200001c4                CanMsgQueueHandle
 .bss.PedalsADCQueueHandle
                0x200001c8        0x4 ./Core/Src/freertos.o
                0x200001c8                PedalsADCQueueHandle
 .bss.RTD_ButtonTimerHandle
                0x200001cc        0x4 ./Core/Src/freertos.o
                0x200001cc                RTD_ButtonTimerHandle
 .bss.InverterCAN_TransmitHandle
                0x200001d0        0x4 ./Core/Src/freertos.o
                0x200001d0                InverterCAN_TransmitHandle
 .bss.CAN1_MutexHandle
                0x200001d4        0x4 ./Core/Src/freertos.o
                0x200001d4                CAN1_MutexHandle
 .bss.CAN2_MutexHandle
                0x200001d8        0x4 ./Core/Src/freertos.o
                0x200001d8                CAN2_MutexHandle
 .bss.SystemState_MutexHandle
                0x200001dc        0x4 ./Core/Src/freertos.o
                0x200001dc                SystemState_MutexHandle
 .bss.VehicleState_MutexHandle
                0x200001e0        0x4 ./Core/Src/freertos.o
                0x200001e0                VehicleState_MutexHandle
 .bss.InverterData1_MutexHandle
                0x200001e4        0x4 ./Core/Src/freertos.o
                0x200001e4                InverterData1_MutexHandle
 .bss.InverterData2_MutexHandle
                0x200001e8        0x4 ./Core/Src/freertos.o
                0x200001e8                InverterData2_MutexHandle
 .bss.PedalsState_MutexHandle
                0x200001ec        0x4 ./Core/Src/freertos.o
                0x200001ec                PedalsState_MutexHandle
 .bss.system_state
                0x200001f0        0x1 ./Core/Src/main.o
                0x200001f0                system_state
 *fill*         0x200001f1        0x3 
 .bss.vehicle_state_data
                0x200001f4       0x10 ./Core/Src/main.o
                0x200001f4                vehicle_state_data
 .bss.inverter_data_1
                0x20000204       0x14 ./Core/Src/main.o
                0x20000204                inverter_data_1
 .bss.inverter_data_2
                0x20000218       0x14 ./Core/Src/main.o
                0x20000218                inverter_data_2
 .bss.inverter_status_1
                0x2000022c        0x8 ./Core/Src/main.o
                0x2000022c                inverter_status_1
 .bss.inverter_status_2
                0x20000234        0x8 ./Core/Src/main.o
                0x20000234                inverter_status_2
 .bss.inverter_setpoints_1
                0x2000023c        0x8 ./Core/Src/main.o
                0x2000023c                inverter_setpoints_1
 .bss.inverter_setpoints_2
                0x20000244        0x8 ./Core/Src/main.o
                0x20000244                inverter_setpoints_2
 .bss.pedals_state_data
                0x2000024c        0x2 ./Core/Src/main.o
                0x2000024c                pedals_state_data
 *fill*         0x2000024e        0x2 
 .bss.queue_errors_data
                0x20000250        0x6 ./Core/Src/main.o
                0x20000250                queue_errors_data
 *fill*         0x20000256        0x2 
 .bss.p_testing_vcu_main
                0x20000258       0x16 ./Core/Src/main.o
                0x20000258                p_testing_vcu_main
 *fill*         0x2000026e        0x2 
 .bss.TxMailbox
                0x20000270        0x4 ./Core/Src/main.o
                0x20000270                TxMailbox
 .bss.TxMailbox_CAN2
                0x20000274        0x4 ./Core/Src/main.o
                0x20000274                TxMailbox_CAN2
 .bss.raw_ADC_values
                0x20000278       0x14 ./Core/Src/main.o
                0x20000278                raw_ADC_values
 .bss.hspi2     0x2000028c       0x58 ./Core/Src/spi.o
                0x2000028c                hspi2
 .bss.htim6     0x200002e4       0x48 ./Core/Src/stm32f4xx_hal_timebase_tim.o
                0x200002e4                htim6
 .bss.htim1     0x2000032c       0x48 ./Core/Src/tim.o
                0x2000032c                htim1
 .bss.htim2     0x20000374       0x48 ./Core/Src/tim.o
                0x20000374                htim2
 .bss.htim3     0x200003bc       0x48 ./Core/Src/tim.o
                0x200003bc                htim3
 .bss.husart1   0x20000404       0x44 ./Core/Src/usart.o
                0x20000404                husart1
 .bss.button_last_state.0
                0x20000448        0x1 ./Core/Src/app/RTD.o
 *fill*         0x20000449        0x3 
 .bss.CAN_1_transmission_error_counter
                0x2000044c        0x4 ./Core/Src/drivers/can_driver.o
                0x2000044c                CAN_1_transmission_error_counter
 .bss.CAN_2_transmission_error_counter
                0x20000450        0x4 ./Core/Src/drivers/can_driver.o
                0x20000450                CAN_2_transmission_error_counter
 .bss.CAN_1_disabled
                0x20000454        0x1 ./Core/Src/drivers/can_driver.o
                0x20000454                CAN_1_disabled
 .bss.CAN_2_disabled
                0x20000455        0x1 ./Core/Src/drivers/can_driver.o
                0x20000455                CAN_2_disabled
 *fill*         0x20000456        0x2 
 .bss.number_of_free_CAN_1_Tx_mailboxes
                0x20000458        0x4 ./Core/Src/drivers/can_driver.o
                0x20000458                number_of_free_CAN_1_Tx_mailboxes
 .bss.CAN_1_transmission_pending_status
                0x2000045c        0x4 ./Core/Src/drivers/can_driver.o
                0x2000045c                CAN_1_transmission_pending_status
 .bss.number_of_free_CAN_2_Tx_mailboxes
                0x20000460        0x4 ./Core/Src/drivers/can_driver.o
                0x20000460                number_of_free_CAN_2_Tx_mailboxes
 .bss.CAN_2_transmission_pending_status
                0x20000464        0x4 ./Core/Src/drivers/can_driver.o
                0x20000464                CAN_2_transmission_pending_status
 .bss.uwTick    0x20000468        0x4 ./Drivers/STM32F4xx_HAL_Driver/Src/stm32f4xx_hal.o
                0x20000468                uwTick
 .bss.KernelState
                0x2000046c        0x4 ./Middlewares/Third_Party/FreeRTOS/Source/CMSIS_RTOS_V2/cmsis_os2.o
 .bss.Idle_TCB.3
                0x20000470      0x198 ./Middlewares/Third_Party/FreeRTOS/Source/CMSIS_RTOS_V2/cmsis_os2.o
 .bss.Idle_Stack.2
                0x20000608      0x200 ./Middlewares/Third_Party/FreeRTOS/Source/CMSIS_RTOS_V2/cmsis_os2.o
 .bss.Timer_TCB.1
                0x20000808      0x198 ./Middlewares/Third_Party/FreeRTOS/Source/CMSIS_RTOS_V2/cmsis_os2.o
 .bss.Timer_Stack.0
                0x200009a0      0x400 ./Middlewares/Third_Party/FreeRTOS/Source/CMSIS_RTOS_V2/cmsis_os2.o
 .bss.xQueueRegistry
                0x20000da0       0x40 ./Middlewares/Third_Party/FreeRTOS/Source/queue.o
                0x20000da0                xQueueRegistry
 .bss.pxCurrentTCB
                0x20000de0        0x4 ./Middlewares/Third_Party/FreeRTOS/Source/tasks.o
                0x20000de0                pxCurrentTCB
 .bss.pxReadyTasksLists
                0x20000de4      0x460 ./Middlewares/Third_Party/FreeRTOS/Source/tasks.o
 .bss.xDelayedTaskList1
                0x20001244       0x14 ./Middlewares/Third_Party/FreeRTOS/Source/tasks.o
 .bss.xDelayedTaskList2
                0x20001258       0x14 ./Middlewares/Third_Party/FreeRTOS/Source/tasks.o
 .bss.pxDelayedTaskList
                0x2000126c        0x4 ./Middlewares/Third_Party/FreeRTOS/Source/tasks.o
 .bss.pxOverflowDelayedTaskList
                0x20001270        0x4 ./Middlewares/Third_Party/FreeRTOS/Source/tasks.o
 .bss.xPendingReadyList
                0x20001274       0x14 ./Middlewares/Third_Party/FreeRTOS/Source/tasks.o
 .bss.xTasksWaitingTermination
                0x20001288       0x14 ./Middlewares/Third_Party/FreeRTOS/Source/tasks.o
 .bss.uxDeletedTasksWaitingCleanUp
                0x2000129c        0x4 ./Middlewares/Third_Party/FreeRTOS/Source/tasks.o
 .bss.xSuspendedTaskList
                0x200012a0       0x14 ./Middlewares/Third_Party/FreeRTOS/Source/tasks.o
 .bss.uxCurrentNumberOfTasks
                0x200012b4        0x4 ./Middlewares/Third_Party/FreeRTOS/Source/tasks.o
 .bss.xTickCount
                0x200012b8        0x4 ./Middlewares/Third_Party/FreeRTOS/Source/tasks.o
 .bss.uxTopReadyPriority
                0x200012bc        0x4 ./Middlewares/Third_Party/FreeRTOS/Source/tasks.o
 .bss.xSchedulerRunning
                0x200012c0        0x4 ./Middlewares/Third_Party/FreeRTOS/Source/tasks.o
 .bss.xPendedTicks
                0x200012c4        0x4 ./Middlewares/Third_Party/FreeRTOS/Source/tasks.o
 .bss.xYieldPending
                0x200012c8        0x4 ./Middlewares/Third_Party/FreeRTOS/Source/tasks.o
 .bss.xNumOfOverflows
                0x200012cc        0x4 ./Middlewares/Third_Party/FreeRTOS/Source/tasks.o
 .bss.uxTaskNumber
                0x200012d0        0x4 ./Middlewares/Third_Party/FreeRTOS/Source/tasks.o
 .bss.xNextTaskUnblockTime
                0x200012d4        0x4 ./Middlewares/Third_Party/FreeRTOS/Source/tasks.o
 .bss.xIdleTaskHandle
                0x200012d8        0x4 ./Middlewares/Third_Party/FreeRTOS/Source/tasks.o
 .bss.uxSchedulerSuspended
                0x200012dc        0x4 ./Middlewares/Third_Party/FreeRTOS/Source/tasks.o
 .bss.xActiveTimerList1
                0x200012e0       0x14 ./Middlewares/Third_Party/FreeRTOS/Source/timers.o
 .bss.xActiveTimerList2
                0x200012f4       0x14 ./Middlewares/Third_Party/FreeRTOS/Source/timers.o
 .bss.pxCurrentTimerList
                0x20001308        0x4 ./Middlewares/Third_Party/FreeRTOS/Source/timers.o
 .bss.pxOverflowTimerList
                0x2000130c        0x4 ./Middlewares/Third_Party/FreeRTOS/Source/timers.o
 .bss.xTimerQueue
                0x20001310        0x4 ./Middlewares/Third_Party/FreeRTOS/Source/timers.o
 .bss.xTimerTaskHandle
                0x20001314        0x4 ./Middlewares/Third_Party/FreeRTOS/Source/timers.o
 .bss.xLastTime.2
                0x20001318        0x4 ./Middlewares/Third_Party/FreeRTOS/Source/timers.o
 .bss.ucStaticTimerQueueStorage.1
                0x2000131c       0xa0 ./Middlewares/Third_Party/FreeRTOS/Source/timers.o
 .bss.xStaticTimerQueue.0
                0x200013bc       0x50 ./Middlewares/Third_Party/FreeRTOS/Source/timers.o
 .bss.ucMaxSysCallPriority
                0x2000140c        0x1 ./Middlewares/Third_Party/FreeRTOS/Source/portable/GCC/ARM_CM4F/port.o
 *fill*         0x2000140d        0x3 
 .bss.ulMaxPRIGROUPValue
                0x20001410        0x4 ./Middlewares/Third_Party/FreeRTOS/Source/portable/GCC/ARM_CM4F/port.o
 .bss.ucHeap    0x20001414     0x4268 ./Middlewares/Third_Party/FreeRTOS/Source/portable/MemMang/heap_4.o
 .bss.xStart    0x2000567c        0x8 ./Middlewares/Third_Party/FreeRTOS/Source/portable/MemMang/heap_4.o
 .bss.pxEnd     0x20005684        0x4 ./Middlewares/Third_Party/FreeRTOS/Source/portable/MemMang/heap_4.o
 .bss.xFreeBytesRemaining
                0x20005688        0x4 ./Middlewares/Third_Party/FreeRTOS/Source/portable/MemMang/heap_4.o
 .bss.xMinimumEverFreeBytesRemaining
                0x2000568c        0x4 ./Middlewares/Third_Party/FreeRTOS/Source/portable/MemMang/heap_4.o
 .bss.xNumberOfSuccessfulAllocations
                0x20005690        0x4 ./Middlewares/Third_Party/FreeRTOS/Source/portable/MemMang/heap_4.o
 .bss.xNumberOfSuccessfulFrees
                0x20005694        0x4 ./Middlewares/Third_Party/FreeRTOS/Source/portable/MemMang/heap_4.o
 .bss.xBlockAllocatedBit
                0x20005698        0x4 ./Middlewares/Third_Party/FreeRTOS/Source/portable/MemMang/heap_4.o
 .bss.__sf      0x2000569c      0x138 /Applications/STM32CubeIDE.app/Contents/Eclipse/plugins/com.st.stm32cube.ide.mcu.externaltools.gnu-tools-for-stm32.14.3.rel1.macosaarch64_1.0.0.202602081740/tools/bin/../lib/gcc/arm-none-eabi/14.3.1/../../../../arm-none-eabi/lib/thumb/v7e-m+fp/hard/libc_nano.a(libc_a-findfp.o)
                0x2000569c                __sf
 .bss.__lock___malloc_recursive_mutex
                0x200057d4        0x1 /Applications/STM32CubeIDE.app/Contents/Eclipse/plugins/com.st.stm32cube.ide.mcu.externaltools.gnu-tools-for-stm32.14.3.rel1.macosaarch64_1.0.0.202602081740/tools/bin/../lib/gcc/arm-none-eabi/14.3.1/../../../../arm-none-eabi/lib/thumb/v7e-m+fp/hard/libc_nano.a(libc_a-lock.o)
                0x200057d4                __lock___malloc_recursive_mutex
 *fill*         0x200057d5        0x3 
 .bss.__malloc_free_list
                0x200057d8        0x4 /Applications/STM32CubeIDE.app/Contents/Eclipse/plugins/com.st.stm32cube.ide.mcu.externaltools.gnu-tools-for-stm32.14.3.rel1.macosaarch64_1.0.0.202602081740/tools/bin/../lib/gcc/arm-none-eabi/14.3.1/../../../../arm-none-eabi/lib/thumb/v7e-m+fp/hard/libc_nano.a(libc_a-mallocr.o)
                0x200057d8                __malloc_free_list
 *(COMMON)
                0x200057dc                        . = ALIGN (0x4)
                0x200057dc                        _ebss = .
                0x200057dc                        __bss_end__ = _ebss

._user_heap_stack
                0x200057dc      0x604
                0x200057e0                        . = ALIGN (0x8)
 *fill*         0x200057dc        0x4 
                [!provide]                        PROVIDE (end = .)
                0x200057e0                        PROVIDE (_end = .)
                0x200059e0                        . = (. + _Min_Heap_Size)
 *fill*         0x200057e0      0x200 
                0x20005de0                        . = (. + _Min_Stack_Size)
 *fill*         0x200059e0      0x400 
                0x20005de0                        . = ALIGN (0x8)

/DISCARD/
 libc.a(*)
 libm.a(*)
 libgcc.a(*)

.ARM.attributes
                0x00000000       0x30
 *(.ARM.attributes)
 .ARM.attributes
                0x00000000       0x22 /Applications/STM32CubeIDE.app/Contents/Eclipse/plugins/com.st.stm32cube.ide.mcu.externaltools.gnu-tools-for-stm32.14.3.rel1.macosaarch64_1.0.0.202602081740/tools/bin/../lib/gcc/arm-none-eabi/14.3.1/thumb/v7e-m+fp/hard/crti.o
 .ARM.attributes
                0x00000022       0x34 /Applications/STM32CubeIDE.app/Contents/Eclipse/plugins/com.st.stm32cube.ide.mcu.externaltools.gnu-tools-for-stm32.14.3.rel1.macosaarch64_1.0.0.202602081740/tools/bin/../lib/gcc/arm-none-eabi/14.3.1/thumb/v7e-m+fp/hard/crtbegin.o
 .ARM.attributes
                0x00000056       0x34 ./Core/Src/adc.o
 .ARM.attributes
                0x0000008a       0x34 ./Core/Src/can.o
 .ARM.attributes
                0x000000be       0x34 ./Core/Src/dma.o
 .ARM.attributes
                0x000000f2       0x34 ./Core/Src/freertos.o
 .ARM.attributes
                0x00000126       0x34 ./Core/Src/gpio.o
 .ARM.attributes
                0x0000015a       0x34 ./Core/Src/main.o
 .ARM.attributes
                0x0000018e       0x34 ./Core/Src/spi.o
 .ARM.attributes
                0x000001c2       0x34 ./Core/Src/stm32f4xx_hal_msp.o
 .ARM.attributes
                0x000001f6       0x34 ./Core/Src/stm32f4xx_hal_timebase_tim.o
 .ARM.attributes
                0x0000022a       0x34 ./Core/Src/stm32f4xx_it.o
 .ARM.attributes
                0x0000025e       0x34 ./Core/Src/system_stm32f4xx.o
 .ARM.attributes
                0x00000292       0x34 ./Core/Src/tim.o
 .ARM.attributes
                0x000002c6       0x34 ./Core/Src/usart.o
 .ARM.attributes
                0x000002fa       0x34 ./Core/Src/app/RTD.o
 .ARM.attributes
                0x0000032e       0x34 ./Core/Src/app/calibration.o
 .ARM.attributes
                0x00000362       0x34 ./Core/Src/app/inverter_control.o
 .ARM.attributes
                0x00000396       0x34 ./Core/Src/app/process_adc.o
 .ARM.attributes
                0x000003ca       0x34 ./Core/Src/app/process_can_msgs.o
 .ARM.attributes
                0x000003fe       0x34 ./Core/Src/app/process_pedals_data.o
 .ARM.attributes
                0x00000432       0x34 ./Core/Src/app/state_control.o
 .ARM.attributes
                0x00000466       0x34 ./Core/Src/app/vehicle.control.o
 .ARM.attributes
                0x0000049a       0x34 ./Core/Src/config/amk_data_structs.o
 .ARM.attributes
                0x000004ce       0x34 ./Core/Src/config/vehicle_data_structs.o
 .ARM.attributes
                0x00000502       0x34 ./Core/Src/drivers/adc_driver.o
 .ARM.attributes
                0x00000536       0x34 ./Core/Src/drivers/can_driver.o
 .ARM.attributes
                0x0000056a       0x21 ./Core/Startup/startup_stm32f429zitx.o
 .ARM.attributes
                0x0000058b       0x34 ./Drivers/STM32F4xx_HAL_Driver/Src/stm32f4xx_hal.o
 .ARM.attributes
                0x000005bf       0x34 ./Drivers/STM32F4xx_HAL_Driver/Src/stm32f4xx_hal_adc.o
 .ARM.attributes
                0x000005f3       0x34 ./Drivers/STM32F4xx_HAL_Driver/Src/stm32f4xx_hal_can.o
 .ARM.attributes
                0x00000627       0x34 ./Drivers/STM32F4xx_HAL_Driver/Src/stm32f4xx_hal_cortex.o
 .ARM.attributes
                0x0000065b       0x34 ./Drivers/STM32F4xx_HAL_Driver/Src/stm32f4xx_hal_dma.o
 .ARM.attributes
                0x0000068f       0x34 ./Drivers/STM32F4xx_HAL_Driver/Src/stm32f4xx_hal_gpio.o
 .ARM.attributes
                0x000006c3       0x34 ./Drivers/STM32F4xx_HAL_Driver/Src/stm32f4xx_hal_pwr_ex.o
 .ARM.attributes
                0x000006f7       0x34 ./Drivers/STM32F4xx_HAL_Driver/Src/stm32f4xx_hal_rcc.o
 .ARM.attributes
                0x0000072b       0x34 ./Drivers/STM32F4xx_HAL_Driver/Src/stm32f4xx_hal_spi.o
 .ARM.attributes
                0x0000075f       0x34 ./Drivers/STM32F4xx_HAL_Driver/Src/stm32f4xx_hal_tim.o
 .ARM.attributes
                0x00000793       0x34 ./Drivers/STM32F4xx_HAL_Driver/Src/stm32f4xx_hal_tim_ex.o
 .ARM.attributes
                0x000007c7       0x34 ./Drivers/STM32F4xx_HAL_Driver/Src/stm32f4xx_hal_usart.o
 .ARM.attributes
                0x000007fb       0x34 ./Middlewares/Third_Party/FreeRTOS/Source/CMSIS_RTOS_V2/cmsis_os2.o
 .ARM.attributes
                0x0000082f       0x34 ./Middlewares/Third_Party/FreeRTOS/Source/list.o
 .ARM.attributes
                0x00000863       0x34 ./Middlewares/Third_Party/FreeRTOS/Source/queue.o
 .ARM.attributes
                0x00000897       0x34 ./Middlewares/Third_Party/FreeRTOS/Source/tasks.o
 .ARM.attributes
                0x000008cb       0x34 ./Middlewares/Third_Party/FreeRTOS/Source/timers.o
 .ARM.attributes
                0x000008ff       0x34 ./Middlewares/Third_Party/FreeRTOS/Source/portable/GCC/ARM_CM4F/port.o
 .ARM.attributes
                0x00000933       0x34 ./Middlewares/Third_Party/FreeRTOS/Source/portable/MemMang/heap_4.o
 .ARM.attributes
                0x00000967       0x34 /Applications/STM32CubeIDE.app/Contents/Eclipse/plugins/com.st.stm32cube.ide.mcu.externaltools.gnu-tools-for-stm32.14.3.rel1.macosaarch64_1.0.0.202602081740/tools/bin/../lib/gcc/arm-none-eabi/14.3.1/../../../../arm-none-eabi/lib/thumb/v7e-m+fp/hard/libc_nano.a(libc_a-findfp.o)
 .ARM.attributes
                0x0000099b       0x34 /Applications/STM32CubeIDE.app/Contents/Eclipse/plugins/com.st.stm32cube.ide.mcu.externaltools.gnu-tools-for-stm32.14.3.rel1.macosaarch64_1.0.0.202602081740/tools/bin/../lib/gcc/arm-none-eabi/14.3.1/../../../../arm-none-eabi/lib/thumb/v7e-m+fp/hard/libc_nano.a(libc_a-memset.o)
 .ARM.attributes
                0x000009cf       0x34 /Applications/STM32CubeIDE.app/Contents/Eclipse/plugins/com.st.stm32cube.ide.mcu.externaltools.gnu-tools-for-stm32.14.3.rel1.macosaarch64_1.0.0.202602081740/tools/bin/../lib/gcc/arm-none-eabi/14.3.1/../../../../arm-none-eabi/lib/thumb/v7e-m+fp/hard/libc_nano.a(libc_a-init.o)
 .ARM.attributes
                0x00000a03       0x34 /Applications/STM32CubeIDE.app/Contents/Eclipse/plugins/com.st.stm32cube.ide.mcu.externaltools.gnu-tools-for-stm32.14.3.rel1.macosaarch64_1.0.0.202602081740/tools/bin/../lib/gcc/arm-none-eabi/14.3.1/../../../../arm-none-eabi/lib/thumb/v7e-m+fp/hard/libc_nano.a(libc_a-lock.o)
 .ARM.attributes
                0x00000a37       0x34 /Applications/STM32CubeIDE.app/Contents/Eclipse/plugins/com.st.stm32cube.ide.mcu.externaltools.gnu-tools-for-stm32.14.3.rel1.macosaarch64_1.0.0.202602081740/tools/bin/../lib/gcc/arm-none-eabi/14.3.1/../../../../arm-none-eabi/lib/thumb/v7e-m+fp/hard/libc_nano.a(libc_a-reent.o)
 .ARM.attributes
                0x00000a6b       0x34 /Applications/STM32CubeIDE.app/Contents/Eclipse/plugins/com.st.stm32cube.ide.mcu.externaltools.gnu-tools-for-stm32.14.3.rel1.macosaarch64_1.0.0.202602081740/tools/bin/../lib/gcc/arm-none-eabi/14.3.1/../../../../arm-none-eabi/lib/thumb/v7e-m+fp/hard/libc_nano.a(libc_a-impure.o)
 .ARM.attributes
                0x00000a9f       0x34 /Applications/STM32CubeIDE.app/Contents/Eclipse/plugins/com.st.stm32cube.ide.mcu.externaltools.gnu-tools-for-stm32.14.3.rel1.macosaarch64_1.0.0.202602081740/tools/bin/../lib/gcc/arm-none-eabi/14.3.1/../../../../arm-none-eabi/lib/thumb/v7e-m+fp/hard/libc_nano.a(libc_a-memcpy-stub.o)
 .ARM.attributes
                0x00000ad3       0x34 /Applications/STM32CubeIDE.app/Contents/Eclipse/plugins/com.st.stm32cube.ide.mcu.externaltools.gnu-tools-for-stm32.14.3.rel1.macosaarch64_1.0.0.202602081740/tools/bin/../lib/gcc/arm-none-eabi/14.3.1/../../../../arm-none-eabi/lib/thumb/v7e-m+fp/hard/libc_nano.a(libc_a-freer.o)
 .ARM.attributes
                0x00000b07       0x34 /Applications/STM32CubeIDE.app/Contents/Eclipse/plugins/com.st.stm32cube.ide.mcu.externaltools.gnu-tools-for-stm32.14.3.rel1.macosaarch64_1.0.0.202602081740/tools/bin/../lib/gcc/arm-none-eabi/14.3.1/../../../../arm-none-eabi/lib/thumb/v7e-m+fp/hard/libc_nano.a(libc_a-mallocr.o)
 .ARM.attributes
                0x00000b3b       0x34 /Applications/STM32CubeIDE.app/Contents/Eclipse/plugins/com.st.stm32cube.ide.mcu.externaltools.gnu-tools-for-stm32.14.3.rel1.macosaarch64_1.0.0.202602081740/tools/bin/../lib/gcc/arm-none-eabi/14.3.1/../../../../arm-none-eabi/lib/thumb/v7e-m+fp/hard/libc_nano.a(libc_a-mlock.o)
 .ARM.attributes