../Core/Src/app/process_pedals_data.c:24:6:Task_Process_Pedals_Data	128	static
../Core/Src/app/process_pedals_data.c:326:6:APPS_1_OutOfRange_Timer_Callback	16	static
../Core/Src/app/process_pedals_data.c:334:6:APPS_2_OutOfRange_Timer_Callback	16	static
../Core/Src/app/process_pedals_data.c:342:6:BSE_OutOfRange_Timer_Callback	16	static
../Core/Src/app/process_pedals_data.c:350:6:APPS_Implausibility_Timer_Callback	16	static
../Core/Src/app/process_pedals_data.c:358:6:Screenshot_Timer_Callback	16	static
../Core/Src/app/process_pedals_data.c:366:9:calc_adc_percentage	16	static
../Core/Src/app/process_pedals_data.c:376:15:pedal_position_sensor_out_of_range_fault_check	24	static
../Core/Src/app/process_pedals_data.c:398:6:APPS_Implausibility_Check	24	static
../Core/Src/app/process_pedals_data.c:418:6:Screenshot_Check	24	static
../Core/Src/app/process_pedals_data.c:449:6:Get_Previous_Pedals_Faults_Data	16	static
../Core/Src/app/process_pedals_data.c:458:6:Set_New_Pedals_Faults_Data	16	static
