../Core/Src/app/process_pedals_data.c:24:6:Task_Process_Pedals_Data	128	static
../Core/Src/app/process_pedals_data.c:320:6:APPS_1_OutOfRange_Timer_Callback	16	static
../Core/Src/app/process_pedals_data.c:328:6:APPS_2_OutOfRange_Timer_Callback	16	static
../Core/Src/app/process_pedals_data.c:336:6:BSE_OutOfRange_Timer_Callback	16	static
../Core/Src/app/process_pedals_data.c:344:6:APPS_Implausibility_Timer_Callback	16	static
../Core/Src/app/process_pedals_data.c:352:6:Screenshot_Timer_Callback	16	static
../Core/Src/app/process_pedals_data.c:360:9:calc_adc_percentage	16	static
../Core/Src/app/process_pedals_data.c:375:15:pedal_position_sensor_out_of_range_fault_check	24	static
../Core/Src/app/process_pedals_data.c:397:6:APPS_Implausibility_Check	24	static
../Core/Src/app/process_pedals_data.c:417:6:Screenshot_Check	24	static
../Core/Src/app/process_pedals_data.c:448:6:Get_Previous_Pedals_Faults_Data	16	static
../Core/Src/app/process_pedals_data.c:457:6:Set_New_Pedals_Faults_Data	16	static
