../Core/Src/cmt_M95512.c:13:26:EEPROM_isSpiReady	16	static
../Core/Src/cmt_M95512.c:71:19:EEPROM_WriteEnable	24	static
../Core/Src/cmt_M95512.c:79:19:EEPROM_WriteDisable	24	static
../Core/Src/cmt_M95512.c:87:9:EEPROM_ReadStatus	24	static
../Core/Src/cmt_M95512.c:99:19:EEPROM_WriteStatus	24	static
../Core/Src/cmt_M95512.c:128:19:EEPROM_ReadData	24	static
../Core/Src/cmt_M95512.c:146:19:EEPROM_WritePage	24	static
../Core/Src/cmt_M95512.c:200:19:EEPROM_WriteDataMultiPage	32	static
../Core/Src/cmt_M95512.c:222:19:EEPROM_Write_8	16	static
../Core/Src/cmt_M95512.c:226:19:EEPROM_Write_16	16	static
../Core/Src/cmt_M95512.c:230:19:EEPROM_Write_32	16	static
../Core/Src/cmt_M95512.c:234:19:EEPROM_Write_64	16	static
../Core/Src/cmt_M95512.c:238:19:EEPROM_Write_U8	16	static
../Core/Src/cmt_M95512.c:242:19:EEPROM_Write_U16	0	static
../Core/Src/cmt_M95512.c:246:19:EEPROM_Write_U32	0	static
../Core/Src/cmt_M95512.c:250:19:EEPROM_Write_Float	16	static
../Core/Src/cmt_M95512.c:254:19:EEPROM_Write_U64	16	static
../Core/Src/cmt_M95512.c:258:19:EEPROM_Write_Double	16	static
../Core/Src/cmt_M95512.c:262:19:EEPROM_Read_8	0	static
../Core/Src/cmt_M95512.c:266:19:EEPROM_Read_16	0	static
../Core/Src/cmt_M95512.c:270:19:EEPROM_Read_32	0	static
../Core/Src/cmt_M95512.c:274:19:EEPROM_Read_64	0	static
../Core/Src/cmt_M95512.c:278:19:EEPROM_Read_U8	0	static
../Core/Src/cmt_M95512.c:282:19:EEPROM_Read_U16	0	static
../Core/Src/cmt_M95512.c:286:19:EEPROM_Read_U32	0	static
../Core/Src/cmt_M95512.c:290:19:EEPROM_Read_Float	0	static
../Core/Src/cmt_M95512.c:294:19:EEPROM_Read_U64	0	static
../Core/Src/cmt_M95512.c:298:19:EEPROM_Read_Double	0	static
