../Core/Src/freertos.c:2731:6:inverter_torque_command_CAN_transmit_timer_Callback	0	static
../Core/Src/freertos.c:2741:6:APPS_CAN_timeout_timer_Callback	0	static
../Core/Src/freertos.c:2765:6:calibration_enable_timer_Callback	0	static
../Core/Src/freertos.c:2775:6:BPPS_1_open_circuit_fault_timer_Callback	0	static
../Core/Src/freertos.c:2789:6:BPPS_1_short_circuit_fault_timer_Callback	0	static
../Core/Src/freertos.c:2803:6:BPPS_2_open_circuit_fault_timer_Callback	0	static
../Core/Src/freertos.c:2817:6:BPPS_2_short_circuit_fault_timer_Callback	0	static
../Core/Src/freertos.c:2831:6:APPS_implausibility_fault_timer_Callback	0	static
../Core/Src/freertos.c:2845:6:APPS_1_open_circuit_fault_timer_Callback	0	static
../Core/Src/freertos.c:2859:6:APPS_1_short_circuit_fault_timer_Callback	0	static
../Core/Src/freertos.c:2873:6:APPS_2_open_circuit_fault_timer_Callback	0	static
../Core/Src/freertos.c:2887:6:APPS_2_short_circuit_fault_timer_Callback	0	static
../Core/Src/freertos.c:2901:6:brake_pedal_implausibility_fault_timer_Callback	0	static
../Core/Src/freertos.c:2911:6:cooling_pump_PWM_LOW_timer_Callback	0	static
../Core/Src/freertos.c:2755:6:RTD_buzzer_timer_Callback	0	static
../Core/Src/freertos.c:2927:6:low_SoC_blue_lights_sequence_all_ON_timer_Callback	0	static
../Core/Src/freertos.c:2942:6:low_SoC_blue_lights_sequence_all_OFF_timer_Callback	0	static
../Core/Src/freertos.c:469:6:StartReadyToDrive	264	static
../Core/Src/freertos.c:999:6:StartADCandBrakesCheck	136	static
../Core/Src/freertos.c:1442:6:StartReadCAN	80	static
../Core/Src/freertos.c:2646:6:AiM_dash_CAN_transmit_1_timer_Callback	24	static
../Core/Src/freertos.c:2671:6:AiM_dash_CAN_transmit_2_timer_Callback	40	static
../Core/Src/freertos.c:1656:6:StartStateControlandTorqueCommand	296	static
../Core/Src/freertos.c:2544:6:StartStatusUpdate	16	static
../Core/Src/freertos.c:2702:6:warning_lights_CAN_transmit_timer_Callback	24	static
../Core/Src/freertos.c:2957:6:inverter_torque_command_timer_Callback	8	static
../Core/Src/freertos.c:2919:6:cooling_pump_PWM_HIGH_timer_Callback	0	static
../Core/Src/freertos.c:301:6:vApplicationStackOverflowHook	0	static
../Core/Src/freertos.c:314:6:MX_FREERTOS_Init	8	static
