../Core/Src/status_and_commands.c:267:6:CAN_1_Error_Handler	16	static
../Core/Src/status_and_commands.c:300:6:CAN_2_Error_Handler	16	static
../Core/Src/status_and_commands.c:48:6:CAN_transmit	48	dynamic
../Core/Src/status_and_commands.c:333:6:transmit_inverter_register_request	56	static
../Core/Src/status_and_commands.c:421:9:HFLB_fault_status_check	8	static
../Core/Src/status_and_commands.c:503:6:transmit_inverter_torque_command	24	static
../Core/Src/status_and_commands.c:572:6:transmit_inverter_speed_limit	24	static
../Core/Src/status_and_commands.c:617:6:set_PWM_output	24	static
../Core/Src/status_and_commands.c:674:6:calculate_PWM_time_periods	0	static
../Core/Src/status_and_commands.c:829:6:format_and_transmit_inverter_data_to_AiM_dash	24	static
../Core/Src/status_and_commands.c:718:6:transfer_inverter_data_to_CAN_2	24	dynamic
../Core/Src/status_and_commands.c:846:6:process_E_Interface_data	0	static
