Archive member included to satisfy reference by file (symbol)

C:/ST/STM32CubeIDE_1.16.0/STM32CubeIDE/plugins/com.st.stm32cube.ide.mcu.externaltools.gnu-tools-for-stm32.12.3.rel1.win32_1.0.200.202406191623/tools/bin/../lib/gcc/arm-none-eabi/12.3.1/../../../../arm-none-eabi/lib/thumb/v7e-m+fp/hard\libc_nano.a(libc_a-exit.o)
                              C:/ST/STM32CubeIDE_1.16.0/STM32CubeIDE/plugins/com.st.stm32cube.ide.mcu.externaltools.gnu-tools-for-stm32.12.3.rel1.win32_1.0.200.202406191623/tools/bin/../lib/gcc/arm-none-eabi/12.3.1/../../../../arm-none-eabi/lib/thumb/v7e-m+fp/hard/crt0.o (exit)
C:/ST/STM32CubeIDE_1.16.0/STM32CubeIDE/plugins/com.st.stm32cube.ide.mcu.externaltools.gnu-tools-for-stm32.12.3.rel1.win32_1.0.200.202406191623/tools/bin/../lib/gcc/arm-none-eabi/12.3.1/../../../../arm-none-eabi/lib/thumb/v7e-m+fp/hard\libc_nano.a(libc_a-findfp.o)
                              ./Middlewares/Third_Party/FreeRTOS/Source/tasks.o (__sf)
C:/ST/STM32CubeIDE_1.16.0/STM32CubeIDE/plugins/com.st.stm32cube.ide.mcu.externaltools.gnu-tools-for-stm32.12.3.rel1.win32_1.0.200.202406191623/tools/bin/../lib/gcc/arm-none-eabi/12.3.1/../../../../arm-none-eabi/lib/thumb/v7e-m+fp/hard\libc_nano.a(libc_a-fwalk.o)
                              C:/ST/STM32CubeIDE_1.16.0/STM32CubeIDE/plugins/com.st.stm32cube.ide.mcu.externaltools.gnu-tools-for-stm32.12.3.rel1.win32_1.0.200.202406191623/tools/bin/../lib/gcc/arm-none-eabi/12.3.1/../../../../arm-none-eabi/lib/thumb/v7e-m+fp/hard\libc_nano.a(libc_a-findfp.o) (_fwalk_sglue)
C:/ST/STM32CubeIDE_1.16.0/STM32CubeIDE/plugins/com.st.stm32cube.ide.mcu.externaltools.gnu-tools-for-stm32.12.3.rel1.win32_1.0.200.202406191623/tools/bin/../lib/gcc/arm-none-eabi/12.3.1/../../../../arm-none-eabi/lib/thumb/v7e-m+fp/hard\libc_nano.a(libc_a-stdio.o)
                              C:/ST/STM32CubeIDE_1.16.0/STM32CubeIDE/plugins/com.st.stm32cube.ide.mcu.externaltools.gnu-tools-for-stm32.12.3.rel1.win32_1.0.200.202406191623/tools/bin/../lib/gcc/arm-none-eabi/12.3.1/../../../../arm-none-eabi/lib/thumb/v7e-m+fp/hard\libc_nano.a(libc_a-findfp.o) (__sread)
C:/ST/STM32CubeIDE_1.16.0/STM32CubeIDE/plugins/com.st.stm32cube.ide.mcu.externaltools.gnu-tools-for-stm32.12.3.rel1.win32_1.0.200.202406191623/tools/bin/../lib/gcc/arm-none-eabi/12.3.1/../../../../arm-none-eabi/lib/thumb/v7e-m+fp/hard\libc_nano.a(libc_a-memset.o)
                              C:/ST/STM32CubeIDE_1.16.0/STM32CubeIDE/plugins/com.st.stm32cube.ide.mcu.externaltools.gnu-tools-for-stm32.12.3.rel1.win32_1.0.200.202406191623/tools/bin/../lib/gcc/arm-none-eabi/12.3.1/../../../../arm-none-eabi/lib/thumb/v7e-m+fp/hard/crt0.o (memset)
C:/ST/STM32CubeIDE_1.16.0/STM32CubeIDE/plugins/com.st.stm32cube.ide.mcu.externaltools.gnu-tools-for-stm32.12.3.rel1.win32_1.0.200.202406191623/tools/bin/../lib/gcc/arm-none-eabi/12.3.1/../../../../arm-none-eabi/lib/thumb/v7e-m+fp/hard\libc_nano.a(libc_a-closer.o)
                              C:/ST/STM32CubeIDE_1.16.0/STM32CubeIDE/plugins/com.st.stm32cube.ide.mcu.externaltools.gnu-tools-for-stm32.12.3.rel1.win32_1.0.200.202406191623/tools/bin/../lib/gcc/arm-none-eabi/12.3.1/../../../../arm-none-eabi/lib/thumb/v7e-m+fp/hard\libc_nano.a(libc_a-stdio.o) (_close_r)
C:/ST/STM32CubeIDE_1.16.0/STM32CubeIDE/plugins/com.st.stm32cube.ide.mcu.externaltools.gnu-tools-for-stm32.12.3.rel1.win32_1.0.200.202406191623/tools/bin/../lib/gcc/arm-none-eabi/12.3.1/../../../../arm-none-eabi/lib/thumb/v7e-m+fp/hard\libc_nano.a(libc_a-reent.o)
                              ./Middlewares/Third_Party/FreeRTOS/Source/tasks.o (_reclaim_reent)
C:/ST/STM32CubeIDE_1.16.0/STM32CubeIDE/plugins/com.st.stm32cube.ide.mcu.externaltools.gnu-tools-for-stm32.12.3.rel1.win32_1.0.200.202406191623/tools/bin/../lib/gcc/arm-none-eabi/12.3.1/../../../../arm-none-eabi/lib/thumb/v7e-m+fp/hard\libc_nano.a(libc_a-impure.o)
                              ./Middlewares/Third_Party/FreeRTOS/Source/tasks.o (_impure_ptr)
C:/ST/STM32CubeIDE_1.16.0/STM32CubeIDE/plugins/com.st.stm32cube.ide.mcu.externaltools.gnu-tools-for-stm32.12.3.rel1.win32_1.0.200.202406191623/tools/bin/../lib/gcc/arm-none-eabi/12.3.1/../../../../arm-none-eabi/lib/thumb/v7e-m+fp/hard\libc_nano.a(libc_a-lseekr.o)
                              C:/ST/STM32CubeIDE_1.16.0/STM32CubeIDE/plugins/com.st.stm32cube.ide.mcu.externaltools.gnu-tools-for-stm32.12.3.rel1.win32_1.0.200.202406191623/tools/bin/../lib/gcc/arm-none-eabi/12.3.1/../../../../arm-none-eabi/lib/thumb/v7e-m+fp/hard\libc_nano.a(libc_a-stdio.o) (_lseek_r)
C:/ST/STM32CubeIDE_1.16.0/STM32CubeIDE/plugins/com.st.stm32cube.ide.mcu.externaltools.gnu-tools-for-stm32.12.3.rel1.win32_1.0.200.202406191623/tools/bin/../lib/gcc/arm-none-eabi/12.3.1/../../../../arm-none-eabi/lib/thumb/v7e-m+fp/hard\libc_nano.a(libc_a-readr.o)
[...]
Memory Configuration

Name             Origin             Length             Attributes
CCMRAM           0x10000000         0x00010000         xrw
RAM              0x20000000         0x00030000         xrw
FLASH            0x08000000         0x00200000         xr
*default*        0x00000000         0xffffffff

Linker script and memory map

LOAD C:/ST/STM32CubeIDE_1.16.0/STM32CubeIDE/plugins/com.st.stm32cube.ide.mcu.externaltools.gnu-tools-for-stm32.12.3.rel1.win32_1.0.200.202406191623/tools/bin/../lib/gcc/arm-none-eabi/12.3.1/thumb/v7e-m+fp/hard/crti.o
LOAD C:/ST/STM32CubeIDE_1.16.0/STM32CubeIDE/plugins/com.st.stm32cube.ide.mcu.externaltools.gnu-tools-for-stm32.12.3.rel1.win32_1.0.200.202406191623/tools/bin/../lib/gcc/arm-none-eabi/12.3.1/thumb/v7e-m+fp/hard/crtbegin.o
LOAD C:/ST/STM32CubeIDE_1.16.0/STM32CubeIDE/plugins/com.st.stm32cube.ide.mcu.externaltools.gnu-tools-for-stm32.12.3.rel1.win32_1.0.200.202406191623/tools/bin/../lib/gcc/arm-none-eabi/12.3.1/../../../../arm-none-eabi/lib/thumb/v7e-m+fp/hard/crt0.o
LOAD ./Core/Src/ReadCANTask.o
LOAD ./Core/Src/adc.o
LOAD ./Core/Src/can.o
LOAD ./Core/Src/cmt_M95512.o
LOAD ./Core/Src/cmt_utils.o
LOAD ./Core/Src/data_structures.o
LOAD ./Core/Src/dma.o
LOAD ./Core/Src/freertos.o
LOAD ./Core/Src/gpio.o
LOAD ./Core/Src/main.o
LOAD ./Core/Src/spi.o
LOAD ./Core/Src/status_and_commands.o
LOAD ./Core/Src/stm32f4xx_hal_msp.o
LOAD ./Core/Src/stm32f4xx_hal_timebase_tim.o
LOAD ./Core/Src/stm32f4xx_it.o
LOAD ./Core/Src/syscalls.o
LOAD ./Core/Src/sysmem.o
LOAD ./Core/Src/system_stm32f4xx.o
LOAD ./Core/Src/throttle_and_brakes_checks.o
LOAD ./Core/Src/tim.o
LOAD ./Core/Src/usart.o
LOAD ./Core/Startup/startup_stm32f429zitx.o
LOAD ./Drivers/STM32F4xx_HAL_Driver/Src/stm32f4xx_hal.o
LOAD ./Drivers/STM32F4xx_HAL_Driver/Src/stm32f4xx_hal_adc.o
LOAD ./Drivers/STM32F4xx_HAL_Driver/Src/stm32f4xx_hal_adc_ex.o
LOAD ./Drivers/STM32F4xx_HAL_Driver/Src/stm32f4xx_hal_can.o
LOAD ./Drivers/STM32F4xx_HAL_Driver/Src/stm32f4xx_hal_cortex.o
LOAD ./Drivers/STM32F4xx_HAL_Driver/Src/stm32f4xx_hal_dma.o
LOAD ./Drivers/STM32F4xx_HAL_Driver/Src/stm32f4xx_hal_dma_ex.o
LOAD ./Drivers/STM32F4xx_HAL_Driver/Src/stm32f4xx_hal_exti.o
LOAD ./Drivers/STM32F4xx_HAL_Driver/Src/stm32f4xx_hal_flash.o
LOAD ./Drivers/STM32F4xx_HAL_Driver/Src/stm32f4xx_hal_flash_ex.o
LOAD ./Drivers/STM32F4xx_HAL_Driver/Src/stm32f4xx_hal_flash_ramfunc.o
LOAD ./Drivers/STM32F4xx_HAL_Driver/Src/stm32f4xx_hal_gpio.o
LOAD ./Drivers/STM32F4xx_HAL_Driver/Src/stm32f4xx_hal_pwr.o
LOAD ./Drivers/STM32F4xx_HAL_Driver/Src/stm32f4xx_hal_pwr_ex.o
LOAD ./Drivers/STM32F4xx_HAL_Driver/Src/stm32f4xx_hal_rcc.o
LOAD ./Drivers/STM32F4xx_HAL_Driver/Src/stm32f4xx_hal_rcc_ex.o
LOAD ./Drivers/STM32F4xx_HAL_Driver/Src/stm32f4xx_hal_spi.o
LOAD ./Drivers/STM32F4xx_HAL_Driver/Src/stm32f4xx_hal_tim.o
LOAD ./Drivers/STM32F4xx_HAL_Driver/Src/stm32f4xx_hal_tim_ex.o
LOAD ./Drivers/STM32F4xx_HAL_Driver/Src/stm32f4xx_hal_usart.o
LOAD ./Drivers/STM32F4xx_HAL_Driver/Src/stm32f4xx_ll_adc.o
LOAD ./Middlewares/Third_Party/FreeRTOS/Source/CMSIS_RTOS_V2/cmsis_os2.o
LOAD ./Middlewares/Third_Party/FreeRTOS/Source/croutine.o
LOAD ./Middlewares/Third_Party/FreeRTOS/Source/event_groups.o
LOAD ./Middlewares/Third_Party/FreeRTOS/Source/list.o
LOAD ./Middlewares/Third_Party/FreeRTOS/Source/queue.o
LOAD ./Middlewares/Third_Party/FreeRTOS/Source/stream_buffer.o
LOAD ./Middlewares/Third_Party/FreeRTOS/Source/tasks.o
LOAD ./Middlewares/Third_Party/FreeRTOS/Source/timers.o
LOAD ./Middlewares/Third_Party/FreeRTOS/Source/portable/GCC/ARM_CM4F/port.o
LOAD ./Middlewares/Third_Party/FreeRTOS/Source/portable/MemMang/heap_4.o
START GROUP
LOAD C:/ST/STM32CubeIDE_1.16.0/STM32CubeIDE/plugins/com.st.stm32cube.ide.mcu.externaltools.gnu-tools-for-stm32.12.3.rel1.win32_1.0.200.202406191623/tools/bin/../lib/gcc/arm-none-eabi/12.3.1/../../../../arm-none-eabi/lib/thumb/v7e-m+fp/hard\libc_nano.a
LOAD C:/ST/STM32CubeIDE_1.16.0/STM32CubeIDE/plugins/com.st.stm32cube.ide.mcu.externaltools.gnu-tools-for-stm32.12.3.rel1.win32_1.0.200.202406191623/tools/bin/../lib/gcc/arm-none-eabi/12.3.1/../../../../arm-none-eabi/lib/thumb/v7e-m+fp/hard\libm.a
END GROUP
START GROUP
LOAD C:/ST/STM32CubeIDE_1.16.0/STM32CubeIDE/plugins/com.st.stm32cube.ide.mcu.externaltools.gnu-tools-for-stm32.12.3.rel1.win32_1.0.200.202406191623/tools/bin/../lib/gcc/arm-none-eabi/12.3.1/thumb/v7e-m+fp/hard\libgcc.a
LOAD C:/ST/STM32CubeIDE_1.16.0/STM32CubeIDE/plugins/com.st.stm32cube.ide.mcu.externaltools.gnu-tools-for-stm32.12.3.rel1.win32_1.0.200.202406191623/tools/bin/../lib/gcc/arm-none-eabi/12.3.1/../../../../arm-none-eabi/lib/thumb/v7e-m+fp/hard\libc_nano.a
END GROUP
START GROUP
LOAD C:/ST/STM32CubeIDE_1.16.0/STM32CubeIDE/plugins/com.st.stm32cube.ide.mcu.externaltools.gnu-tools-for-stm32.12.3.rel1.win32_1.0.200.202406191623/tools/bin/../lib/gcc/arm-none-eabi/12.3.1/thumb/v7e-m+fp/hard\libgcc.a
LOAD C:/ST/STM32CubeIDE_1.16.0/STM32CubeIDE/plugins/com.st.stm32cube.ide.mcu.externaltools.gnu-tools-for-stm32.12.3.rel1.win32_1.0.200.202406191623/tools/bin/../lib/gcc/arm-none-eabi/12.3.1/../../../../arm-none-eabi/lib/thumb/v7e-m+fp/hard\libc_nano.a
LOAD C:/ST/STM32CubeIDE_1.16.0/STM32CubeIDE/plugins/com.st.stm32cube.ide.mcu.externaltools.gnu-tools-for-stm32.12.3.rel1.win32_1.0.200.202406191623/tools/bin/../lib/gcc/arm-none-eabi/12.3.1/../../../../arm-none-eabi/lib/thumb/v7e-m+fp/hard\libnosys.a
END GROUP
START GROUP
LOAD C:/ST/STM32CubeIDE_1.16.0/STM32CubeIDE/plugins/com.st.stm32cube.ide.mcu.externaltools.gnu-tools-for-stm32.12.3.rel1.win32_1.0.200.202406191623/tools/bin/../lib/gcc/arm-none-eabi/12.3.1/thumb/v7e-m+fp/hard\libgcc.a
LOAD C:/ST/STM32CubeIDE_1.16.0/STM32CubeIDE/plugins/com.st.stm32cube.ide.mcu.externaltools.gnu-tools-for-stm32.12.3.rel1.win32_1.0.200.202406191623/tools/bin/../lib/gcc/arm-none-eabi/12.3.1/../../../../arm-none-eabi/lib/thumb/v7e-m+fp/hard\libc_nano.a
LOAD C:/ST/STM32CubeIDE_1.16.0/STM32CubeIDE/plugins/com.st.stm32cube.ide.mcu.externaltools.gnu-tools-for-stm32.12.3.rel1.win32_1.0.200.202406191623/tools/bin/../lib/gcc/arm-none-eabi/12.3.1/../../../../arm-none-eabi/lib/thumb/v7e-m+fp/hard\libnosys.a
END GROUP
LOAD C:/ST/STM32CubeIDE_1.16.0/STM32CubeIDE/plugins/com.st.stm32cube.ide.mcu.externaltools.gnu-tools-for-stm32.12.3.rel1.win32_1.0.200.202406191623/tools/bin/../lib/gcc/arm-none-eabi/12.3.1/thumb/v7e-m+fp/hard/crtend.o
LOAD C:/ST/STM32CubeIDE_1.16.0/STM32CubeIDE/plugins/com.st.stm32cube.ide.mcu.externaltools.gnu-tools-for-stm32.12.3.rel1.win32_1.0.200.202406191623/tools/bin/../lib/gcc/arm-none-eabi/12.3.1/thumb/v7e-m+fp/hard/crtn.o
                0x20030000                        _estack = (ORIGIN (RAM) + LENGTH (RAM))
                0x00000200                        _Min_Heap_Size = 0x200
                0x00000400                        _Min_Stack_Size = 0x400

.isr_vector     0x08000000      0x1ac
                0x08000000                        . = ALIGN (0x4)
 *(.isr_vector)
 .isr_vector    0x08000000      0x1ac ./Core/Startup/startup_stm32f429zitx.o
                0x08000000                g_pfnVectors
                0x080001ac                        . = ALIGN (0x4)

.text           0x080001b0     0x8b04
                0x080001b0                        . = ALIGN (0x4)
 *(.text)
 .text          0x080001b0       0x40 C:/ST/STM32CubeIDE_1.16.0/STM32CubeIDE/plugins/com.st.stm32cube.ide.mcu.externaltools.gnu-tools-for-stm32.12.3.rel1.win32_1.0.200.202406191623/tools/bin/../lib/gcc/arm-none-eabi/12.3.1/thumb/v7e-m+fp/hard/crtbegin.o
 .text          0x080001f0      0x378 C:/ST/STM32CubeIDE_1.16.0/STM32CubeIDE/plugins/com.st.stm32cube.ide.mcu.externaltools.gnu-tools-for-stm32.12.3.rel1.win32_1.0.200.202406191623/tools/bin/../lib/gcc/arm-none-eabi/12.3.1/thumb/v7e-m+fp/hard\libgcc.a(_arm_addsubdf3.o)
                0x080001f0                __aeabi_drsub
                0x080001f8                __aeabi_dsub
                0x080001f8                __subdf3
                0x080001fc                __aeabi_dadd
                0x080001fc                __adddf3
                0x08000474                __floatunsidf
                0x08000474                __aeabi_ui2d
                0x08000494                __floatsidf
                0x08000494                __aeabi_i2d
                0x080004b8                __aeabi_f2d
                0x080004b8                __extendsfdf2
                0x080004fc                __floatundidf
                0x080004fc                __aeabi_ul2d
                0x0800050c                __floatdidf
                0x0800050c                __aeabi_l2d
 .text          0x08000568      0x424 C:/ST/STM32CubeIDE_1.16.0/STM32CubeIDE/plugins/com.st.stm32cube.ide.mcu.externaltools.gnu-tools-for-stm32.12.3.rel1.win32_1.0.200.202406191623/tools/bin/../lib/gcc/arm-none-eabi/12.3.1/thumb/v7e-m+fp/hard\libgcc.a(_arm_muldivdf3.o)
                0x08000568                __aeabi_dmul
                0x08000568                __muldf3
                0x080007bc                __divdf3
                0x080007bc                __aeabi_ddiv
 .text          0x0800098c       0xa0 C:/ST/STM32CubeIDE_1.16.0/STM32CubeIDE/plugins/com.st.stm32cube.ide.mcu.externaltools.gnu-tools-for-stm32.12.3.rel1.win32_1.0.200.202406191623/tools/bin/../lib/gcc/arm-none-eabi/12.3.1/thumb/v7e-m+fp/hard\libgcc.a(_arm_truncdfsf2.o)
                0x0800098c                __truncdfsf2
                0x0800098c                __aeabi_d2f
 .text          0x08000a2c       0x30 C:/ST/STM32CubeIDE_1.16.0/STM32CubeIDE/plugins/com.st.stm32cube.ide.mcu.externaltools.gnu-tools-for-stm32.12.3.rel1.win32_1.0.200.202406191623/tools/bin/../lib/gcc/arm-none-eabi/12.3.1/thumb/v7e-m+fp/hard\libgcc.a(_aeabi_uldivmod.o)
                0x08000a2c                __aeabi_uldivmod
 .text          0x08000a5c      0x2bc C:/ST/STM32CubeIDE_1.16.0/STM32CubeIDE/plugins/com.st.stm32cube.ide.mcu.externaltools.gnu-tools-for-stm32.12.3.rel1.win32_1.0.200.202406191623/tools/bin/../lib/gcc/arm-none-eabi/12.3.1/thumb/v7e-m+fp/hard\libgcc.a(_udivmoddi4.o)
                0x08000a5c                __udivmoddi4
 .text          0x08000d18        0x4 C:/ST/STM32CubeIDE_1.16.0/STM32CubeIDE/plugins/com.st.stm32cube.ide.mcu.externaltools.gnu-tools-for-stm32.12.3.rel1.win32_1.0.200.202406191623/tools/bin/../lib/gcc/arm-none-eabi/12.3.1/thumb/v7e-m+fp/hard\libgcc.a(_dvmd_tls.o)
                0x08000d18                __aeabi_idiv0
                0x08000d18                __aeabi_ldiv0
 *(.text*)
 .text.MX_ADC1_Init
                0x08000d1c       0xc4 ./Core/Src/adc.o
                0x08000d1c                MX_ADC1_Init
 .text.HAL_ADC_MspInit
                0x08000de0       0xc8 ./Core/Src/adc.o
                0x08000de0                HAL_ADC_MspInit
 .text.MX_CAN1_Init
                0x08000ea8       0x40 ./Core/Src/can.o
                0x08000ea8                MX_CAN1_Init
 .text.MX_CAN2_Init
                0x08000ee8       0x40 ./Core/Src/can.o
                0x08000ee8                MX_CAN2_Init
 .text.HAL_CAN_MspInit
                0x08000f28      0x10c ./Core/Src/can.o
                0x08000f28                HAL_CAN_MspInit
 .text.HAL_CAN_MspDeInit
                0x08001034       0x68 ./Core/Src/can.o
                0x08001034                HAL_CAN_MspDeInit
 .text.User_MX_CAN1_Init
                0x0800109c      0x108 ./Core/Src/can.o
                0x0800109c                User_MX_CAN1_Init
 .text.User_MX_CAN2_Init
                0x080011a4       0xd0 ./Core/Src/can.o
                0x080011a4                User_MX_CAN2_Init
 .text.EEPROM_isSpiReady
                0x08001274       0x5c ./Core/Src/cmt_M95512.o
 .text.EEPROM_WriteEnable
                0x080012d0       0x40 ./Core/Src/cmt_M95512.o
                0x080012d0                EEPROM_WriteEnable
 .text.EEPROM_WriteDisable
                0x08001310       0x40 ./Core/Src/cmt_M95512.o
                0x08001310                EEPROM_WriteDisable
 .text.EEPROM_ReadData
                0x08001350       0x70 ./Core/Src/cmt_M95512.o
                0x08001350                EEPROM_ReadData
 .text.EEPROM_WritePage
                0x080013c0       0xc4 ./Core/Src/cmt_M95512.o
                0x080013c0                EEPROM_WritePage
 .text.initialise_system_state_data
                0x08001484        0xc ./Core/Src/data_structures.o
                0x08001484                initialise_system_state_data
 .text.initialise_vehicle_state_data
                0x08001490       0x44 ./Core/Src/data_structures.o
                0x08001490                initialise_vehicle_state_data
 .text.initialise_CAN_data
                0x080014d4       0x12 ./Core/Src/data_structures.o
                0x080014d4                initialise_CAN_data
 .text.initialise_BPPS_faults_data
                0x080014e6        0xe ./Core/Src/data_structures.o
                0x080014e6                initialise_BPPS_faults_data
 .text.initialise_APPS_faults_data
                0x080014f4        0xe ./Core/Src/data_structures.o
                0x080014f4                initialise_APPS_faults_data
 .text.initialise_E_Interface_data
                0x08001502        0xc ./Core/Src/data_structures.o
                0x08001502                initialise_E_Interface_data
 *fill*         0x0800150e        0x2 
 .text.MX_DMA_Init
                0x08001510       0x34 ./Core/Src/dma.o
                0x08001510                MX_DMA_Init
 .text.inverter_torque_command_CAN_transmit_timer_Callback
                0x08001544       0x10 ./Core/Src/freertos.o
                0x08001544                inverter_torque_command_CAN_transmit_timer_Callback
 .text.APPS_CAN_timeout_timer_Callback
                0x08001554       0x18 ./Core/Src/freertos.o
                0x08001554                APPS_CAN_timeout_timer_Callback
 .text.calibration_enable_timer_Callback
                0x0800156c       0x10 ./Core/Src/freertos.o
                0x0800156c                calibration_enable_timer_Callback
 .text.BPPS_1_open_circuit_fault_timer_Callback
                0x0800157c       0x20 ./Core/Src/freertos.o
                0x0800157c                BPPS_1_open_circuit_fault_timer_Callback
 .text.BPPS_1_short_circuit_fault_timer_Callback
                0x0800159c       0x20 ./Core/Src/freertos.o
                0x0800159c                BPPS_1_short_circuit_fault_timer_Callback
 .text.BPPS_2_open_circuit_fault_timer_Callback
                0x080015bc       0x20 ./Core/Src/freertos.o
                0x080015bc                BPPS_2_open_circuit_fault_timer_Callback
 .text.BPPS_2_short_circuit_fault_timer_Callback
                0x080015dc       0x20 ./Core/Src/freertos.o
                0x080015dc                BPPS_2_short_circuit_fault_timer_Callback
 .text.APPS_implausibility_fault_timer_Callback
                0x080015fc       0x20 ./Core/Src/freertos.o
                0x080015fc                APPS_implausibility_fault_timer_Callback
 .text.APPS_1_open_circuit_fault_timer_Callback
                0x0800161c       0x20 ./Core/Src/freertos.o
                0x0800161c                APPS_1_open_circuit_fault_timer_Callback
 .text.APPS_1_short_circuit_fault_timer_Callback
                0x0800163c       0x20 ./Core/Src/freertos.o
                0x0800163c                APPS_1_short_circuit_fault_timer_Callback
 .text.APPS_2_open_circuit_fault_timer_Callback
                0x0800165c       0x20 ./Core/Src/freertos.o
                0x0800165c                APPS_2_open_circuit_fault_timer_Callback
 .text.APPS_2_short_circuit_fault_timer_Callback
                0x0800167c       0x20 ./Core/Src/freertos.o
                0x0800167c                APPS_2_short_circuit_fault_timer_Callback
 .text.brake_pedal_implausibility_fault_timer_Callback
                0x0800169c       0x10 ./Core/Src/freertos.o
                0x0800169c                brake_pedal_implausibility_fault_timer_Callback
 .text.cooling_pump_PWM_LOW_timer_Callback
                0x080016ac        0x2 ./Core/Src/freertos.o
                0x080016ac                cooling_pump_PWM_LOW_timer_Callback
 *fill*         0x080016ae        0x2 
 .text.RTD_buzzer_timer_Callback
                0x080016b0       0x10 ./Core/Src/freertos.o
                0x080016b0                RTD_buzzer_timer_Callback
 .text.low_SoC_blue_lights_sequence_all_ON_timer_Callback
                0x080016c0       0x24 ./Core/Src/freertos.o
                0x080016c0                low_SoC_blue_lights_sequence_all_ON_timer_Callback
 .text.low_SoC_blue_lights_sequence_all_OFF_timer_Callback
                0x080016e4       0x20 ./Core/Src/freertos.o
                0x080016e4                low_SoC_blue_lights_sequence_all_OFF_timer_Callback
 .text.StartReadyToDrive
                0x08001704      0x6cc ./Core/Src/freertos.o
                0x08001704                StartReadyToDrive
 .text.StartADCandBrakesCheck
                0x08001dd0      0x3d4 ./Core/Src/freertos.o
                0x08001dd0                StartADCandBrakesCheck
 .text.StartReadCAN
                0x080021a4      0x170 ./Core/Src/freertos.o
                0x080021a4                StartReadCAN
 .text.AiM_dash_CAN_transmit_1_timer_Callback
                0x08002314       0x74 ./Core/Src/freertos.o
                0x08002314                AiM_dash_CAN_transmit_1_timer_Callback
 .text.AiM_dash_CAN_transmit_2_timer_Callback
                0x08002388       0x94 ./Core/Src/freertos.o
                0x08002388                AiM_dash_CAN_transmit_2_timer_Callback
 .text.StartStateControlandTorqueCommand
                0x0800241c      0x6b8 ./Core/Src/freertos.o
                0x0800241c                StartStateControlandTorqueCommand
 .text.StartStatusUpdate
                0x08002ad4      0x12c ./Core/Src/freertos.o
                0x08002ad4                StartStatusUpdate
 .text.warning_lights_CAN_transmit_timer_Callback
                0x08002c00       0x2c ./Core/Src/freertos.o
                0x08002c00                warning_lights_CAN_transmit_timer_Callback
 .text.inverter_torque_command_timer_Callback
                0x08002c2c       0x50 ./Core/Src/freertos.o
                0x08002c2c                inverter_torque_command_timer_Callback
 .text.cooling_pump_PWM_HIGH_timer_Callback
                0x08002c7c        0x2 ./Core/Src/freertos.o
                0x08002c7c                cooling_pump_PWM_HIGH_timer_Callback
 .text.vApplicationStackOverflowHook
                0x08002c7e        0x2 ./Core/Src/freertos.o
                0x08002c7e                vApplicationStackOverflowHook
 .text.MX_FREERTOS_Init
                0x08002c80      0x3d8 ./Core/Src/freertos.o
                0x08002c80                MX_FREERTOS_Init
 .text.MX_GPIO_Init
                0x08003058      0x1c8 ./Core/Src/gpio.o
                0x08003058                MX_GPIO_Init
 .text.SystemClock_Config
                0x08003220       0xa4 ./Core/Src/main.o
                0x08003220                SystemClock_Config
 .text.startup.main
                0x080032c4      0x10c ./Core/Src/main.o
                0x080032c4                main
 .text.HAL_TIM_PeriodElapsedCallback
                0x080033d0       0x14 ./Core/Src/main.o
                0x080033d0                HAL_TIM_PeriodElapsedCallback
 .text.Error_Handler
                0x080033e4        0x4 ./Core/Src/main.o
                0x080033e4                Error_Handler
 .text.MX_SPI2_Init
                0x080033e8       0x44 ./Core/Src/spi.o
                0x080033e8                MX_SPI2_Init
 .text.HAL_SPI_MspInit
                0x0800342c       0x6c ./Core/Src/spi.o
                0x0800342c                HAL_SPI_MspInit
 .text.CAN_1_Error_Handler
                0x08003498       0x50 ./Core/Src/status_and_commands.o
                0x08003498                CAN_1_Error_Handler
 .text.CAN_2_Error_Handler
                0x080034e8       0x50 ./Core/Src/status_and_commands.o
                0x080034e8                CAN_2_Error_Handler
 .text.CAN_transmit
                0x08003538      0x1a0 ./Core/Src/status_and_commands.o
                0x08003538                CAN_transmit
 .text.transmit_inverter_register_request
                0x080036d8       0x78 ./Core/Src/status_and_commands.o
                0x080036d8                transmit_inverter_register_request
 .text.HFLB_fault_status_check
                0x08003750       0xfc ./Core/Src/status_and_commands.o
                0x08003750                HFLB_fault_status_check
 .text.transmit_inverter_torque_command
                0x0800384c       0x80 ./Core/Src/status_and_commands.o
                0x0800384c                transmit_inverter_torque_command
 .text.format_and_transmit_inverter_data_to_AiM_dash
                0x080038cc       0x28 ./Core/Src/status_and_commands.o
                0x080038cc                format_and_transmit_inverter_data_to_AiM_dash
 .text.transfer_inverter_data_to_CAN_2
                0x080038f4       0x82 ./Core/Src/status_and_commands.o
                0x080038f4                transfer_inverter_data_to_CAN_2
 *fill*         0x08003976        0x2 
 .text.HAL_MspInit
                0x08003978       0x40 ./Core/Src/stm32f4xx_hal_msp.o
                0x08003978                HAL_MspInit
 .text.HAL_InitTick
                0x080039b8       0xa0 ./Core/Src/stm32f4xx_hal_timebase_tim.o
                0x080039b8                HAL_InitTick
 .text.NMI_Handler
                0x08003a58        0x2 ./Core/Src/stm32f4xx_it.o
                0x08003a58                NMI_Handler
 .text.HardFault_Handler
                0x08003a5a        0x2 ./Core/Src/stm32f4xx_it.o
                0x08003a5a                HardFault_Handler
 .text.MemManage_Handler
                0x08003a5c        0x2 ./Core/Src/stm32f4xx_it.o
                0x08003a5c                MemManage_Handler
 .text.BusFault_Handler
                0x08003a5e        0x2 ./Core/Src/stm32f4xx_it.o
                0x08003a5e                BusFault_Handler
 .text.UsageFault_Handler
                0x08003a60        0x2 ./Core/Src/stm32f4xx_it.o
                0x08003a60                UsageFault_Handler
 .text.DebugMon_Handler
                0x08003a62        0x2 ./Core/Src/stm32f4xx_it.o
                0x08003a62                DebugMon_Handler
 .text.TIM2_IRQHandler
                0x08003a64        0xc ./Core/Src/stm32f4xx_it.o
                0x08003a64                TIM2_IRQHandler
 .text.TIM3_IRQHandler
                0x08003a70        0xc ./Core/Src/stm32f4xx_it.o
                0x08003a70                TIM3_IRQHandler
 .text.TIM6_DAC_IRQHandler
                0x08003a7c        0xc ./Core/Src/stm32f4xx_it.o
                0x08003a7c                TIM6_DAC_IRQHandler
 .text.DMA2_Stream0_IRQHandler
                0x08003a88        0xc ./Core/Src/stm32f4xx_it.o
                0x08003a88                DMA2_Stream0_IRQHandler
 .text.SystemInit
                0x08003a94       0x14 ./Core/Src/system_stm32f4xx.o
                0x08003a94                SystemInit
 .text.pedal_position_sensor_out_of_range_fault_check
                0x08003aa8       0x14 ./Core/Src/throttle_and_brakes_checks.o
                0x08003aa8                pedal_position_sensor_out_of_range_fault_check
 .text.calculate_percentage
                0x08003abc       0x22 ./Core/Src/throttle_and_brakes_checks.o
                0x08003abc                calculate_percentage
 .text.APPS_implausibility_check
                0x08003ade       0x12 ./Core/Src/throttle_and_brakes_checks.o
                0x08003ade                APPS_implausibility_check
 .text.brake_pedal_implausibility_check
                0x08003af0       0x24 ./Core/Src/throttle_and_brakes_checks.o
                0x08003af0                brake_pedal_implausibility_check
 .text.brakes_engaged_check
                0x08003b14        0xa ./Core/Src/throttle_and_brakes_checks.o
                0x08003b14                brakes_engaged_check
 *fill*         0x08003b1e        0x2 
 .text.MX_TIM1_Init
                0x08003b20       0x6c ./Core/Src/tim.o
                0x08003b20                MX_TIM1_Init
 .text.MX_TIM2_Init
                0x08003b8c       0x6c ./Core/Src/tim.o
                0x08003b8c                MX_TIM2_Init
 .text.MX_TIM3_Init
                0x08003bf8       0x6c ./Core/Src/tim.o
                0x08003bf8                MX_TIM3_Init
 .text.HAL_TIM_Base_MspInit
                0x08003c64       0x94 ./Core/Src/tim.o
                0x08003c64                HAL_TIM_Base_MspInit
 .text.MX_USART1_Init
                0x08003cf8       0x38 ./Core/Src/usart.o
                0x08003cf8                MX_USART1_Init
 .text.HAL_USART_MspInit
                0x08003d30       0x6c ./Core/Src/usart.o
                0x08003d30                HAL_USART_MspInit
 .text.Reset_Handler
                0x08003d9c       0x50 ./Core/Startup/startup_stm32f429zitx.o
                0x08003d9c                Reset_Handler
 .text.Default_Handler
                0x08003dec        0x2 ./Core/Startup/startup_stm32f429zitx.o
                0x08003dec                RTC_Alarm_IRQHandler
                0x08003dec                HASH_RNG_IRQHandler
                0x08003dec                EXTI2_IRQHandler
                0x08003dec                TIM8_CC_IRQHandler
                0x08003dec                UART8_IRQHandler
                0x08003dec                SPI4_IRQHandler
                0x08003dec                TIM1_CC_IRQHandler
                0x08003dec                DMA2_Stream5_IRQHandler
                0x08003dec                DMA1_Stream5_IRQHandler
                0x08003dec                PVD_IRQHandler
                0x08003dec                SDIO_IRQHandler
                0x08003dec                TAMP_STAMP_IRQHandler
                0x08003dec                CAN2_RX1_IRQHandler
                0x08003dec                EXTI3_IRQHandler
                0x08003dec                TIM8_TRG_COM_TIM14_IRQHandler
                0x08003dec                TIM1_UP_TIM10_IRQHandler
                0x08003dec                TIM8_UP_TIM13_IRQHandler
                0x08003dec                I2C3_ER_IRQHandler
                0x08003dec                EXTI0_IRQHandler
                0x08003dec                I2C2_EV_IRQHandler
                0x08003dec                DMA1_Stream2_IRQHandler
                0x08003dec                CAN1_RX0_IRQHandler
                0x08003dec                FPU_IRQHandler
                0x08003dec                OTG_HS_WKUP_IRQHandler
                0x08003dec                LTDC_ER_IRQHandler
                0x08003dec                CAN2_SCE_IRQHandler
                0x08003dec                DMA2_Stream2_IRQHandler
                0x08003dec                SPI1_IRQHandler
                0x08003dec                TIM1_BRK_TIM9_IRQHandler
                0x08003dec                DCMI_IRQHandler
                0x08003dec                CAN2_RX0_IRQHandler
                0x08003dec                DMA2_Stream3_IRQHandler
                0x08003dec                USART6_IRQHandler
                0x08003dec                USART3_IRQHandler
                0x08003dec                CAN1_RX1_IRQHandler
                0x08003dec                UART5_IRQHandler
                0x08003dec                TIM4_IRQHandler
                0x08003dec                I2C1_EV_IRQHandler
                0x08003dec                DMA1_Stream6_IRQHandler
                0x08003dec                DMA1_Stream1_IRQHandler
                0x08003dec                UART4_IRQHandler
                0x08003dec                RCC_IRQHandler
                0x08003dec                TIM8_BRK_TIM12_IRQHandler
                0x08003dec                Default_Handler
                0x08003dec                EXTI15_10_IRQHandler
                0x08003dec                ADC_IRQHandler
                0x08003dec                DMA1_Stream7_IRQHandler
                0x08003dec                SPI5_IRQHandler
                0x08003dec                TIM7_IRQHandler
                0x08003dec                CAN2_TX_IRQHandler
                0x08003dec                TIM5_IRQHandler
                0x08003dec                DMA2_Stream7_IRQHandler
                0x08003dec                I2C3_EV_IRQHandler
                0x08003dec                EXTI9_5_IRQHandler
                0x08003dec                RTC_WKUP_IRQHandler
                0x08003dec                LTDC_IRQHandler
                0x08003dec                ETH_WKUP_IRQHandler
                0x08003dec                SPI2_IRQHandler
                0x08003dec                OTG_HS_EP1_IN_IRQHandler
                0x08003dec                DMA1_Stream0_IRQHandler
                0x08003dec                CAN1_TX_IRQHandler
                0x08003dec                EXTI4_IRQHandler
                0x08003dec                ETH_IRQHandler
                0x08003dec                OTG_HS_EP1_OUT_IRQHandler
                0x08003dec                WWDG_IRQHandler
                0x08003dec                SPI6_IRQHandler
                0x08003dec                OTG_FS_WKUP_IRQHandler
                0x08003dec                TIM1_TRG_COM_TIM11_IRQHandler
                0x08003dec                OTG_HS_IRQHandler
                0x08003dec                DMA2D_IRQHandler
                0x08003dec                EXTI1_IRQHandler
                0x08003dec                UART7_IRQHandler
                0x08003dec                USART2_IRQHandler
                0x08003dec                I2C2_ER_IRQHandler
                0x08003dec                DMA2_Stream1_IRQHandler
                0x08003dec                CAN1_SCE_IRQHandler
                0x08003dec                FLASH_IRQHandler
                0x08003dec                DMA2_Stream4_IRQHandler
                0x08003dec                USART1_IRQHandler
                0x08003dec                OTG_FS_IRQHandler
                0x08003dec                SPI3_IRQHandler
                0x08003dec                DMA1_Stream4_IRQHandler
                0x08003dec                I2C1_ER_IRQHandler
                0x08003dec                FMC_IRQHandler
                0x08003dec                DMA2_Stream6_IRQHandler
                0x08003dec                SAI1_IRQHandler
                0x08003dec                DMA1_Stream3_IRQHandler
 *fill*         0x08003dee        0x2 
 .text.HAL_Init
                0x08003df0       0x34 ./Drivers/STM32F4xx_HAL_Driver/Src/stm32f4xx_hal.o
                0x08003df0                HAL_Init
 .text.HAL_IncTick
                0x08003e24       0x18 ./Drivers/STM32F4xx_HAL_Driver/Src/stm32f4xx_hal.o
                0x08003e24                HAL_IncTick
 .text.HAL_GetTick
                0x08003e3c        0xc ./Drivers/STM32F4xx_HAL_Driver/Src/stm32f4xx_hal.o
                0x08003e3c                HAL_GetTick
 .text.HAL_Delay
                0x08003e48       0x28 ./Drivers/STM32F4xx_HAL_Driver/Src/stm32f4xx_hal.o
                0x08003e48                HAL_Delay
 .text.HAL_ADC_Init
                0x08003e70      0x14c ./Drivers/STM32F4xx_HAL_Driver/Src/stm32f4xx_hal_adc.o
                0x08003e70                HAL_ADC_Init
 .text.HAL_ADC_Start_DMA
                0x08003fbc      0x148 ./Drivers/STM32F4xx_HAL_Driver/Src/stm32f4xx_hal_adc.o
                0x08003fbc                HAL_ADC_Start_DMA
 .text.HAL_ADC_ConvCpltCallback
                0x08004104        0x2 ./Drivers/STM32F4xx_HAL_Driver/Src/stm32f4xx_hal_adc.o
                0x08004104                HAL_ADC_ConvCpltCallback
 .text.HAL_ADC_ConvHalfCpltCallback
                0x08004106        0x2 ./Drivers/STM32F4xx_HAL_Driver/Src/stm32f4xx_hal_adc.o
                0x08004106                HAL_ADC_ConvHalfCpltCallback
 .text.ADC_DMAHalfConvCplt
                0x08004108        0xa ./Drivers/STM32F4xx_HAL_Driver/Src/stm32f4xx_hal_adc.o
 .text.HAL_ADC_ErrorCallback
                0x08004112        0x2 ./Drivers/STM32F4xx_HAL_Driver/Src/stm32f4xx_hal_adc.o
                0x08004112                HAL_ADC_ErrorCallback
 .text.ADC_DMAError
                0x08004114       0x16 ./Drivers/STM32F4xx_HAL_Driver/Src/stm32f4xx_hal_adc.o
 .text.ADC_DMAConvCplt
                0x0800412a       0x6c ./Drivers/STM32F4xx_HAL_Driver/Src/stm32f4xx_hal_adc.o
 *fill*         0x08004196        0x2 
 .text.HAL_ADC_ConfigChannel
                0x08004198      0x138 ./Drivers/STM32F4xx_HAL_Driver/Src/stm32f4xx_hal_adc.o
                0x08004198                HAL_ADC_ConfigChannel
 .text.HAL_CAN_Init
                0x080042d0       0xf6 ./Drivers/STM32F4xx_HAL_Driver/Src/stm32f4xx_hal_can.o
                0x080042d0                HAL_CAN_Init
 *fill*         0x080043c6        0x2 
 .text.HAL_CAN_ConfigFilter
                0x080043c8      0x10c ./Drivers/STM32F4xx_HAL_Driver/Src/stm32f4xx_hal_can.o
                0x080043c8                HAL_CAN_ConfigFilter
 .text.HAL_CAN_Start
                0x080044d4       0x56 ./Drivers/STM32F4xx_HAL_Driver/Src/stm32f4xx_hal_can.o
                0x080044d4                HAL_CAN_Start
 .text.HAL_CAN_Stop
                0x0800452a       0x5c ./Drivers/STM32F4xx_HAL_Driver/Src/stm32f4xx_hal_can.o
                0x0800452a                HAL_CAN_Stop
 .text.HAL_CAN_DeInit
                0x08004586       0x28 ./Drivers/STM32F4xx_HAL_Driver/Src/stm32f4xx_hal_can.o
                0x08004586                HAL_CAN_DeInit
 .text.HAL_CAN_AddTxMessage
                0x080045ae       0x96 ./Drivers/STM32F4xx_HAL_Driver/Src/stm32f4xx_hal_can.o
                0x080045ae                HAL_CAN_AddTxMessage
 .text.HAL_CAN_AbortTxRequest
                0x08004644       0x44 ./Drivers/STM32F4xx_HAL_Driver/Src/stm32f4xx_hal_can.o
                0x08004644                HAL_CAN_AbortTxRequest
 .text.HAL_CAN_GetTxMailboxesFreeLevel
                0x08004688       0x28 ./Drivers/STM32F4xx_HAL_Driver/Src/stm32f4xx_hal_can.o
                0x08004688                HAL_CAN_GetTxMailboxesFreeLevel
 .text.HAL_CAN_IsTxMessagePending
                0x080046b0       0x22 ./Drivers/STM32F4xx_HAL_Driver/Src/stm32f4xx_hal_can.o
                0x080046b0                HAL_CAN_IsTxMessagePending
 .text.HAL_CAN_GetRxMessage
                0x080046d2       0xf8 ./Drivers/STM32F4xx_HAL_Driver/Src/stm32f4xx_hal_can.o
                0x080046d2                HAL_CAN_GetRxMessage
 .text.HAL_CAN_GetRxFifoFillLevel
                0x080047ca       0x1e ./Drivers/STM32F4xx_HAL_Driver/Src/stm32f4xx_hal_can.o
                0x080047ca                HAL_CAN_GetRxFifoFillLevel
 .text.HAL_CAN_ActivateNotification
                0x080047e8       0x22 ./Drivers/STM32F4xx_HAL_Driver/Src/stm32f4xx_hal_can.o
                0x080047e8                HAL_CAN_ActivateNotification
 *fill*         0x0800480a        0x2 
 .text.HAL_NVIC_SetPriorityGrouping
                0x0800480c       0x24 ./Drivers/STM32F4xx_HAL_Driver/Src/stm32f4xx_hal_cortex.o
                0x0800480c                HAL_NVIC_SetPriorityGrouping
 .text.HAL_NVIC_SetPriority
                0x08004830       0x64 ./Drivers/STM32F4xx_HAL_Driver/Src/stm32f4xx_hal_cortex.o
                0x08004830                HAL_NVIC_SetPriority
 .text.HAL_NVIC_EnableIRQ
                0x08004894       0x1c ./Drivers/STM32F4xx_HAL_Driver/Src/stm32f4xx_hal_cortex.o
                0x08004894                HAL_NVIC_EnableIRQ
 .text.DMA_CalcBaseAndBitshift
                0x080048b0       0x2c ./Drivers/STM32F4xx_HAL_Driver/Src/stm32f4xx_hal_dma.o
 .text.HAL_DMA_Init
                0x080048dc       0xfc ./Drivers/STM32F4xx_HAL_Driver/Src/stm32f4xx_hal_dma.o
                0x080048dc                HAL_DMA_Init
 .text.HAL_DMA_Start_IT
                0x080049d8       0x72 ./Drivers/STM32F4xx_HAL_Driver/Src/stm32f4xx_hal_dma.o
                0x080049d8                HAL_DMA_Start_IT
 *fill*         0x08004a4a        0x2 
 .text.HAL_DMA_IRQHandler
                0x08004a4c      0x17c ./Drivers/STM32F4xx_HAL_Driver/Src/stm32f4xx_hal_dma.o
                0x08004a4c                HAL_DMA_IRQHandler
 .text.HAL_GPIO_Init
                0x08004bc8      0x1c8 ./Drivers/STM32F4xx_HAL_Driver/Src/stm32f4xx_hal_gpio.o
                0x08004bc8                HAL_GPIO_Init
 .text.HAL_GPIO_DeInit
                0x08004d90      0x134 ./Drivers/STM32F4xx_HAL_Driver/Src/stm32f4xx_hal_gpio.o
                0x08004d90                HAL_GPIO_DeInit
 .text.HAL_GPIO_ReadPin
                0x08004ec4        0xc ./Drivers/STM32F4xx_HAL_Driver/Src/stm32f4xx_hal_gpio.o
                0x08004ec4                HAL_GPIO_ReadPin
 .text.HAL_GPIO_WritePin
                0x08004ed0        0xa ./Drivers/STM32F4xx_HAL_Driver/Src/stm32f4xx_hal_gpio.o
                0x08004ed0                HAL_GPIO_WritePin
 *fill*         0x08004eda        0x2 
 .text.HAL_PWREx_EnableOverDrive
                0x08004edc       0x74 ./Drivers/STM32F4xx_HAL_Driver/Src/stm32f4xx_hal_pwr_ex.o
                0x08004edc                HAL_PWREx_EnableOverDrive
 .text.HAL_RCC_OscConfig
                0x08004f50      0x35c ./Drivers/STM32F4xx_HAL_Driver/Src/stm32f4xx_hal_rcc.o
                0x08004f50                HAL_RCC_OscConfig
 .text.HAL_RCC_GetSysClockFreq
                0x080052ac       0x5c ./Drivers/STM32F4xx_HAL_Driver/Src/stm32f4xx_hal_rcc.o
                0x080052ac                HAL_RCC_GetSysClockFreq
 .text.HAL_RCC_ClockConfig
                0x08005308      0x134 ./Drivers/STM32F4xx_HAL_Driver/Src/stm32f4xx_hal_rcc.o
                0x08005308                HAL_RCC_ClockConfig
 .text.HAL_RCC_GetPCLK1Freq
                0x0800543c       0x20 ./Drivers/STM32F4xx_HAL_Driver/Src/stm32f4xx_hal_rcc.o
                0x0800543c                HAL_RCC_GetPCLK1Freq
 .text.HAL_RCC_GetPCLK2Freq
                0x0800545c       0x20 ./Drivers/STM32F4xx_HAL_Driver/Src/stm32f4xx_hal_rcc.o
                0x0800545c                HAL_RCC_GetPCLK2Freq
 .text.HAL_RCC_GetClockConfig
                0x0800547c       0x3c ./Drivers/STM32F4xx_HAL_Driver/Src/stm32f4xx_hal_rcc.o
                0x0800547c                HAL_RCC_GetClockConfig
 .text.SPI_WaitFlagStateUntilTimeout
                0x080054b8       0xb8 ./Drivers/STM32F4xx_HAL_Driver/Src/stm32f4xx_hal_spi.o
 .text.SPI_EndRxTxTransaction
                0x08005570       0x78 ./Drivers/STM32F4xx_HAL_Driver/Src/stm32f4xx_hal_spi.o
 .text.SPI_EndRxTransaction
                0x080055e8       0x5c ./Drivers/STM32F4xx_HAL_Driver/Src/stm32f4xx_hal_spi.o
 .text.HAL_SPI_Init
                0x08005644       0xb8 ./Drivers/STM32F4xx_HAL_Driver/Src/stm32f4xx_hal_spi.o
                0x08005644                HAL_SPI_Init
 .text.HAL_SPI_Transmit
                0x080056fc      0x168 ./Drivers/STM32F4xx_HAL_Driver/Src/stm32f4xx_hal_spi.o
                0x080056fc                HAL_SPI_Transmit
 .text.HAL_SPI_TransmitReceive
                0x08005864      0x1ee ./Drivers/STM32F4xx_HAL_Driver/Src/stm32f4xx_hal_spi.o
                0x08005864                HAL_SPI_TransmitReceive
 .text.HAL_SPI_Receive
                0x08005a52      0x14a ./Drivers/STM32F4xx_HAL_Driver/Src/stm32f4xx_hal_spi.o
                0x08005a52                HAL_SPI_Receive
 .text.HAL_TIM_Base_Start
                0x08005b9c       0x6c ./Drivers/STM32F4xx_HAL_Driver/Src/stm32f4xx_hal_tim.o
                0x08005b9c                HAL_TIM_Base_Start
 .text.HAL_TIM_Base_Start_IT
                0x08005c08       0x74 ./Drivers/STM32F4xx_HAL_Driver/Src/stm32f4xx_hal_tim.o
                0x08005c08                HAL_TIM_Base_Start_IT
 .text.HAL_TIM_OC_DelayElapsedCallback
                0x08005c7c        0x2 ./Drivers/STM32F4xx_HAL_Driver/Src/stm32f4xx_hal_tim.o
                0x08005c7c                HAL_TIM_OC_DelayElapsedCallback
 .text.HAL_TIM_IC_CaptureCallback
                0x08005c7e        0x2 ./Drivers/STM32F4xx_HAL_Driver/Src/stm32f4xx_hal_tim.o
                0x08005c7e                HAL_TIM_IC_CaptureCallback
 .text.HAL_TIM_PWM_PulseFinishedCallback
                0x08005c80        0x2 ./Drivers/STM32F4xx_HAL_Driver/Src/stm32f4xx_hal_tim.o
                0x08005c80                HAL_TIM_PWM_PulseFinishedCallback
 .text.HAL_TIM_TriggerCallback
                0x08005c82        0x2 ./Drivers/STM32F4xx_HAL_Driver/Src/stm32f4xx_hal_tim.o
                0x08005c82                HAL_TIM_TriggerCallback
 .text.HAL_TIM_IRQHandler
                0x08005c84      0x128 ./Drivers/STM32F4xx_HAL_Driver/Src/stm32f4xx_hal_tim.o
                0x08005c84                HAL_TIM_IRQHandler
 .text.TIM_Base_SetConfig
                0x08005dac       0xd8 ./Drivers/STM32F4xx_HAL_Driver/Src/stm32f4xx_hal_tim.o
                0x08005dac                TIM_Base_SetConfig
 .text.HAL_TIM_Base_Init
                0x08005e84       0x58 ./Drivers/STM32F4xx_HAL_Driver/Src/stm32f4xx_hal_tim.o
                0x08005e84                HAL_TIM_Base_Init
 .text.TIM_ETR_SetConfig
                0x08005edc       0x14 ./Drivers/STM32F4xx_HAL_Driver/Src/stm32f4xx_hal_tim.o
                0x08005edc                TIM_ETR_SetConfig
 .text.HAL_TIM_ConfigClockSource
                0x08005ef0      0x132 ./Drivers/STM32F4xx_HAL_Driver/Src/stm32f4xx_hal_tim.o
                0x08005ef0                HAL_TIM_ConfigClockSource
 *fill*         0x08006022        0x2 
 .text.HAL_TIMEx_MasterConfigSynchronization
                0x08006024       0x7c ./Drivers/STM32F4xx_HAL_Driver/Src/stm32f4xx_hal_tim_ex.o
                0x08006024                HAL_TIMEx_MasterConfigSynchronization
 .text.HAL_TIMEx_CommutCallback
                0x080060a0        0x2 ./Drivers/STM32F4xx_HAL_Driver/Src/stm32f4xx_hal_tim_ex.o
                0x080060a0                HAL_TIMEx_CommutCallback
 .text.HAL_TIMEx_BreakCallback
                0x080060a2        0x2 ./Drivers/STM32F4xx_HAL_Driver/Src/stm32f4xx_hal_tim_ex.o
                0x080060a2                HAL_TIMEx_BreakCallback
 .text.HAL_USART_Init
                0x080060a4       0xec ./Drivers/STM32F4xx_HAL_Driver/Src/stm32f4xx_hal_usart.o
                0x080060a4                HAL_USART_Init
 .text.TimerCallback
                0x08006190       0x14 ./Middlewares/Third_Party/FreeRTOS/Source/CMSIS_RTOS_V2/cmsis_os2.o
 .text.SysTick_Handler
                0x080061a4       0x1a ./Middlewares/Third_Party/FreeRTOS/Source/CMSIS_RTOS_V2/cmsis_os2.o
                0x080061a4                SysTick_Handler
 *fill*         0x080061be        0x2 
 .text.osKernelInitialize
                0x080061c0       0x24 ./Middlewares/Third_Party/FreeRTOS/Source/CMSIS_RTOS_V2/cmsis_os2.o
                0x080061c0                osKernelInitialize
 .text.osKernelStart
                0x080061e4       0x34 ./Middlewares/Third_Party/FreeRTOS/Source/CMSIS_RTOS_V2/cmsis_os2.o
                0x080061e4                osKernelStart
 .text.osThreadNew
                0x08006218       0x8e ./Middlewares/Third_Party/FreeRTOS/Source/CMSIS_RTOS_V2/cmsis_os2.o
                0x08006218                osThreadNew
 .text.osThreadFlagsSet
                0x080062a6       0x74 ./Middlewares/Third_Party/FreeRTOS/Source/CMSIS_RTOS_V2/cmsis_os2.o
                0x080062a6                osThreadFlagsSet
 .text.osThreadFlagsWait
                0x0800631a       0x9c ./Middlewares/Third_Party/FreeRTOS/Source/CMSIS_RTOS_V2/cmsis_os2.o
                0x0800631a                osThreadFlagsWait
 .text.osDelay  0x080063b6       0x18 ./Middlewares/Third_Party/FreeRTOS/Source/CMSIS_RTOS_V2/cmsis_os2.o
                0x080063b6                osDelay
 *fill*         0x080063ce        0x2 
 .text.osTimerNew
                0x080063d0       0x74 ./Middlewares/Third_Party/FreeRTOS/Source/CMSIS_RTOS_V2/cmsis_os2.o
                0x080063d0                osTimerNew
 .text.osTimerStart
                0x08006444       0x2e ./Middlewares/Third_Party/FreeRTOS/Source/CMSIS_RTOS_V2/cmsis_os2.o
                0x08006444                osTimerStart
 .text.osTimerStop
                0x08006472       0x3e ./Middlewares/Third_Party/FreeRTOS/Source/CMSIS_RTOS_V2/cmsis_os2.o
                0x08006472                osTimerStop
 .text.osMutexNew
                0x080064b0       0x6a ./Middlewares/Third_Party/FreeRTOS/Source/CMSIS_RTOS_V2/cmsis_os2.o
                0x080064b0                osMutexNew
 .text.osSemaphoreAcquire
                0x0800651a       0x58 ./Middlewares/Third_Party/FreeRTOS/Source/CMSIS_RTOS_V2/cmsis_os2.o
                0x0800651a                osSemaphoreAcquire
 .text.osSemaphoreRelease
                0x08006572       0x52 ./Middlewares/Third_Party/FreeRTOS/Source/CMSIS_RTOS_V2/cmsis_os2.o
                0x08006572                osSemaphoreRelease
 .text.osSemaphoreGetCount
                0x080065c4       0x12 ./Middlewares/Third_Party/FreeRTOS/Source/CMSIS_RTOS_V2/cmsis_os2.o
                0x080065c4                osSemaphoreGetCount
 .text.osMessageQueueNew
                0x080065d6       0x76 ./Middlewares/Third_Party/FreeRTOS/Source/CMSIS_RTOS_V2/cmsis_os2.o
                0x080065d6                osMessageQueueNew
 .text.osMessageQueuePut
                0x0800664c       0x62 ./Middlewares/Third_Party/FreeRTOS/Source/CMSIS_RTOS_V2/cmsis_os2.o
                0x0800664c                osMessageQueuePut
 .text.osMessageQueueGet
                0x080066ae       0x60 ./Middlewares/Third_Party/FreeRTOS/Source/CMSIS_RTOS_V2/cmsis_os2.o
                0x080066ae                osMessageQueueGet
 .text.osMessageQueueGetCount
                0x0800670e        0x4 ./Middlewares/Third_Party/FreeRTOS/Source/CMSIS_RTOS_V2/cmsis_os2.o
                0x0800670e                osMessageQueueGetCount
 *fill*         0x08006712        0x2 
 .text.vApplicationGetIdleTaskMemory
                0x08006714       0x18 ./Middlewares/Third_Party/FreeRTOS/Source/CMSIS_RTOS_V2/cmsis_os2.o
                0x08006714                vApplicationGetIdleTaskMemory
 .text.vApplicationGetTimerTaskMemory
                0x0800672c       0x18 ./Middlewares/Third_Party/FreeRTOS/Source/CMSIS_RTOS_V2/cmsis_os2.o
                0x0800672c                vApplicationGetTimerTaskMemory
 .text.vListInitialise
                0x08006744       0x16 ./Middlewares/Third_Party/FreeRTOS/Source/list.o
                0x08006744                vListInitialise
 .text.vListInitialiseItem
                0x0800675a        0x6 ./Middlewares/Third_Party/FreeRTOS/Source/list.o
                0x0800675a                vListInitialiseItem
 .text.vListInsertEnd
                0x08006760       0x16 ./Middlewares/Third_Party/FreeRTOS/Source/list.o
                0x08006760                vListInsertEnd
 .text.vListInsert
                0x08006776       0x2e ./Middlewares/Third_Party/FreeRTOS/Source/list.o
                0x08006776                vListInsert
 .text.uxListRemove
                0x080067a4       0x20 ./Middlewares/Third_Party/FreeRTOS/Source/list.o
                0x080067a4                uxListRemove
 .text.prvIsQueueEmpty
                0x080067c4       0x16 ./Middlewares/Third_Party/FreeRTOS/Source/queue.o
 .text.prvCopyDataToQueue
                0x080067da       0x66 ./Middlewares/Third_Party/FreeRTOS/Source/queue.o
 .text.prvCopyDataFromQueue
                0x08006840       0x2c ./Middlewares/Third_Party/FreeRTOS/Source/queue.o
 .text.prvUnlockQueue
                0x0800686c       0x70 ./Middlewares/Third_Party/FreeRTOS/Source/queue.o
 .text.xQueueGenericReset
                0x080068dc       0x7e ./Middlewares/Third_Party/FreeRTOS/Source/queue.o
                0x080068dc                xQueueGenericReset
 .text.xQueueGenericCreateStatic
                0x0800695a       0x9c ./Middlewares/Third_Party/FreeRTOS/Source/queue.o
                0x0800695a                xQueueGenericCreateStatic
 .text.xQueueGenericCreate
                0x080069f6       0x4e ./Middlewares/Third_Party/FreeRTOS/Source/queue.o
                0x080069f6                xQueueGenericCreate
 .text.xQueueGenericSend
                0x08006a44      0x164 ./Middlewares/Third_Party/FreeRTOS/Source/queue.o
                0x08006a44                xQueueGenericSend
 .text.xQueueCreateMutexStatic
                0x08006ba8       0x2a ./Middlewares/Third_Party/FreeRTOS/Source/queue.o
                0x08006ba8                xQueueCreateMutexStatic
 .text.xQueueCreateMutex
                0x08006bd2       0x3a ./Middlewares/Third_Party/FreeRTOS/Source/queue.o
                0x08006bd2                xQueueCreateMutex
 .text.xQueueGenericSendFromISR
                0x08006c0c       0xba ./Middlewares/Third_Party/FreeRTOS/Source/queue.o
                0x08006c0c                xQueueGenericSendFromISR
 .text.xQueueGiveFromISR
                0x08006cc6       0xa2 ./Middlewares/Third_Party/FreeRTOS/Source/queue.o
                0x08006cc6                xQueueGiveFromISR
 .text.xQueueReceive
                0x08006d68      0x13c ./Middlewares/Third_Party/FreeRTOS/Source/queue.o
                0x08006d68                xQueueReceive
 .text.xQueueSemaphoreTake
                0x08006ea4      0x17a ./Middlewares/Third_Party/FreeRTOS/Source/queue.o
                0x08006ea4                xQueueSemaphoreTake
 .text.xQueueReceiveFromISR
                0x0800701e       0x9a ./Middlewares/Third_Party/FreeRTOS/Source/queue.o
                0x0800701e                xQueueReceiveFromISR
 .text.uxQueueMessagesWaiting
                0x080070b8       0x26 ./Middlewares/Third_Party/FreeRTOS/Source/queue.o
                0x080070b8                uxQueueMessagesWaiting
 .text.uxQueueMessagesWaitingFromISR
                0x080070de       0x18 ./Middlewares/Third_Party/FreeRTOS/Source/queue.o
                0x080070de                uxQueueMessagesWaitingFromISR
 *fill*         0x080070f6        0x2 
 .text.vQueueAddToRegistry
                0x080070f8       0x24 ./Middlewares/Third_Party/FreeRTOS/Source/queue.o
                0x080070f8                vQueueAddToRegistry
 .text.vQueueWaitForMessageRestricted
                0x0800711c       0x46 ./Middlewares/Third_Party/FreeRTOS/Source/queue.o
                0x0800711c                vQueueWaitForMessageRestricted
 *fill*         0x08007162        0x2 
 .text.prvAddNewTaskToReadyList
                0x08007164      0x100 ./Middlewares/Third_Party/FreeRTOS/Source/tasks.o
 .text.prvAddCurrentTaskToDelayedList
                0x08007264       0x70 ./Middlewares/Third_Party/FreeRTOS/Source/tasks.o
 .text.prvTaskIsTaskSuspended
                0x080072d4       0x38 ./Middlewares/Third_Party/FreeRTOS/Source/tasks.o
 .text.prvResetNextTaskUnblockTime
                0x0800730c       0x24 ./Middlewares/Third_Party/FreeRTOS/Source/tasks.o
 .text.prvDeleteTCB
                0x08007330       0x3e ./Middlewares/Third_Party/FreeRTOS/Source/tasks.o
 *fill*         0x0800736e        0x2 
 .text.prvIdleTask
                0x08007370       0x60 ./Middlewares/Third_Party/FreeRTOS/Source/tasks.o
 .text.prvInitialiseNewTask.constprop.0
                0x080073d0       0xc0 ./Middlewares/Third_Party/FreeRTOS/Source/tasks.o
 .text.xTaskCreateStatic
                0x08007490       0x74 ./Middlewares/Third_Party/FreeRTOS/Source/tasks.o
                0x08007490                xTaskCreateStatic
 .text.xTaskCreate
                0x08007504       0x5e ./Middlewares/Third_Party/FreeRTOS/Source/tasks.o
                0x08007504                xTaskCreate
 *fill*         0x08007562        0x2 
 .text.vTaskResume
                0x08007564       0x84 ./Middlewares/Third_Party/FreeRTOS/Source/tasks.o
                0x08007564                vTaskResume
 .text.vTaskStartScheduler
                0x080075e8       0xa0 ./Middlewares/Third_Party/FreeRTOS/Source/tasks.o
                0x080075e8                vTaskStartScheduler
 .text.vTaskSuspendAll
                0x08007688       0x10 ./Middlewares/Third_Party/FreeRTOS/Source/tasks.o
                0x08007688                vTaskSuspendAll
 .text.xTaskGetTickCount
                0x08007698        0xc ./Middlewares/Third_Party/FreeRTOS/Source/tasks.o
                0x08007698                xTaskGetTickCount
 .text.xTaskIncrementTick
                0x080076a4      0x12c ./Middlewares/Third_Party/FreeRTOS/Source/tasks.o
                0x080076a4                xTaskIncrementTick
 .text.xTaskResumeAll
                0x080077d0       0xe8 ./Middlewares/Third_Party/FreeRTOS/Source/tasks.o
                0x080077d0                xTaskResumeAll
 .text.vTaskDelay
                0x080078b8       0x48 ./Middlewares/Third_Party/FreeRTOS/Source/tasks.o
                0x080078b8                vTaskDelay
 .text.vTaskSwitchContext
                0x08007900       0xb0 ./Middlewares/Third_Party/FreeRTOS/Source/tasks.o
                0x08007900                vTaskSwitchContext
 .text.vTaskSuspend
                0x080079b0       0xb4 ./Middlewares/Third_Party/FreeRTOS/Source/tasks.o
                0x080079b0                vTaskSuspend
 .text.vTaskPlaceOnEventList
                0x08007a64       0x34 ./Middlewares/Third_Party/FreeRTOS/Source/tasks.o
                0x08007a64                vTaskPlaceOnEventList
 .text.vTaskPlaceOnEventListRestricted
                0x08007a98       0x3c ./Middlewares/Third_Party/FreeRTOS/Source/tasks.o
                0x08007a98                vTaskPlaceOnEventListRestricted
 .text.xTaskRemoveFromEventList
                0x08007ad4       0x80 ./Middlewares/Third_Party/FreeRTOS/Source/tasks.o
                0x08007ad4                xTaskRemoveFromEventList
 .text.vTaskInternalSetTimeOutState
                0x08007b54       0x18 ./Middlewares/Third_Party/FreeRTOS/Source/tasks.o
                0x08007b54                vTaskInternalSetTimeOutState
 .text.xTaskCheckForTimeOut
                0x08007b6c       0x78 ./Middlewares/Third_Party/FreeRTOS/Source/tasks.o
                0x08007b6c                xTaskCheckForTimeOut
 .text.vTaskMissedYield
                0x08007be4        0xc ./Middlewares/Third_Party/FreeRTOS/Source/tasks.o
                0x08007be4                vTaskMissedYield
 .text.xTaskGetSchedulerState
                0x08007bf0       0x20 ./Middlewares/Third_Party/FreeRTOS/Source/tasks.o
                0x08007bf0                xTaskGetSchedulerState
 .text.xTaskPriorityInherit
                0x08007c10       0x80 ./Middlewares/Third_Party/FreeRTOS/Source/tasks.o
                0x08007c10                xTaskPriorityInherit
 .text.xTaskPriorityDisinherit
                0x08007c90       0x8c ./Middlewares/Third_Party/FreeRTOS/Source/tasks.o
                0x08007c90                xTaskPriorityDisinherit
 .text.vTaskPriorityDisinheritAfterTimeout
                0x08007d1c       0xa0 ./Middlewares/Third_Party/FreeRTOS/Source/tasks.o
                0x08007d1c                vTaskPriorityDisinheritAfterTimeout
 .text.pvTaskIncrementMutexHeldCount
                0x08007dbc       0x1c ./Middlewares/Third_Party/FreeRTOS/Source/tasks.o
                0x08007dbc                pvTaskIncrementMutexHeldCount
 .text.xTaskNotifyWait
                0x08007dd8       0x94 ./Middlewares/Third_Party/FreeRTOS/Source/tasks.o
                0x08007dd8                xTaskNotifyWait
 .text.xTaskGenericNotify
                0x08007e6c       0xf0 ./Middlewares/Third_Party/FreeRTOS/Source/tasks.o
                0x08007e6c                xTaskGenericNotify
 .text.xTaskGenericNotifyFromISR
                0x08007f5c      0x120 ./Middlewares/Third_Party/FreeRTOS/Source/tasks.o
                0x08007f5c                xTaskGenericNotifyFromISR
 .text.prvInsertTimerInActiveList
                0x0800807c       0x3c ./Middlewares/Third_Party/FreeRTOS/Source/timers.o
 .text.prvCheckForValidListAndQueue
                0x080080b8       0x68 ./Middlewares/Third_Party/FreeRTOS/Source/timers.o
 .text.xTimerCreateTimerTask
                0x08008120       0x64 ./Middlewares/Third_Party/FreeRTOS/Source/timers.o
                0x08008120                xTimerCreateTimerTask
 .text.xTimerCreate
                0x08008184       0x5a ./Middlewares/Third_Party/FreeRTOS/Source/timers.o
                0x08008184                xTimerCreate
 .text.xTimerCreateStatic
                0x080081de       0x86 ./Middlewares/Third_Party/FreeRTOS/Source/timers.o
                0x080081de                xTimerCreateStatic
 .text.xTimerGenericCommand
                0x08008264       0x58 ./Middlewares/Third_Party/FreeRTOS/Source/timers.o
                0x08008264                xTimerGenericCommand
 .text.prvSampleTimeNow
                0x080082bc       0xa4 ./Middlewares/Third_Party/FreeRTOS/Source/timers.o
 .text.prvTimerTask
                0x08008360      0x1cc ./Middlewares/Third_Party/FreeRTOS/Source/timers.o
 .text.xTimerIsTimerActive
                0x0800852c       0x2c ./Middlewares/Third_Party/FreeRTOS/Source/timers.o
                0x0800852c                xTimerIsTimerActive
 .text.pvTimerGetTimerID
                0x08008558       0x26 ./Middlewares/Third_Party/FreeRTOS/Source/timers.o
                0x08008558                pvTimerGetTimerID
 *fill*         0x0800857e        0x2 
 .text.prvPortStartFirstTask
                0x08008580       0x28 ./Middlewares/Third_Party/FreeRTOS/Source/portable/GCC/ARM_CM4F/port.o
 .text.vPortEnableVFP
                0x080085a8       0x14 ./Middlewares/Third_Party/FreeRTOS/Source/portable/GCC/ARM_CM4F/port.o
 .text.prvTaskExitError
                0x080085bc       0x40 ./Middlewares/Third_Party/FreeRTOS/Source/portable/GCC/ARM_CM4F/port.o
 .text.pxPortInitialiseStack
                0x080085fc       0x2c ./Middlewares/Third_Party/FreeRTOS/Source/portable/GCC/ARM_CM4F/port.o
                0x080085fc                pxPortInitialiseStack
 *fill*         0x08008628        0x8 
 .text.SVC_Handler
                0x08008630       0x24 ./Middlewares/Third_Party/FreeRTOS/Source/portable/GCC/ARM_CM4F/port.o
                0x08008630                SVC_Handler
 .text.vPortEnterCritical
                0x08008654       0x40 ./Middlewares/Third_Party/FreeRTOS/Source/portable/GCC/ARM_CM4F/port.o
                0x08008654                vPortEnterCritical
 .text.vPortExitCritical
                0x08008694       0x28 ./Middlewares/Third_Party/FreeRTOS/Source/portable/GCC/ARM_CM4F/port.o
                0x08008694                vPortExitCritical
 *fill*         0x080086bc        0x4 
 .text.PendSV_Handler
                0x080086c0       0x64 ./Middlewares/Third_Party/FreeRTOS/Source/portable/GCC/ARM_CM4F/port.o
                0x080086c0                PendSV_Handler
 .text.xPortSysTickHandler
                0x08008724       0x2c ./Middlewares/Third_Party/FreeRTOS/Source/portable/GCC/ARM_CM4F/port.o
                0x08008724                xPortSysTickHandler
 .text.vPortSetupTimerInterrupt
                0x08008750       0x24 ./Middlewares/Third_Party/FreeRTOS/Source/portable/GCC/ARM_CM4F/port.o
                0x08008750                vPortSetupTimerInterrupt
 .text.xPortStartScheduler
                0x08008774      0x104 ./Middlewares/Third_Party/FreeRTOS/Source/portable/GCC/ARM_CM4F/port.o
                0x08008774                xPortStartScheduler
 .text.vPortValidateInterruptPriority
                0x08008878       0x5c ./Middlewares/Third_Party/FreeRTOS/Source/portable/GCC/ARM_CM4F/port.o
                0x08008878                vPortValidateInterruptPriority
 .text.prvInsertBlockIntoFreeList
                0x080088d4       0x4c ./Middlewares/Third_Party/FreeRTOS/Source/portable/MemMang/heap_4.o
 .text.pvPortMalloc
                0x08008920      0x130 ./Middlewares/Third_Party/FreeRTOS/Source/portable/MemMang/heap_4.o
                0x08008920                pvPortMalloc
 .text.vPortFree
                0x08008a50       0x7c ./Middlewares/Third_Party/FreeRTOS/Source/portable/MemMang/heap_4.o
                0x08008a50                vPortFree
 .text.memset   0x08008acc       0x10 C:/ST/STM32CubeIDE_1.16.0/STM32CubeIDE/plugins/com.st.stm32cube.ide.mcu.externaltools.gnu-tools-for-stm32.12.3.rel1.win32_1.0.200.202406191623/tools/bin/../lib/gcc/arm-none-eabi/12.3.1/../../../../arm-none-eabi/lib/thumb/v7e-m+fp/hard\libc_nano.a(libc_a-memset.o)
                0x08008acc                memset
 .text._reclaim_reent
                0x08008adc       0xac C:/ST/STM32CubeIDE_1.16.0/STM32CubeIDE/plugins/com.st.stm32cube.ide.mcu.externaltools.gnu-tools-for-stm32.12.3.rel1.win32_1.0.200.202406191623/tools/bin/../lib/gcc/arm-none-eabi/12.3.1/../../../../arm-none-eabi/lib/thumb/v7e-m+fp/hard\libc_nano.a(libc_a-reent.o)
                0x08008adc                _reclaim_reent
 .text.__libc_init_array
                0x08008b88       0x48 C:/ST/STM32CubeIDE_1.16.0/STM32CubeIDE/plugins/com.st.stm32cube.ide.mcu.externaltools.gnu-tools-for-stm32.12.3.rel1.win32_1.0.200.202406191623/tools/bin/../lib/gcc/arm-none-eabi/12.3.1/../../../../arm-none-eabi/lib/thumb/v7e-m+fp/hard\libc_nano.a(libc_a-init.o)
                0x08008b88                __libc_init_array
 .text.__retarget_lock_acquire_recursive
                0x08008bd0        0x2 C:/ST/STM32CubeIDE_1.16.0/STM32CubeIDE/plugins/com.st.stm32cube.ide.mcu.externaltools.gnu-tools-for-stm32.12.3.rel1.win32_1.0.200.202406191623/tools/bin/../lib/gcc/arm-none-eabi/12.3.1/../../../../arm-none-eabi/lib/thumb/v7e-m+fp/hard\libc_nano.a(libc_a-lock.o)
                0x08008bd0                __retarget_lock_acquire_recursive
 .text.__retarget_lock_release_recursive
                0x08008bd2        0x2 C:/ST/STM32CubeIDE_1.16.0/STM32CubeIDE/plugins/com.st.stm32cube.ide.mcu.externaltools.gnu-tools-for-stm32.12.3.rel1.win32_1.0.200.202406191623/tools/bin/../lib/gcc/arm-none-eabi/12.3.1/../../../../arm-none-eabi/lib/thumb/v7e-m+fp/hard\libc_nano.a(libc_a-lock.o)
                0x08008bd2                __retarget_lock_release_recursive
 .text.memcpy   0x08008bd4       0x1c C:/ST/STM32CubeIDE_1.16.0/STM32CubeIDE/plugins/com.st.stm32cube.ide.mcu.externaltools.gnu-tools-for-stm32.12.3.rel1.win32_1.0.200.202406191623/tools/bin/../lib/gcc/arm-none-eabi/12.3.1/../../../../arm-none-eabi/lib/thumb/v7e-m+fp/hard\libc_nano.a(libc_a-memcpy-stub.o)
                0x08008bd4                memcpy
 .text._free_r  0x08008bf0       0x94 C:/ST/STM32CubeIDE_1.16.0/STM32CubeIDE/plugins/com.st.stm32cube.ide.mcu.externaltools.gnu-tools-for-stm32.12.3.rel1.win32_1.0.200.202406191623/tools/bin/../lib/gcc/arm-none-eabi/12.3.1/../../../../arm-none-eabi/lib/thumb/v7e-m+fp/hard\libc_nano.a(libc_a-freer.o)
                0x08008bf0                _free_r
 .text.__malloc_lock
                0x08008c84        0xc C:/ST/STM32CubeIDE_1.16.0/STM32CubeIDE/plugins/com.st.stm32cube.ide.mcu.externaltools.gnu-tools-for-stm32.12.3.rel1.win32_1.0.200.202406191623/tools/bin/../lib/gcc/arm-none-eabi/12.3.1/../../../../arm-none-eabi/lib/thumb/v7e-m+fp/hard\libc_nano.a(libc_a-mlock.o)
                0x08008c84                __malloc_lock
 .text.__malloc_unlock
                0x08008c90        0xc C:/ST/STM32CubeIDE_1.16.0/STM32CubeIDE/plugins/com.st.stm32cube.ide.mcu.externaltools.gnu-tools-for-stm32.12.3.rel1.win32_1.0.200.202406191623/tools/bin/../lib/gcc/arm-none-eabi/12.3.1/../../../../arm-none-eabi/lib/thumb/v7e-m+fp/hard\libc_nano.a(libc_a-mlock.o)
                0x08008c90                __malloc_unlock
 *(.glue_7)
 .glue_7        0x08008c9c        0x0 linker stubs
 *(.glue_7t)
 .glue_7t       0x08008c9c        0x0 linker stubs
 *(.eh_frame)
 .eh_frame      0x08008c9c        0x0 C:/ST/STM32CubeIDE_1.16.0/STM32CubeIDE/plugins/com.st.stm32cube.ide.mcu.externaltools.gnu-tools-for-stm32.12.3.rel1.win32_1.0.200.202406191623/tools/bin/../lib/gcc/arm-none-eabi/12.3.1/thumb/v7e-m+fp/hard/crtbegin.o
 *(.init)
 .init          0x08008c9c        0x4 C:/ST/STM32CubeIDE_1.16.0/STM32CubeIDE/plugins/com.st.stm32cube.ide.mcu.externaltools.gnu-tools-for-stm32.12.3.rel1.win32_1.0.200.202406191623/tools/bin/../lib/gcc/arm-none-eabi/12.3.1/thumb/v7e-m+fp/hard/crti.o
                0x08008c9c                _init
 .init          0x08008ca0        0x8 C:/ST/STM32CubeIDE_1.16.0/STM32CubeIDE/plugins/com.st.stm32cube.ide.mcu.externaltools.gnu-tools-for-stm32.12.3.rel1.win32_1.0.200.202406191623/tools/bin/../lib/gcc/arm-none-eabi/12.3.1/thumb/v7e-m+fp/hard/crtn.o
 *(.fini)
 .fini          0x08008ca8        0x4 C:/ST/STM32CubeIDE_1.16.0/STM32CubeIDE/plugins/com.st.stm32cube.ide.mcu.externaltools.gnu-tools-for-stm32.12.3.rel1.win32_1.0.200.202406191623/tools/bin/../lib/gcc/arm-none-eabi/12.3.1/thumb/v7e-m+fp/hard/crti.o
                0x08008ca8                _fini
 .fini          0x08008cac        0x8 C:/ST/STM32CubeIDE_1.16.0/STM32CubeIDE/plugins/com.st.stm32cube.ide.mcu.externaltools.gnu-tools-for-stm32.12.3.rel1.win32_1.0.200.202406191623/tools/bin/../lib/gcc/arm-none-eabi/12.3.1/thumb/v7e-m+fp/hard/crtn.o
                0x08008cb4                        . = ALIGN (0x4)
                0x08008cb4                        _etext = .

.vfp11_veneer   0x08008cb4        0x0
 .vfp11_veneer  0x08008cb4        0x0 linker stubs

.v4_bx          0x08008cb4        0x0
 .v4_bx         0x08008cb4        0x0 linker stubs

.iplt           0x08008cb4        0x0
 .iplt          0x08008cb4        0x0 C:/ST/STM32CubeIDE_1.16.0/STM32CubeIDE/plugins/com.st.stm32cube.ide.mcu.externaltools.gnu-tools-for-stm32.12.3.rel1.win32_1.0.200.202406191623/tools/bin/../lib/gcc/arm-none-eabi/12.3.1/thumb/v7e-m+fp/hard/crtbegin.o

.rodata         0x08008cb4      0x74c
                0x08008cb4                        . = ALIGN (0x4)
 *(.rodata)
 *(.rodata*)
 .rodata.str1.1
                0x08008cb4      0x40b ./Core/Src/freertos.o
 *fill*         0x080090bf        0x1 
 .rodata.mutex_CAN_2_attributes
                0x080090c0       0x10 ./Core/Src/freertos.o
                0x080090c0                mutex_CAN_2_attributes
 .rodata.mutex_CAN_1_attributes
                0x080090d0       0x10 ./Core/Src/freertos.o
                0x080090d0                mutex_CAN_1_attributes
 .rodata.inverter_torque_command_timer_attributes
                0x080090e0       0x10 ./Core/Src/freertos.o
                0x080090e0                inverter_torque_command_timer_attributes
 .rodata.low_SoC_blue_lights_sequence_all_OFF_timer_attributes
                0x080090f0       0x10 ./Core/Src/freertos.o
                0x080090f0                low_SoC_blue_lights_sequence_all_OFF_timer_attributes
 .rodata.low_SoC_blue_lights_sequence_all_ON_timer_attributes
                0x08009100       0x10 ./Core/Src/freertos.o
                0x08009100                low_SoC_blue_lights_sequence_all_ON_timer_attributes
 .rodata.cooling_pump_PWM_HIGH_timer_attributes
                0x08009110       0x10 ./Core/Src/freertos.o
                0x08009110                cooling_pump_PWM_HIGH_timer_attributes
 .rodata.cooling_pump_PWM_LOW_timer_attributes
                0x08009120       0x10 ./Core/Src/freertos.o
                0x08009120                cooling_pump_PWM_LOW_timer_attributes
 .rodata.brake_pedal_implausibility_fault_timer_attributes
                0x08009130       0x10 ./Core/Src/freertos.o
                0x08009130                brake_pedal_implausibility_fault_timer_attributes
 .rodata.APPS_2_short_circuit_fault_timer_attributes
                0x08009140       0x10 ./Core/Src/freertos.o
                0x08009140                APPS_2_short_circuit_fault_timer_attributes
 .rodata.APPS_2_open_circuit_fault_timer_attributes
                0x08009150       0x10 ./Core/Src/freertos.o
                0x08009150                APPS_2_open_circuit_fault_timer_attributes
 .rodata.APPS_1_short_circuit_fault_timer_attributes
                0x08009160       0x10 ./Core/Src/freertos.o
                0x08009160                APPS_1_short_circuit_fault_timer_attributes
 .rodata.APPS_1_open_circuit_fault_timer_attributes
                0x08009170       0x10 ./Core/Src/freertos.o
                0x08009170                APPS_1_open_circuit_fault_timer_attributes
 .rodata.APPS_implausibility_fault_timer_attributes
                0x08009180       0x10 ./Core/Src/freertos.o
                0x08009180                APPS_implausibility_fault_timer_attributes
 .rodata.BPPS_2_short_circuit_fault_timer_attributes
                0x08009190       0x10 ./Core/Src/freertos.o
                0x08009190                BPPS_2_short_circuit_fault_timer_attributes
 .rodata.BPPS_2_open_circuit_fault_timer_attributes
                0x080091a0       0x10 ./Core/Src/freertos.o
                0x080091a0                BPPS_2_open_circuit_fault_timer_attributes
 .rodata.BPPS_1_short_circuit_fault_timer_attributes
                0x080091b0       0x10 ./Core/Src/freertos.o
                0x080091b0                BPPS_1_short_circuit_fault_timer_attributes
 .rodata.BPPS_1_open_circuit_fault_timer_attributes
                0x080091c0       0x10 ./Core/Src/freertos.o
                0x080091c0                BPPS_1_open_circuit_fault_timer_attributes
 .rodata.calibration_enable_timer_attributes
                0x080091d0       0x10 ./Core/Src/freertos.o
                0x080091d0                calibration_enable_timer_attributes
 .rodata.RTD_buzzer_timer_attributes
                0x080091e0       0x10 ./Core/Src/freertos.o
                0x080091e0                RTD_buzzer_timer_attributes
 .rodata.APPS_CAN_timeout_timer_attributes
                0x080091f0       0x10 ./Core/Src/freertos.o
                0x080091f0                APPS_CAN_timeout_timer_attributes
 .rodata.inverter_torque_command_CAN_transmit_timer_attributes
                0x08009200       0x10 ./Core/Src/freertos.o
                0x08009200                inverter_torque_command_CAN_transmit_timer_attributes
 .rodata.warning_lights_CAN_transmit_timer_attributes
                0x08009210       0x10 ./Core/Src/freertos.o
                0x08009210                warning_lights_CAN_transmit_timer_attributes
 .rodata.AiM_dash_CAN_transmit_2_timer_attributes
                0x08009220       0x10 ./Core/Src/freertos.o
                0x08009220                AiM_dash_CAN_transmit_2_timer_attributes
 .rodata.AiM_dash_CAN_transmit_1_timer_attributes
                0x08009230       0x10 ./Core/Src/freertos.o
                0x08009230                AiM_dash_CAN_transmit_1_timer_attributes
 .rodata.Inverter_Fault_Status_attributes
                0x08009240       0x18 ./Core/Src/freertos.o
                0x08009240                Inverter_Fault_Status_attributes
 .rodata.E_Interface_queue_attributes
                0x08009258       0x18 ./Core/Src/freertos.o
                0x08009258                E_Interface_queue_attributes
 .rodata.BPPS_faults_status_data_Queue_attributes
                0x08009270       0x18 ./Core/Src/freertos.o
                0x08009270                BPPS_faults_status_data_Queue_attributes
 .rodata.warning_lights_secondary_LEDs_control_Queue_attributes
                0x08009288       0x18 ./Core/Src/freertos.o
                0x08009288                warning_lights_secondary_LEDs_control_Queue_attributes
 .rodata.Ethrottle_CAN_calibration_data_Queue_attributes
                0x080092a0       0x18 ./Core/Src/freertos.o
                0x080092a0                Ethrottle_CAN_calibration_data_Queue_attributes
 .rodata.pedals_range_data_Queue_attributes
                0x080092b8       0x18 ./Core/Src/freertos.o
                0x080092b8                pedals_range_data_Queue_attributes
 .rodata.BPPS_data_Queue_attributes
                0x080092d0       0x18 ./Core/Src/freertos.o
                0x080092d0                BPPS_data_Queue_attributes
 .rodata.APPS_data_Queue_attributes
                0x080092e8       0x18 ./Core/Src/freertos.o
                0x080092e8                APPS_data_Queue_attributes
 .rodata.AiM_dash_data_Queue_attributes
                0x08009300       0x18 ./Core/Src/freertos.o
                0x08009300                AiM_dash_data_Queue_attributes
 .rodata.StatusUpdate_attributes
                0x08009318       0x24 ./Core/Src/freertos.o
                0x08009318                StatusUpdate_attributes
 .rodata.StateControlandTorqueCommand_attributes
                0x0800933c       0x24 ./Core/Src/freertos.o
                0x0800933c                StateControlandTorqueCommand_attributes
 .rodata.ReadCAN_attributes
                0x08009360       0x24 ./Core/Src/freertos.o
                0x08009360                ReadCAN_attributes
 .rodata.ADCandBrakesCheck_attributes
                0x08009384       0x24 ./Core/Src/freertos.o
                0x08009384                ADCandBrakesCheck_attributes
 .rodata.ReadyToDrive_attributes
                0x080093a8       0x24 ./Core/Src/freertos.o
                0x080093a8                ReadyToDrive_attributes
 .rodata.APBPrescTable
                0x080093cc        0x8 ./Core/Src/system_stm32f4xx.o
                0x080093cc                APBPrescTable
 .rodata.AHBPrescTable
                0x080093d4       0x10 ./Core/Src/system_stm32f4xx.o
                0x080093d4                AHBPrescTable
 .rodata.flagBitshiftOffset.0
                0x080093e4        0x8 ./Drivers/STM32F4xx_HAL_Driver/Src/stm32f4xx_hal_dma.o
 .rodata.vTaskStartScheduler.str1.1
                0x080093ec        0x5 ./Middlewares/Third_Party/FreeRTOS/Source/tasks.o
 .rodata.prvCheckForValidListAndQueue.str1.1
                0x080093f1        0x5 ./Middlewares/Third_Party/FreeRTOS/Source/timers.o
 .rodata.xTimerCreateTimerTask.str1.1
                0x080093f6        0x8 ./Middlewares/Third_Party/FreeRTOS/Source/timers.o
                0x08009400                        . = ALIGN (0x4)
 *fill*         0x080093fe        0x2 

.ARM.extab      0x08009400        0x0
                0x08009400                        . = ALIGN (0x4)
 *(.ARM.extab* .gnu.linkonce.armextab.*)
                0x08009400                        . = ALIGN (0x4)

.ARM            0x08009400        0x8
                0x08009400                        . = ALIGN (0x4)
                0x08009400                        __exidx_start = .
 *(.ARM.exidx*)
 .ARM.exidx     0x08009400        0x8 C:/ST/STM32CubeIDE_1.16.0/STM32CubeIDE/plugins/com.st.stm32cube.ide.mcu.externaltools.gnu-tools-for-stm32.12.3.rel1.win32_1.0.200.202406191623/tools/bin/../lib/gcc/arm-none-eabi/12.3.1/thumb/v7e-m+fp/hard\libgcc.a(_udivmoddi4.o)
                0x08009408                        __exidx_end = .
                0x08009408                        . = ALIGN (0x4)

.preinit_array  0x08009408        0x0
                0x08009408                        . = ALIGN (0x4)
                0x08009408                        PROVIDE (__preinit_array_start = .)
 *(.preinit_array*)
                0x08009408                        PROVIDE (__preinit_array_end = .)
                0x08009408                        . = ALIGN (0x4)

.init_array     0x08009408        0x4
                0x08009408                        . = ALIGN (0x4)
                0x08009408                        PROVIDE (__init_array_start = .)
 *(SORT_BY_NAME(.init_array.*))
 *(.init_array*)
 .init_array    0x08009408        0x4 C:/ST/STM32CubeIDE_1.16.0/STM32CubeIDE/plugins/com.st.stm32cube.ide.mcu.externaltools.gnu-tools-for-stm32.12.3.rel1.win32_1.0.200.202406191623/tools/bin/../lib/gcc/arm-none-eabi/12.3.1/thumb/v7e-m+fp/hard/crtbegin.o
                0x0800940c                        PROVIDE (__init_array_end = .)
                0x0800940c                        . = ALIGN (0x4)

.fini_array     0x0800940c        0x4
                0x0800940c                        . = ALIGN (0x4)
                [!provide]                        PROVIDE (__fini_array_start = .)
 *(SORT_BY_NAME(.fini_array.*))
 *(.fini_array*)
 .fini_array    0x0800940c        0x4 C:/ST/STM32CubeIDE_1.16.0/STM32CubeIDE/plugins/com.st.stm32cube.ide.mcu.externaltools.gnu-tools-for-stm32.12.3.rel1.win32_1.0.200.202406191623/tools/bin/../lib/gcc/arm-none-eabi/12.3.1/thumb/v7e-m+fp/hard/crtbegin.o
                [!provide]                        PROVIDE (__fini_array_end = .)
                0x08009410                        . = ALIGN (0x4)
                0x08009410                        _sidata = LOADADDR (.data)

.rel.dyn        0x08009410        0x0
 .rel.iplt      0x08009410        0x0 C:/ST/STM32CubeIDE_1.16.0/STM32CubeIDE/plugins/com.st.stm32cube.ide.mcu.externaltools.gnu-tools-for-stm32.12.3.rel1.win32_1.0.200.202406191623/tools/bin/../lib/gcc/arm-none-eabi/12.3.1/thumb/v7e-m+fp/hard/crtbegin.o

.data           0x20000000       0x60 load address 0x08009410
                0x20000000                        . = ALIGN (0x4)
                0x20000000                        _sdata = .
 *(.data)
 *(.data*)
 .data.SystemCoreClock
                0x20000000        0x4 ./Core/Src/system_stm32f4xx.o
                0x20000000                SystemCoreClock
 .data.uwTickFreq
                0x20000004        0x1 ./Drivers/STM32F4xx_HAL_Driver/Src/stm32f4xx_hal.o
                0x20000004                uwTickFreq
 *fill*         0x20000005        0x3 
 .data.uwTickPrio
                0x20000008        0x4 ./Drivers/STM32F4xx_HAL_Driver/Src/stm32f4xx_hal.o
                0x20000008                uwTickPrio
 .data.uxCriticalNesting
                0x2000000c        0x4 ./Middlewares/Third_Party/FreeRTOS/Source/portable/GCC/ARM_CM4F/port.o
 .data._impure_ptr
                0x20000010        0x4 C:/ST/STM32CubeIDE_1.16.0/STM32CubeIDE/plugins/com.st.stm32cube.ide.mcu.externaltools.gnu-tools-for-stm32.12.3.rel1.win32_1.0.200.202406191623/tools/bin/../lib/gcc/arm-none-eabi/12.3.1/../../../../arm-none-eabi/lib/thumb/v7e-m+fp/hard\libc_nano.a(libc_a-impure.o)
                0x20000010                _impure_ptr
 .data._impure_data
                0x20000014       0x4c C:/ST/STM32CubeIDE_1.16.0/STM32CubeIDE/plugins/com.st.stm32cube.ide.mcu.externaltools.gnu-tools-for-stm32.12.3.rel1.win32_1.0.200.202406191623/tools/bin/../lib/gcc/arm-none-eabi/12.3.1/../../../../arm-none-eabi/lib/thumb/v7e-m+fp/hard\libc_nano.a(libc_a-impure.o)
                0x20000014                _impure_data
 *(.RamFunc)
 *(.RamFunc*)
                0x20000060                        . = ALIGN (0x4)
                0x20000060                        _edata = .
                0x08009470                        _siccmram = LOADADDR (.ccmram)

.igot.plt       0x20000060        0x0 load address 0x08009470
 .igot.plt      0x20000060        0x0 C:/ST/STM32CubeIDE_1.16.0/STM32CubeIDE/plugins/com.st.stm32cube.ide.mcu.externaltools.gnu-tools-for-stm32.12.3.rel1.win32_1.0.200.202406191623/tools/bin/../lib/gcc/arm-none-eabi/12.3.1/thumb/v7e-m+fp/hard/crtbegin.o

.ccmram         0x10000000        0x0 load address 0x08009470
                0x10000000                        . = ALIGN (0x4)
                0x10000000                        _sccmram = .
 *(.ccmram)
 *(.ccmram*)
                0x10000000                        . = ALIGN (0x4)
                0x10000000                        _eccmram = .
                0x10000000                        . = ALIGN (0x4)

.bss            0x20000060     0x5130
                0x20000060                        _sbss = .
                0x20000060                        __bss_start__ = _sbss
 *(.bss)
 .bss           0x20000060       0x1c C:/ST/STM32CubeIDE_1.16.0/STM32CubeIDE/plugins/com.st.stm32cube.ide.mcu.externaltools.gnu-tools-for-stm32.12.3.rel1.win32_1.0.200.202406191623/tools/bin/../lib/gcc/arm-none-eabi/12.3.1/thumb/v7e-m+fp/hard/crtbegin.o
 *(.bss*)
 .bss.hdma_adc1
                0x2000007c       0x60 ./Core/Src/adc.o
                0x2000007c                hdma_adc1
 .bss.hadc1     0x200000dc       0x48 ./Core/Src/adc.o
                0x200000dc                hadc1
 .bss.HAL_RCC_CAN1_CLK_ENABLED
                0x20000124        0x4 ./Core/Src/can.o
 .bss.hcan2     0x20000128       0x28 ./Core/Src/can.o
                0x20000128                hcan2
 .bss.hcan1     0x20000150       0x28 ./Core/Src/can.o
                0x20000150                hcan1
 .bss.mutex_CAN_2Handle
                0x20000178        0x4 ./Core/Src/freertos.o
                0x20000178                mutex_CAN_2Handle
 .bss.mutex_CAN_1Handle
                0x2000017c        0x4 ./Core/Src/freertos.o
                0x2000017c                mutex_CAN_1Handle
 .bss.inverter_torque_command_timerHandle
                0x20000180        0x4 ./Core/Src/freertos.o
                0x20000180                inverter_torque_command_timerHandle
 .bss.low_SoC_blue_lights_sequence_all_OFF_timerHandle
                0x20000184        0x4 ./Core/Src/freertos.o
                0x20000184                low_SoC_blue_lights_sequence_all_OFF_timerHandle
 .bss.low_SoC_blue_lights_sequence_all_ON_timerHandle
                0x20000188        0x4 ./Core/Src/freertos.o
                0x20000188                low_SoC_blue_lights_sequence_all_ON_timerHandle
 .bss.cooling_pump_PWM_HIGH_timerHandle
                0x2000018c        0x4 ./Core/Src/freertos.o
                0x2000018c                cooling_pump_PWM_HIGH_timerHandle
 .bss.cooling_pump_PWM_LOW_timerHandle
                0x20000190        0x4 ./Core/Src/freertos.o
                0x20000190                cooling_pump_PWM_LOW_timerHandle
 .bss.brake_pedal_implausibility_fault_timerHandle
                0x20000194        0x4 ./Core/Src/freertos.o
                0x20000194                brake_pedal_implausibility_fault_timerHandle
 .bss.APPS_2_short_circuit_fault_timerHandle
                0x20000198        0x4 ./Core/Src/freertos.o
                0x20000198                APPS_2_short_circuit_fault_timerHandle
 .bss.APPS_2_open_circuit_fault_timerHandle
                0x2000019c        0x4 ./Core/Src/freertos.o
                0x2000019c                APPS_2_open_circuit_fault_timerHandle
 .bss.APPS_1_short_circuit_fault_timerHandle
                0x200001a0        0x4 ./Core/Src/freertos.o
                0x200001a0                APPS_1_short_circuit_fault_timerHandle
 .bss.APPS_1_open_circuit_fault_timerHandle
                0x200001a4        0x4 ./Core/Src/freertos.o
                0x200001a4                APPS_1_open_circuit_fault_timerHandle
 .bss.APPS_implausibility_fault_timerHandle
                0x200001a8        0x4 ./Core/Src/freertos.o
                0x200001a8                APPS_implausibility_fault_timerHandle
 .bss.BPPS_2_short_circuit_fault_timerHandle
                0x200001ac        0x4 ./Core/Src/freertos.o
                0x200001ac                BPPS_2_short_circuit_fault_timerHandle
 .bss.BPPS_2_open_circuit_fault_timerHandle
                0x200001b0        0x4 ./Core/Src/freertos.o
                0x200001b0                BPPS_2_open_circuit_fault_timerHandle
 .bss.BPPS_1_short_circuit_fault_timerHandle
                0x200001b4        0x4 ./Core/Src/freertos.o
                0x200001b4                BPPS_1_short_circuit_fault_timerHandle
 .bss.BPPS_1_open_circuit_fault_timerHandle
                0x200001b8        0x4 ./Core/Src/freertos.o
                0x200001b8                BPPS_1_open_circuit_fault_timerHandle
 .bss.calibration_enable_timerHandle
                0x200001bc        0x4 ./Core/Src/freertos.o
                0x200001bc                calibration_enable_timerHandle
 .bss.RTD_buzzer_timerHandle
                0x200001c0        0x4 ./Core/Src/freertos.o
                0x200001c0                RTD_buzzer_timerHandle
 .bss.APPS_CAN_timeout_timerHandle
                0x200001c4        0x4 ./Core/Src/freertos.o
                0x200001c4                APPS_CAN_timeout_timerHandle
 .bss.inverter_torque_command_CAN_transmit_timerHandle
                0x200001c8        0x4 ./Core/Src/freertos.o
                0x200001c8                inverter_torque_command_CAN_transmit_timerHandle
 .bss.warning_lights_CAN_transmit_timerHandle
                0x200001cc        0x4 ./Core/Src/freertos.o
                0x200001cc                warning_lights_CAN_transmit_timerHandle
 .bss.AiM_dash_CAN_transmit_2_timerHandle
                0x200001d0        0x4 ./Core/Src/freertos.o
                0x200001d0                AiM_dash_CAN_transmit_2_timerHandle
 .bss.AiM_dash_CAN_transmit_1_timerHandle
                0x200001d4        0x4 ./Core/Src/freertos.o
                0x200001d4                AiM_dash_CAN_transmit_1_timerHandle
 .bss.Inverter_Fault_StatusHandle
                0x200001d8        0x4 ./Core/Src/freertos.o
                0x200001d8                Inverter_Fault_StatusHandle
 .bss.E_Interface_queueHandle
                0x200001dc        0x4 ./Core/Src/freertos.o
                0x200001dc                E_Interface_queueHandle
 .bss.BPPS_faults_status_data_QueueHandle
                0x200001e0        0x4 ./Core/Src/freertos.o
                0x200001e0                BPPS_faults_status_data_QueueHandle
 .bss.warning_lights_secondary_LEDs_control_QueueHandle
                0x200001e4        0x4 ./Core/Src/freertos.o
                0x200001e4                warning_lights_secondary_LEDs_control_QueueHandle
 .bss.Ethrottle_CAN_calibration_data_QueueHandle
                0x200001e8        0x4 ./Core/Src/freertos.o
                0x200001e8                Ethrottle_CAN_calibration_data_QueueHandle
 .bss.pedals_range_data_QueueHandle
                0x200001ec        0x4 ./Core/Src/freertos.o
                0x200001ec                pedals_range_data_QueueHandle
 .bss.BPPS_data_QueueHandle
                0x200001f0        0x4 ./Core/Src/freertos.o
                0x200001f0                BPPS_data_QueueHandle
 .bss.APPS_data_QueueHandle
                0x200001f4        0x4 ./Core/Src/freertos.o
                0x200001f4                APPS_data_QueueHandle
 .bss.AiM_dash_data_QueueHandle
                0x200001f8        0x4 ./Core/Src/freertos.o
                0x200001f8                AiM_dash_data_QueueHandle
 .bss.StatusUpdateHandle
                0x200001fc        0x4 ./Core/Src/freertos.o
                0x200001fc                StatusUpdateHandle
 .bss.StateControlandTorqueCommandHandle
                0x20000200        0x4 ./Core/Src/freertos.o
                0x20000200                StateControlandTorqueCommandHandle
 .bss.ReadCANHandle
                0x20000204        0x4 ./Core/Src/freertos.o
                0x20000204                ReadCANHandle
 .bss.ADCandBrakesCheckHandle
                0x20000208        0x4 ./Core/Src/freertos.o
                0x20000208                ADCandBrakesCheckHandle
 .bss.ReadyToDriveHandle
                0x2000020c        0x4 ./Core/Src/freertos.o
                0x2000020c                ReadyToDriveHandle
 .bss.raw_ADC_values
                0x20000210        0xa ./Core/Src/main.o
                0x20000210                raw_ADC_values
 *fill*         0x2000021a        0x2 
 .bss.TxMailbox_CAN2
                0x2000021c        0x4 ./Core/Src/main.o
                0x2000021c                TxMailbox_CAN2
 .bss.TxMailbox
                0x20000220        0x4 ./Core/Src/main.o
                0x20000220                TxMailbox
 .bss.p_E_Interface_data
                0x20000224        0x4 ./Core/Src/main.o
                0x20000224                p_E_Interface_data
 .bss.p_E_Interface_data_main
                0x20000228        0xc ./Core/Src/main.o
                0x20000228                p_E_Interface_data_main
 .bss.p_APPS_faults_data
                0x20000234        0x4 ./Core/Src/main.o
                0x20000234                p_APPS_faults_data
 .bss.p_APPS_faults_data_main
                0x20000238        0x5 ./Core/Src/main.o
                0x20000238                p_APPS_faults_data_main
 *fill*         0x2000023d        0x3 
 .bss.p_BPPS_faults_data
                0x20000240        0x4 ./Core/Src/main.o
                0x20000240                p_BPPS_faults_data
 .bss.p_BPPS_faults_data_main
                0x20000244        0x5 ./Core/Src/main.o
                0x20000244                p_BPPS_faults_data_main
 *fill*         0x20000249        0x3 
 .bss.p_CAN_data
                0x2000024c        0x4 ./Core/Src/main.o
                0x2000024c                p_CAN_data
 .bss.p_CAN_data_main
                0x20000250        0x6 ./Core/Src/main.o
                0x20000250                p_CAN_data_main
 *fill*         0x20000256        0x2 
 .bss.p_vehicle_state_data
                0x20000258        0x4 ./Core/Src/main.o
                0x20000258                p_vehicle_state_data
 .bss.p_vehicle_state_data_main
                0x2000025c       0x4c ./Core/Src/main.o
                0x2000025c                p_vehicle_state_data_main
 .bss.p_system_state_data
                0x200002a8        0x4 ./Core/Src/main.o
                0x200002a8                p_system_state_data
 .bss.p_system_state_data_main
                0x200002ac        0x4 ./Core/Src/main.o
                0x200002ac                p_system_state_data_main
 .bss.hspi2     0x200002b0       0x58 ./Core/Src/spi.o
                0x200002b0                hspi2
 .bss.CAN_2_transmission_pending_status
                0x20000308        0x4 ./Core/Src/status_and_commands.o
                0x20000308                CAN_2_transmission_pending_status
 .bss.number_of_free_CAN_2_Tx_mailboxes
                0x2000030c        0x4 ./Core/Src/status_and_commands.o
                0x2000030c                number_of_free_CAN_2_Tx_mailboxes
 .bss.CAN_1_transmission_pending_status
                0x20000310        0x4 ./Core/Src/status_and_commands.o
                0x20000310                CAN_1_transmission_pending_status
 .bss.number_of_free_CAN_1_Tx_mailboxes
                0x20000314        0x4 ./Core/Src/status_and_commands.o
                0x20000314                number_of_free_CAN_1_Tx_mailboxes
 .bss.CAN_2_disabled
                0x20000318        0x1 ./Core/Src/status_and_commands.o
                0x20000318                CAN_2_disabled
 .bss.CAN_1_disabled
                0x20000319        0x1 ./Core/Src/status_and_commands.o
                0x20000319                CAN_1_disabled
 *fill*         0x2000031a        0x2 
 .bss.CAN_2_transmission_error_counter
                0x2000031c        0x4 ./Core/Src/status_and_commands.o
                0x2000031c                CAN_2_transmission_error_counter
 .bss.CAN_1_transmission_error_counter
                0x20000320        0x4 ./Core/Src/status_and_commands.o
                0x20000320                CAN_1_transmission_error_counter
 .bss.htim6     0x20000324       0x48 ./Core/Src/stm32f4xx_hal_timebase_tim.o
                0x20000324                htim6
 .bss.htim3     0x2000036c       0x48 ./Core/Src/tim.o
                0x2000036c                htim3
 .bss.htim2     0x200003b4       0x48 ./Core/Src/tim.o
                0x200003b4                htim2
 .bss.htim1     0x200003fc       0x48 ./Core/Src/tim.o
                0x200003fc                htim1
 .bss.husart1   0x20000444       0x44 ./Core/Src/usart.o
                0x20000444                husart1
 .bss.uwTick    0x20000488        0x4 ./Drivers/STM32F4xx_HAL_Driver/Src/stm32f4xx_hal.o
                0x20000488                uwTick
 .bss.Timer_Stack.0
                0x2000048c      0x400 ./Middlewares/Third_Party/FreeRTOS/Source/CMSIS_RTOS_V2/cmsis_os2.o
 .bss.Timer_TCB.1
                0x2000088c      0x198 ./Middlewares/Third_Party/FreeRTOS/Source/CMSIS_RTOS_V2/cmsis_os2.o
 .bss.Idle_Stack.2
                0x20000a24      0x200 ./Middlewares/Third_Party/FreeRTOS/Source/CMSIS_RTOS_V2/cmsis_os2.o
 .bss.Idle_TCB.3
                0x20000c24      0x198 ./Middlewares/Third_Party/FreeRTOS/Source/CMSIS_RTOS_V2/cmsis_os2.o
 .bss.KernelState
                0x20000dbc        0x4 ./Middlewares/Third_Party/FreeRTOS/Source/CMSIS_RTOS_V2/cmsis_os2.o
 .bss.xQueueRegistry
                0x20000dc0       0x40 ./Middlewares/Third_Party/FreeRTOS/Source/queue.o
                0x20000dc0                xQueueRegistry
 .bss.uxSchedulerSuspended
                0x20000e00        0x4 ./Middlewares/Third_Party/FreeRTOS/Source/tasks.o
 .bss.xNextTaskUnblockTime
                0x20000e04        0x4 ./Middlewares/Third_Party/FreeRTOS/Source/tasks.o
 .bss.uxTaskNumber
                0x20000e08        0x4 ./Middlewares/Third_Party/FreeRTOS/Source/tasks.o
 .bss.xNumOfOverflows
                0x20000e0c        0x4 ./Middlewares/Third_Party/FreeRTOS/Source/tasks.o
 .bss.xYieldPending
                0x20000e10        0x4 ./Middlewares/Third_Party/FreeRTOS/Source/tasks.o
 .bss.xPendedTicks
                0x20000e14        0x4 ./Middlewares/Third_Party/FreeRTOS/Source/tasks.o
 .bss.xSchedulerRunning
                0x20000e18        0x4 ./Middlewares/Third_Party/FreeRTOS/Source/tasks.o
 .bss.uxTopReadyPriority
                0x20000e1c        0x4 ./Middlewares/Third_Party/FreeRTOS/Source/tasks.o
 .bss.xTickCount
                0x20000e20        0x4 ./Middlewares/Third_Party/FreeRTOS/Source/tasks.o
 .bss.uxCurrentNumberOfTasks
                0x20000e24        0x4 ./Middlewares/Third_Party/FreeRTOS/Source/tasks.o
 .bss.xSuspendedTaskList
                0x20000e28       0x14 ./Middlewares/Third_Party/FreeRTOS/Source/tasks.o
 .bss.uxDeletedTasksWaitingCleanUp
                0x20000e3c        0x4 ./Middlewares/Third_Party/FreeRTOS/Source/tasks.o
 .bss.xTasksWaitingTermination
                0x20000e40       0x14 ./Middlewares/Third_Party/FreeRTOS/Source/tasks.o
 .bss.xPendingReadyList
                0x20000e54       0x14 ./Middlewares/Third_Party/FreeRTOS/Source/tasks.o
 .bss.pxOverflowDelayedTaskList
                0x20000e68        0x4 ./Middlewares/Third_Party/FreeRTOS/Source/tasks.o
 .bss.pxDelayedTaskList
                0x20000e6c        0x4 ./Middlewares/Third_Party/FreeRTOS/Source/tasks.o
 .bss.xDelayedTaskList2
                0x20000e70       0x14 ./Middlewares/Third_Party/FreeRTOS/Source/tasks.o
 .bss.xDelayedTaskList1
                0x20000e84       0x14 ./Middlewares/Third_Party/FreeRTOS/Source/tasks.o
 .bss.pxReadyTasksLists
                0x20000e98      0x460 ./Middlewares/Third_Party/FreeRTOS/Source/tasks.o
 .bss.pxCurrentTCB
                0x200012f8        0x4 ./Middlewares/Third_Party/FreeRTOS/Source/tasks.o
                0x200012f8                pxCurrentTCB
 .bss.xStaticTimerQueue.0
                0x200012fc       0x50 ./Middlewares/Third_Party/FreeRTOS/Source/timers.o
 .bss.ucStaticTimerQueueStorage.1
                0x2000134c       0xa0 ./Middlewares/Third_Party/FreeRTOS/Source/timers.o
 .bss.xLastTime.2
                0x200013ec        0x4 ./Middlewares/Third_Party/FreeRTOS/Source/timers.o
 .bss.xTimerTaskHandle
                0x200013f0        0x4 ./Middlewares/Third_Party/FreeRTOS/Source/timers.o
 .bss.xTimerQueue
                0x200013f4        0x4 ./Middlewares/Third_Party/FreeRTOS/Source/timers.o
 .bss.pxOverflowTimerList